This is pdfTeX, Version 3.141592653-2.6-1.40.29 (TeX Live 2026/Arch Linux) (preloaded format=pdflatex 2026.9.8)  9 SEP 2026 15:27
entering extended mode
 restricted \write18 enabled.
 %&-line parsing enabled.
**main.tex
(./main.tex
LaTeX2e <2025-11-01>
L3 programming layer <2026-01-19>
(/usr/share/texmf-dist/tex/latex/base/article.cls
Document Class: article 2025/01/22 v1.4n Standard LaTeX document class
(/usr/share/texmf-dist/tex/latex/base/size11.clo
File: size11.clo 2025/01/22 v1.4n Standard LaTeX file (size option)
)
\c@part=\count275
\c@section=\count276
\c@subsection=\count277
\c@subsubsection=\count278
\c@paragraph=\count279
\c@subparagraph=\count280
\c@figure=\count281
\c@table=\count282
\abovecaptionskip=\skip49
\belowcaptionskip=\skip50
\bibindent=\dimen148
)
(/usr/share/texmf-dist/tex/latex/base/inputenc.sty
Package: inputenc 2024/02/08 v1.3d Input encoding file
\inpenc@prehook=\toks17
\inpenc@posthook=\toks18
)
(/usr/share/texmf-dist/tex/latex/base/fontenc.sty
Package: fontenc 2025/07/18 v2.1d Standard LaTeX package
)
(/usr/share/texmf-dist/tex/generic/babel/babel.sty
Package: babel 2026/02/14 v26.3 The multilingual framework for LuaLaTeX, pdfLaT
eX and XeLaTeX
\babel@savecnt=\count283
LaTeX Encoding Info:    Redeclaring text command \ij (encoding OT1) on input li
ne 2078.
LaTeX Encoding Info:    Redeclaring text command \IJ (encoding OT1) on input li
ne 2080.
LaTeX Encoding Info:    Redeclaring text command \ij (encoding T1) on input lin
e 2082.
LaTeX Encoding Info:    Redeclaring text command \IJ (encoding T1) on input lin
e 2083.
LaTeX Encoding Info:    Ignoring declaration for text command \ij (encoding ?) 
on input line 2084.
LaTeX Encoding Info:    Ignoring declaration for text command \IJ (encoding ?) 
on input line 2086.
LaTeX Encoding Info:    Ignoring declaration for text command \SS (encoding ?) 
on input line 2111.
\U@D=\dimen149
\l@unhyphenated=\language8

(/usr/share/texmf-dist/tex/generic/babel/txtbabel.def)
\bbl@readstream=\read2
\bbl@dirlevel=\count284

(/usr/share/texmf-dist/tex/generic/babel/locale/invalid/babel-ngerman.tex)
Package babel Info: Importing font and identification data for ngerman
(babel)             from babel-de.ini. Reported on input line 4330.

(/usr/share/texmf-dist/tex/generic/babel-german/ngerman.ldf
Language: ngerman 

(/usr/share/texmf-dist/tex/generic/babel-german/babel-german.def
Package babel Info: Making " an active character on input line 470.
)))
(/usr/share/texmf-dist/tex/latex/csquotes/csquotes.sty
Package: csquotes 2024-04-04 v5.2o context-sensitive quotations (JAW)

(/usr/share/texmf-dist/tex/latex/etoolbox/etoolbox.sty
Package: etoolbox 2025/10/02 v2.5m e-TeX tools for LaTeX (JAW)
\etb@tempcnta=\count285
)
(/usr/share/texmf-dist/tex/latex/graphics/keyval.sty
Package: keyval 2022/05/29 v1.15 key=value parser (DPC)
\KV@toks@=\toks19
)
\csq@reset=\count286
\csq@gtype=\count287
\csq@glevel=\count288
\csq@qlevel=\count289
\csq@maxlvl=\count290
\csq@tshold=\count291
\csq@ltx@everypar=\toks20

(/usr/share/texmf-dist/tex/latex/csquotes/csquotes.def
File: csquotes.def 2024-04-04 v5.2o csquotes generic definitions (JAW)
)
Package csquotes Info: Trying to load configuration file 'csquotes.cfg'...
Package csquotes Info: ... configuration file loaded successfully.

(/usr/share/texmf-dist/tex/latex/csquotes/csquotes.cfg
File: csquotes.cfg 
))
(/usr/share/texmf-dist/tex/latex/amsmath/amsmath.sty
Package: amsmath 2025/07/09 v2.17z AMS math features
\@mathmargin=\skip51

For additional information on amsmath, use the `?' option.
(/usr/share/texmf-dist/tex/latex/amsmath/amstext.sty
Package: amstext 2024/11/17 v2.01 AMS text

(/usr/share/texmf-dist/tex/latex/amsmath/amsgen.sty
File: amsgen.sty 1999/11/30 v2.0 generic functions
\@emptytoks=\toks21
\ex@=\dimen150
))
(/usr/share/texmf-dist/tex/latex/amsmath/amsbsy.sty
Package: amsbsy 1999/11/29 v1.2d Bold Symbols
\pmbraise@=\dimen151
)
(/usr/share/texmf-dist/tex/latex/amsmath/amsopn.sty
Package: amsopn 2022/04/08 v2.04 operator names
)
\inf@bad=\count292
LaTeX Info: Redefining \frac on input line 233.
\uproot@=\count293
\leftroot@=\count294
LaTeX Info: Redefining \overline on input line 398.
LaTeX Info: Redefining \colon on input line 409.
\classnum@=\count295
\DOTSCASE@=\count296
LaTeX Info: Redefining \ldots on input line 495.
LaTeX Info: Redefining \dots on input line 498.
LaTeX Info: Redefining \cdots on input line 619.
\Mathstrutbox@=\box53
\strutbox@=\box54
LaTeX Info: Redefining \big on input line 721.
LaTeX Info: Redefining \Big on input line 722.
LaTeX Info: Redefining \bigg on input line 723.
LaTeX Info: Redefining \Bigg on input line 724.
\big@size=\dimen152
LaTeX Font Info:    Redeclaring font encoding OML on input line 742.
LaTeX Font Info:    Redeclaring font encoding OMS on input line 743.
\macc@depth=\count297
LaTeX Info: Redefining \bmod on input line 904.
LaTeX Info: Redefining \pmod on input line 909.
LaTeX Info: Redefining \smash on input line 939.
LaTeX Info: Redefining \relbar on input line 969.
LaTeX Info: Redefining \Relbar on input line 970.
\c@MaxMatrixCols=\count298
\dotsspace@=\muskip17
\c@parentequation=\count299
\dspbrk@lvl=\count300
\tag@help=\toks22
\row@=\count301
\column@=\count302
\maxfields@=\count303
\andhelp@=\toks23
\eqnshift@=\dimen153
\alignsep@=\dimen154
\tagshift@=\dimen155
\tagwidth@=\dimen156
\totwidth@=\dimen157
\lineht@=\dimen158
\@envbody=\toks24
\multlinegap=\skip52
\multlinetaggap=\skip53
\mathdisplay@stack=\toks25
LaTeX Info: Redefining \[ on input line 2950.
LaTeX Info: Redefining \] on input line 2951.
)
(/usr/share/texmf-dist/tex/latex/amsfonts/amssymb.sty
Package: amssymb 2013/01/14 v3.01 AMS font symbols

(/usr/share/texmf-dist/tex/latex/amsfonts/amsfonts.sty
Package: amsfonts 2013/01/14 v3.01 Basic AMSFonts support
\symAMSa=\mathgroup4
\symAMSb=\mathgroup5
LaTeX Font Info:    Redeclaring math symbol \hbar on input line 98.
LaTeX Font Info:    Overwriting math alphabet `\mathfrak' in version `bold'
(Font)                  U/euf/m/n --> U/euf/b/n on input line 106.
))
(/usr/share/texmf-dist/tex/latex/graphics/graphicx.sty
Package: graphicx 2024/12/31 v1.2e Enhanced LaTeX Graphics (DPC,SPQR)

(/usr/share/texmf-dist/tex/latex/graphics/graphics.sty
Package: graphics 2024/08/06 v1.4g Standard LaTeX Graphics (DPC,SPQR)

(/usr/share/texmf-dist/tex/latex/graphics/trig.sty
Package: trig 2023/12/02 v1.11 sin cos tan (DPC)
)
(/usr/share/texmf-dist/tex/latex/graphics-cfg/graphics.cfg
File: graphics.cfg 2016/06/04 v1.11 sample graphics configuration
)
Package graphics Info: Driver file: pdftex.def on input line 106.

(/usr/share/texmf-dist/tex/latex/graphics-def/pdftex.def
File: pdftex.def 2025/09/29 v1.2d Graphics/color driver for pdftex
))
\Gin@req@height=\dimen159
\Gin@req@width=\dimen160
)
(/usr/share/texmf-dist/tex/latex/booktabs/booktabs.sty
Package: booktabs 2020/01/12 v1.61803398 Publication quality tables
\heavyrulewidth=\dimen161
\lightrulewidth=\dimen162
\cmidrulewidth=\dimen163
\belowrulesep=\dimen164
\belowbottomsep=\dimen165
\aboverulesep=\dimen166
\abovetopsep=\dimen167
\cmidrulesep=\dimen168
\cmidrulekern=\dimen169
\defaultaddspace=\dimen170
\@cmidla=\count304
\@cmidlb=\count305
\@aboverulesep=\dimen171
\@belowrulesep=\dimen172
\@thisruleclass=\count306
\@lastruleclass=\count307
\@thisrulewidth=\dimen173
)
(/usr/share/texmf-dist/tex/latex/hyperref/hyperref.sty
Package: hyperref 2026-01-29 v7.01p Hypertext links for LaTeX

(/usr/share/texmf-dist/tex/generic/iftex/iftex.sty
Package: iftex 2024/12/12 v1.0g TeX engine tests
)
(/usr/share/texmf-dist/tex/latex/kvsetkeys/kvsetkeys.sty
Package: kvsetkeys 2022-10-05 v1.19 Key value parser (HO)
)
(/usr/share/texmf-dist/tex/generic/kvdefinekeys/kvdefinekeys.sty
Package: kvdefinekeys 2019-12-19 v1.6 Define keys (HO)
)
(/usr/share/texmf-dist/tex/generic/pdfescape/pdfescape.sty
Package: pdfescape 2019/12/09 v1.15 Implements pdfTeX's escape features (HO)

(/usr/share/texmf-dist/tex/generic/ltxcmds/ltxcmds.sty
Package: ltxcmds 2023-12-04 v1.26 LaTeX kernel commands for general use (HO)
)
(/usr/share/texmf-dist/tex/generic/pdftexcmds/pdftexcmds.sty
Package: pdftexcmds 2020-06-27 v0.33 Utility functions of pdfTeX for LuaTeX (HO
)

(/usr/share/texmf-dist/tex/generic/infwarerr/infwarerr.sty
Package: infwarerr 2019/12/03 v1.5 Providing info/warning/error messages (HO)
)
Package pdftexcmds Info: \pdf@primitive is available.
Package pdftexcmds Info: \pdf@ifprimitive is available.
Package pdftexcmds Info: \pdfdraftmode found.
))
(/usr/share/texmf-dist/tex/latex/hycolor/hycolor.sty
Package: hycolor 2020-01-27 v1.10 Color options for hyperref/bookmark (HO)
)
(/usr/share/texmf-dist/tex/latex/hyperref/nameref.sty
Package: nameref 2026-01-29 v2.58 Cross-referencing by name of section

(/usr/share/texmf-dist/tex/latex/refcount/refcount.sty
Package: refcount 2019/12/15 v3.6 Data extraction from label references (HO)
)
(/usr/share/texmf-dist/tex/generic/gettitlestring/gettitlestring.sty
Package: gettitlestring 2019/12/15 v1.6 Cleanup title references (HO)

(/usr/share/texmf-dist/tex/latex/kvoptions/kvoptions.sty
Package: kvoptions 2022-06-15 v3.15 Key value format for package options (HO)
))
\c@section@level=\count308
)
(/usr/share/texmf-dist/tex/generic/stringenc/stringenc.sty
Package: stringenc 2019/11/29 v1.12 Convert strings between diff. encodings (HO
)
)
\@linkdim=\dimen174
\Hy@linkcounter=\count309
\Hy@pagecounter=\count310

(/usr/share/texmf-dist/tex/latex/hyperref/pd1enc.def
File: pd1enc.def 2026-01-29 v7.01p Hyperref: PDFDocEncoding definition (HO)
Now handling font encoding PD1 ...
... no UTF-8 mapping file for font encoding PD1
)
(/usr/share/texmf-dist/tex/generic/intcalc/intcalc.sty
Package: intcalc 2019/12/15 v1.3 Expandable calculations with integers (HO)
)
\Hy@SavedSpaceFactor=\count311

(/usr/share/texmf-dist/tex/latex/hyperref/puenc.def
File: puenc.def 2026-01-29 v7.01p Hyperref: PDF Unicode definition (HO)
Now handling font encoding PU ...
... no UTF-8 mapping file for font encoding PU
)
Package hyperref Info: Hyper figures OFF on input line 4201.
Package hyperref Info: Link nesting OFF on input line 4206.
Package hyperref Info: Hyper index ON on input line 4209.
Package hyperref Info: Plain pages OFF on input line 4216.
Package hyperref Info: Backreferencing OFF on input line 4221.
Package hyperref Info: Implicit mode ON; LaTeX internals redefined.
Package hyperref Info: Bookmarks ON on input line 4468.
\c@Hy@tempcnt=\count312

(/usr/share/texmf-dist/tex/latex/url/url.sty
\Urlmuskip=\muskip18
Package: url 2013/09/16  ver 3.4  Verb mode for urls, etc.
)
LaTeX Info: Redefining \url on input line 4807.
\XeTeXLinkMargin=\dimen175

(/usr/share/texmf-dist/tex/generic/bitset/bitset.sty
Package: bitset 2019/12/09 v1.3 Handle bit-vector datatype (HO)

(/usr/share/texmf-dist/tex/generic/bigintcalc/bigintcalc.sty
Package: bigintcalc 2019/12/15 v1.5 Expandable calculations on big integers (HO
)
))
\Fld@menulength=\count313
\Field@Width=\dimen176
\Fld@charsize=\dimen177
Package hyperref Info: Hyper figures OFF on input line 6084.
Package hyperref Info: Link nesting OFF on input line 6089.
Package hyperref Info: Hyper index ON on input line 6092.
Package hyperref Info: backreferencing OFF on input line 6099.
Package hyperref Info: Link coloring OFF on input line 6104.
Package hyperref Info: Link coloring with OCG OFF on input line 6109.
Package hyperref Info: PDF/A mode OFF on input line 6114.
\Hy@abspage=\count314
\c@Item=\count315
\c@Hfootnote=\count316
)
Package hyperref Info: Driver (autodetected): hpdftex.

(/usr/share/texmf-dist/tex/latex/hyperref/hpdftex.def
File: hpdftex.def 2026-01-29 v7.01p Hyperref driver for pdfTeX
\Fld@listcount=\count317
\c@bookmark@seq@number=\count318

(/usr/share/texmf-dist/tex/latex/rerunfilecheck/rerunfilecheck.sty
Package: rerunfilecheck 2025-06-21 v1.11 Rerun checks for auxiliary files (HO)

(/usr/share/texmf-dist/tex/generic/uniquecounter/uniquecounter.sty
Package: uniquecounter 2019/12/15 v1.4 Provide unlimited unique counter (HO)
)
Package uniquecounter Info: New unique counter `rerunfilecheck' on input line 2
84.
)
\Hy@SectionHShift=\skip54
)
(/usr/share/texmf-dist/tex/latex/caption/subcaption.sty
Package: subcaption 2023/07/28 v1.6b Sub-captions (AR)

(/usr/share/texmf-dist/tex/latex/caption/caption.sty
Package: caption 2023/08/05 v3.6o Customizing captions (AR)

(/usr/share/texmf-dist/tex/latex/caption/caption3.sty
Package: caption3 2023/07/31 v2.4d caption3 kernel (AR)
\caption@tempdima=\dimen178
\captionmargin=\dimen179
\caption@leftmargin=\dimen180
\caption@rightmargin=\dimen181
\caption@width=\dimen182
\caption@indent=\dimen183
\caption@parindent=\dimen184
\caption@hangindent=\dimen185
Package caption Info: Standard document class detected.
)
\c@caption@flags=\count319
\c@continuedfloat=\count320
Package caption Info: hyperref package is loaded.
)
Package caption Info: New subtype `subfigure' on input line 238.
\c@subfigure=\count321
Package caption Info: New subtype `subtable' on input line 238.
\c@subtable=\count322
)
(/usr/share/texmf-dist/tex/latex/siunitx/siunitx.sty
Package: siunitx 2025-07-09 v3.4.14 A comprehensive (SI) units package
\l__siunitx_number_uncert_offset_int=\count323
\l__siunitx_number_exponent_fixed_int=\count324
\l__siunitx_number_min_decimal_int=\count325
\l__siunitx_number_min_integer_int=\count326
\l__siunitx_number_round_precision_int=\count327
\l__siunitx_number_lower_threshold_int=\count328
\l__siunitx_number_upper_threshold_int=\count329
\l__siunitx_number_group_first_int=\count330
\l__siunitx_number_group_size_int=\count331
\l__siunitx_number_group_minimum_int=\count332
\l__siunitx_angle_tmp_dim=\dimen186
\l__siunitx_angle_marker_box=\box55
\l__siunitx_angle_unit_box=\box56
\l__siunitx_compound_count_int=\count333

(/usr/share/texmf-dist/tex/latex/translations/translations.sty
Package: translations 2022/02/05 v1.12 internationalization of LaTeX2e packages
 (CN)
)
\l__siunitx_table_tmp_box=\box57
\l__siunitx_table_tmp_dim=\dimen187
\l__siunitx_table_column_width_dim=\dimen188
\l__siunitx_table_integer_box=\box58
\l__siunitx_table_decimal_box=\box59
\l__siunitx_table_uncert_box=\box60
\l__siunitx_table_before_box=\box61
\l__siunitx_table_after_box=\box62
\l__siunitx_table_before_dim=\dimen189
\l__siunitx_table_carry_dim=\dimen190
\l__siunitx_unit_tmp_int=\count334
\l__siunitx_unit_position_int=\count335
\l__siunitx_unit_total_int=\count336

(/usr/share/texmf-dist/tex/latex/tools/array.sty
Package: array 2025/09/25 v2.6n Tabular extension package (FMi)
\col@sep=\dimen191
\ar@mcellbox=\box63
\extrarowheight=\dimen192
\NC@list=\toks26
\extratabsurround=\skip55
\backup@length=\skip56
\ar@cellbox=\box64
))
(/usr/share/texmf-dist/tex/latex/float/float.sty
Package: float 2001/11/08 v1.3d Float enhancements (AL)
\c@float@type=\count337
\float@exts=\toks27
\float@box=\box65
\@float@everytoks=\toks28
\@floatcapt=\box66
)
(/usr/share/texmf-dist/tex/latex/listings/listings.sty
\lst@mode=\count338
\lst@gtempboxa=\box67
\lst@token=\toks29
\lst@length=\count339
\lst@currlwidth=\dimen193
\lst@column=\count340
\lst@pos=\count341
\lst@lostspace=\dimen194
\lst@width=\dimen195
\lst@newlines=\count342
\lst@lineno=\count343
\lst@maxwidth=\dimen196

(/usr/share/texmf-dist/tex/latex/listings/lstpatch.sty
File: lstpatch.sty 2025/11/14 1.11b (Carsten Heinz)
)
(/usr/share/texmf-dist/tex/latex/listings/lstmisc.sty
File: lstmisc.sty 2025/11/14 1.11b (Carsten Heinz)
\c@lstnumber=\count344
\lst@skipnumbers=\count345
\lst@framebox=\box68
)
(/usr/share/texmf-dist/tex/latex/listings/listings.cfg
File: listings.cfg 2025/11/14 1.11b listings configuration
))
Package: listings 2025/11/14 1.11b (Carsten Heinz)

==> First Aid for listings.sty no longer applied!
    Expected:
        2024/09/23 1.10c (Carsten Heinz)
    but found:
        2025/11/14 1.11b (Carsten Heinz)
    so I'm assuming it got fixed.
(/usr/share/texmf-dist/tex/latex/tools/tabularx.sty
Package: tabularx 2023/12/11 v2.12a `tabularx' package (DPC)
\TX@col@width=\dimen197
\TX@old@table=\dimen198
\TX@old@col=\dimen199
\TX@target=\dimen256
\TX@delta=\dimen257
\TX@cols=\count346
\TX@ftn=\toks30
)
(/usr/share/texmf-dist/tex/latex/geometry/geometry.sty
Package: geometry 2020/01/02 v5.9 Page Geometry

(/usr/share/texmf-dist/tex/generic/iftex/ifvtex.sty
Package: ifvtex 2019/10/25 v1.7 ifvtex legacy package. Use iftex instead.
)
\Gm@cnth=\count347
\Gm@cntv=\count348
\c@Gm@tempcnt=\count349
\Gm@bindingoffset=\dimen258
\Gm@wd@mp=\dimen259
\Gm@odd@mp=\dimen260
\Gm@even@mp=\dimen261
\Gm@layoutwidth=\dimen262
\Gm@layoutheight=\dimen263
\Gm@layouthoffset=\dimen264
\Gm@layoutvoffset=\dimen265
\Gm@dimlist=\toks31
)
(/usr/share/texmf-dist/tex/latex/biblatex/biblatex.sty
Package: biblatex 2025/07/10 v3.21 programmable bibliographies (PK/MW)

(/usr/share/texmf-dist/tex/latex/logreq/logreq.sty
Package: logreq 2010/08/04 v1.0 xml request logger
\lrq@indent=\count350

(/usr/share/texmf-dist/tex/latex/logreq/logreq.def
File: logreq.def 2010/08/04 v1.0 logreq spec v1.0
))
(/usr/share/texmf-dist/tex/latex/base/ifthen.sty
Package: ifthen 2024/03/16 v1.1e Standard LaTeX ifthen package (DPC)
)
\c@tabx@nest=\count351
\c@listtotal=\count352
\c@listcount=\count353
\c@liststart=\count354
\c@liststop=\count355
\c@citecount=\count356
\c@citetotal=\count357
\c@multicitecount=\count358
\c@multicitetotal=\count359
\c@instcount=\count360
\c@maxnames=\count361
\c@minnames=\count362
\c@maxitems=\count363
\c@minitems=\count364
\c@citecounter=\count365
\c@maxcitecounter=\count366
\c@savedcitecounter=\count367
\c@uniquelist=\count368
\c@uniquename=\count369
\c@refsection=\count370
\c@refsegment=\count371
\c@maxextratitle=\count372
\c@maxextratitleyear=\count373
\c@maxextraname=\count374
\c@maxextradate=\count375
\c@maxextraalpha=\count376
\c@abbrvpenalty=\count377
\c@highnamepenalty=\count378
\c@lownamepenalty=\count379
\c@maxparens=\count380
\c@parenlevel=\count381
\blx@tempcnta=\count382
\blx@tempcntb=\count383
\blx@tempcntc=\count384
\c@blx@maxsection=\count385
\blx@maxsegment@0=\count386
\blx@notetype=\count387
\blx@parenlevel@text=\count388
\blx@parenlevel@foot=\count389
\blx@sectionciteorder@0=\count390
\blx@sectionciteorderinternal@0=\count391
\blx@entrysetcounter=\count392
\blx@biblioinstance=\count393
\labelnumberwidth=\skip57
\labelalphawidth=\skip58
\biblabelsep=\skip59
\bibitemsep=\skip60
\bibnamesep=\skip61
\bibinitsep=\skip62
\bibparsep=\skip63
\bibhang=\skip64
\blx@bcfin=\read3
\blx@bcfout=\write3
\blx@langwohyphens=\language9
\c@mincomprange=\count394
\c@maxcomprange=\count395
\c@mincompwidth=\count396
Package biblatex Info: Trying to load biblatex default data model...
Package biblatex Info: ... file 'blx-dm.def' found.

(/usr/share/texmf-dist/tex/latex/biblatex/blx-dm.def
File: blx-dm.def 2025/07/10 v3.21 biblatex datamodel (PK/MW)
)
Package biblatex Info: Trying to load biblatex style data model...
Package biblatex Info: ... file 'numeric.dbx' not found.
Package biblatex Info: Trying to load biblatex custom data model...
Package biblatex Info: ... file 'biblatex-dm.cfg' not found.
\c@afterword=\count397
\c@savedafterword=\count398
\c@annotator=\count399
\c@savedannotator=\count400
\c@author=\count401
\c@savedauthor=\count402
\c@bookauthor=\count403
\c@savedbookauthor=\count404
\c@commentator=\count405
\c@savedcommentator=\count406
\c@editor=\count407
\c@savededitor=\count408
\c@editora=\count409
\c@savededitora=\count410
\c@editorb=\count411
\c@savededitorb=\count412
\c@editorc=\count413
\c@savededitorc=\count414
\c@foreword=\count415
\c@savedforeword=\count416
\c@holder=\count417
\c@savedholder=\count418
\c@introduction=\count419
\c@savedintroduction=\count420
\c@namea=\count421
\c@savednamea=\count422
\c@nameb=\count423
\c@savednameb=\count424
\c@namec=\count425
\c@savednamec=\count426
\c@translator=\count427
\c@savedtranslator=\count428
\c@shortauthor=\count429
\c@savedshortauthor=\count430
\c@shorteditor=\count431
\c@savedshorteditor=\count432
\c@labelname=\count433
\c@savedlabelname=\count434
\c@institution=\count435
\c@savedinstitution=\count436
\c@lista=\count437
\c@savedlista=\count438
\c@listb=\count439
\c@savedlistb=\count440
\c@listc=\count441
\c@savedlistc=\count442
\c@listd=\count443
\c@savedlistd=\count444
\c@liste=\count445
\c@savedliste=\count446
\c@listf=\count447
\c@savedlistf=\count448
\c@location=\count449
\c@savedlocation=\count450
\c@organization=\count451
\c@savedorganization=\count452
\c@origlocation=\count453
\c@savedoriglocation=\count454
\c@origpublisher=\count455
\c@savedorigpublisher=\count456
\c@publisher=\count457
\c@savedpublisher=\count458
\c@language=\count459
\c@savedlanguage=\count460
\c@origlanguage=\count461
\c@savedoriglanguage=\count462
\c@pageref=\count463
\c@savedpageref=\count464
\shorthandwidth=\skip65
\shortjournalwidth=\skip66
\shortserieswidth=\skip67
\shorttitlewidth=\skip68
\shortauthorwidth=\skip69
\shorteditorwidth=\skip70
\locallabelnumberwidth=\skip71
\locallabelalphawidth=\skip72
\localshorthandwidth=\skip73
\localshortjournalwidth=\skip74
\localshortserieswidth=\skip75
\localshorttitlewidth=\skip76
\localshortauthorwidth=\skip77
\localshorteditorwidth=\skip78
Package biblatex Info: Trying to load compatibility code...
Package biblatex Info: ... file 'blx-compat.def' found.

(/usr/share/texmf-dist/tex/latex/biblatex/blx-compat.def
File: blx-compat.def 2025/07/10 v3.21 biblatex compatibility (PK/MW)
)
Package biblatex Info: Trying to load generic definitions...
Package biblatex Info: ... file 'biblatex.def' found.

(/usr/share/texmf-dist/tex/latex/biblatex/biblatex.def
File: biblatex.def 2025/07/10 v3.21 biblatex compatibility (PK/MW)
\c@textcitecount=\count465
\c@textcitetotal=\count466
\c@textcitemaxnames=\count467
\c@biburlbigbreakpenalty=\count468
\c@biburlbreakpenalty=\count469
\c@biburlnumpenalty=\count470
\c@biburlucpenalty=\count471
\c@biburllcpenalty=\count472
\biburlbigskip=\muskip19
\biburlnumskip=\muskip20
\biburlucskip=\muskip21
\biburllcskip=\muskip22
\c@smartand=\count473
)
Package biblatex Info: Trying to load natbib compatibility...
Package biblatex Info: ... file 'blx-natbib.def' found.

(/usr/share/texmf-dist/tex/latex/biblatex/blx-natbib.def
File: blx-natbib.def 2025/07/10 v3.21 biblatex compatibility (PK/MW)
Package biblatex Info: Delimiter 'nameyeardelim' in context '' already defined,
 overwriting.
)
Package biblatex Info: Trying to load bibliography style 'numeric'...
Package biblatex Info: ... file 'numeric.bbx' found.

(/usr/share/texmf-dist/tex/latex/biblatex/bbx/numeric.bbx
File: numeric.bbx 2025/07/10 v3.21 biblatex bibliography style (PK/MW)
Package biblatex Info: Trying to load bibliography style 'standard'...
Package biblatex Info: ... file 'standard.bbx' found.

(/usr/share/texmf-dist/tex/latex/biblatex/bbx/standard.bbx
File: standard.bbx 2025/07/10 v3.21 biblatex bibliography style (PK/MW)
\c@bbx:relatedcount=\count474
\c@bbx:relatedtotal=\count475
))
Package biblatex Info: Trying to load citation style 'numeric'...
Package biblatex Info: ... file 'numeric.cbx' found.

(/usr/share/texmf-dist/tex/latex/biblatex/cbx/numeric.cbx
File: numeric.cbx 2025/07/10 v3.21 biblatex citation style (PK/MW)
Package biblatex Info: Redefining '\cite'.
Package biblatex Info: Redefining '\parencite'.
Package biblatex Info: Redefining '\footcite'.
Package biblatex Info: Redefining '\footcitetext'.
Package biblatex Info: Redefining '\smartcite'.
Package biblatex Info: Redefining '\supercite'.
Package biblatex Info: Redefining '\textcite'.
Package biblatex Info: Redefining '\textcites'.
Package biblatex Info: Redefining '\cites'.
Package biblatex Info: Redefining '\parencites'.
Package biblatex Info: Redefining '\smartcites'.
)
Package biblatex Info: Trying to load configuration file...
Package biblatex Info: ... file 'biblatex.cfg' found.

(/usr/share/texmf-dist/tex/latex/biblatex/biblatex.cfg
File: biblatex.cfg 
)
Package biblatex Info: Input encoding 'utf8' detected.
Package biblatex Info: Document encoding is UTF8 ....

(/usr/share/texmf-dist/tex/latex/l3kernel/expl3.sty
Package: expl3 2026-01-19 L3 programming layer (loader) 

(/usr/share/texmf-dist/tex/latex/l3backend/l3backend-pdftex.def
File: l3backend-pdftex.def 2025-10-09 L3 backend support: PDF output (pdfTeX)
\l__color_backend_stack_int=\count476
))
Package biblatex Info: ... and expl3
(biblatex)             2026-01-19 L3 programming layer (loader) 
(biblatex)             is new enough (at least 2020/04/06),
(biblatex)             setting 'casechanger=expl3'.

(/usr/share/texmf-dist/tex/latex/biblatex/blx-case-expl3.sty
(/usr/share/texmf-dist/tex/latex/l3packages/xparse/xparse.sty
Package: xparse 2025-10-09 L3 Experimental document command parser
)
Package: blx-case-expl3 2025/07/10 v3.21 expl3 case changing code for biblatex
))
Package csquotes Info: Checking for multilingual support...
Package csquotes Info: ... found 'babel' package.
Package csquotes Info: Adjusting default style.
Package csquotes Info: Redefining alias 'default' -> 'ngerman'.

(/usr/share/texmf-dist/tex/latex/graphics/color.sty
Package: color 2025/01/14 v1.3e Standard LaTeX Color (DPC)

(/usr/share/texmf-dist/tex/latex/graphics-cfg/color.cfg
File: color.cfg 2016/01/02 v1.6 sample color configuration
)
Package color Info: Driver file: pdftex.def on input line 149.

(/usr/share/texmf-dist/tex/latex/graphics/mathcolor.ltx)) (./main.aux
Package babel Info: 'ngerman' activates 'german' shorthands.
(babel)             Reported on input line 13.
)
\openout1 = `main.aux'.

LaTeX Font Info:    Checking defaults for OML/cmm/m/it on input line 35.
LaTeX Font Info:    ... okay on input line 35.
LaTeX Font Info:    Checking defaults for OMS/cmsy/m/n on input line 35.
LaTeX Font Info:    ... okay on input line 35.
LaTeX Font Info:    Checking defaults for OT1/cmr/m/n on input line 35.
LaTeX Font Info:    ... okay on input line 35.
LaTeX Font Info:    Checking defaults for T1/cmr/m/n on input line 35.
LaTeX Font Info:    ... okay on input line 35.
LaTeX Font Info:    Checking defaults for TS1/cmr/m/n on input line 35.
LaTeX Font Info:    ... okay on input line 35.
LaTeX Font Info:    Checking defaults for OMX/cmex/m/n on input line 35.
LaTeX Font Info:    ... okay on input line 35.
LaTeX Font Info:    Checking defaults for U/cmr/m/n on input line 35.
LaTeX Font Info:    ... okay on input line 35.
LaTeX Font Info:    Checking defaults for PD1/pdf/m/n on input line 35.
LaTeX Font Info:    ... okay on input line 35.
LaTeX Font Info:    Checking defaults for PU/pdf/m/n on input line 35.
LaTeX Font Info:    ... okay on input line 35.

(/usr/share/texmf-dist/tex/context/base/mkii/supp-pdf.mkii
[Loading MPS to PDF converter (version 2006.09.02).]
\scratchcounter=\count477
\scratchdimen=\dimen266
\scratchbox=\box69
\nofMPsegments=\count478
\nofMParguments=\count479
\everyMPshowfont=\toks32
\MPscratchCnt=\count480
\MPscratchDim=\dimen267
\MPnumerator=\count481
\makeMPintoPDFobject=\count482
\everyMPtoPDFconversion=\toks33
) (/usr/share/texmf-dist/tex/latex/epstopdf-pkg/epstopdf-base.sty
Package: epstopdf-base 2020-01-24 v2.11 Base part for package epstopdf
Package epstopdf-base Info: Redefining graphics rule for `.eps' on input line 4
85.

(/usr/share/texmf-dist/tex/latex/latexconfig/epstopdf-sys.cfg
File: epstopdf-sys.cfg 2010/07/13 v1.3 Configuration of (r)epstopdf for TeX Liv
e
))
Package hyperref Info: Link coloring OFF on input line 35.
 (./main.out)
(./main.out)
\@outlinefile=\write4
\openout4 = `main.out'.

Package caption Info: Begin \AtBeginDocument code.
Package caption Info: float package is loaded.
Package caption Info: listings package is loaded.
Package caption Info: End \AtBeginDocument code.

(/usr/share/texmf-dist/tex/latex/translations/translations-basic-dictionary-ger
man.trsl
File: translations-basic-dictionary-german.trsl (german translation file `trans
lations-basic-dictionary')
)
Package translations Info: loading dictionary `translations-basic-dictionary' f
or `german'. on input line 35.
\c@lstlisting=\count483

*geometry* driver: auto-detecting
*geometry* detected driver: pdftex
*geometry* verbose mode - [ preamble ] result:
* driver: pdftex
* paper: a4paper
* layout: <same size as paper>
* layoutoffset:(h,v)=(0.0pt,0.0pt)
* modes: 
* h-part:(L,W,R)=(42.67912pt, 512.14963pt, 42.67912pt)
* v-part:(T,H,B)=(56.9055pt, 731.23584pt, 56.9055pt)
* \paperwidth=597.50787pt
* \paperheight=845.04684pt
* \textwidth=512.14963pt
* \textheight=731.23584pt
* \oddsidemargin=-29.59087pt
* \evensidemargin=-29.59087pt
* \topmargin=-52.36449pt
* \headheight=12.0pt
* \headsep=25.0pt
* \topskip=11.0pt
* \footskip=30.0pt
* \marginparwidth=4.0pt
* \marginparsep=10.0pt
* \columnsep=17.07182pt
* \skip\footins=10.0pt plus 4.0pt minus 2.0pt
* \hoffset=0.0pt
* \voffset=0.0pt
* \mag=1000
* \@twocolumntrue
* \@twosidefalse
* \@mparswitchfalse
* \@reversemarginfalse
* (1in=72.27pt=25.4mm, 1cm=28.453pt)

Package biblatex Info: Trying to load language 'ngerman'...
Package biblatex Info: ... file 'ngerman.lbx' found.
(/usr/share/texmf-dist/tex/latex/biblatex/lbx/ngerman.lbx
File: ngerman.lbx 2025/07/10 v3.21 biblatex localization (PK/MW)
Package biblatex Info: Trying to load language 'german'...
Package biblatex Info: ... file 'german.lbx' found.

(/usr/share/texmf-dist/tex/latex/biblatex/lbx/german.lbx
File: german.lbx 2025/07/10 v3.21 biblatex localization (PK/MW)
)
Package biblatex Info: Trying to load language 'german'...
Package biblatex Info: ... file 'german.lbx' found.

(/usr/share/texmf-dist/tex/latex/biblatex/lbx/german.lbx
File: german.lbx 2025/07/10 v3.21 biblatex localization (PK/MW)
))
Package biblatex Info: Input encoding 'utf8' detected.
Package biblatex Info: Automatic encoding selection.
(biblatex)             Assuming data encoding 'utf8'.
\openout3 = `main.bcf'.

Package biblatex Info: Trying to load bibliographic data...
Package biblatex Info: ... file 'main.bbl' found.
 (./main.bbl)
Package biblatex Info: Reference section=0 on input line 35.
Package biblatex Info: Reference segment=0 on input line 35.
LaTeX Font Info:    Trying to load font information for U+msa on input line 42.


(/usr/share/texmf-dist/tex/latex/amsfonts/umsa.fd
File: umsa.fd 2013/01/14 v3.01 AMS symbols A
)
LaTeX Font Info:    Trying to load font information for U+msb on input line 42.


(/usr/share/texmf-dist/tex/latex/amsfonts/umsb.fd
File: umsb.fd 2013/01/14 v3.01 AMS symbols B
) (./sections/abstract.tex)
(./sections/01_introduction.tex [1{/var/lib/texmf/fonts/map/pdftex/updmap/pdfte
x.map}{/usr/share/texmf-dist/fonts/enc/dvips/cm-super/cm-super-t1.enc}


]
Underfull \hbox (badness 2253) in paragraph at lines 23--23
[][][]\T1/cmr/m/n/9 Im Ori-gi-nal: \T1/cmr/m/it/9 Does layer-wise loss cur-va-t
ure (Hes-si-
 []


Underfull \hbox (badness 10000) in paragraph at lines 23--24
[]\T1/cmr/m/n/10.95 Sagt die schicht-wei-se Verlust-Krümmung
 []


Underfull \hbox (badness 10000) in paragraph at lines 23--24
\T1/cmr/m/n/10.95 (Hessian-Spur) vor-her, wel-che Schich-ten
 []


Underfull \hbox (badness 10000) in paragraph at lines 23--24
\T1/cmr/m/n/10.95 tat-säch-lich den gröÿ-ten PoT-Gewichts-
 []


Underfull \hbox (badness 10000) in paragraph at lines 23--24
\T1/cmr/m/n/10.95 Quantisierungsschaden er-lei-den, und wie
 []


Underfull \hbox (badness 1635) in paragraph at lines 32--33
[]\T1/cmr/m/n/10.95 Ein em-pi-ri-scher, di-rek-ter Test der HAWQ-
 []


Underfull \hbox (badness 10000) in paragraph at lines 33--34
[]\T1/cmr/m/n/10.95 Eine Do-ku-men-ta-ti-on der Konfigurations-
 []


Underfull \hbox (badness 1163) in paragraph at lines 33--34
\T1/cmr/m/n/10.95 un-ter-schied-lich kon-fi-gu-rier-te Trace-Werte für
 []


Underfull \hbox (badness 1939) in paragraph at lines 33--34
\T1/cmr/m/n/10.95 die-sel-be Schicht mit ei-ner neu fest-ge-leg-ten
 []


Underfull \hbox (badness 3138) in paragraph at lines 33--34
\T1/cmr/m/n/10.95 auf-tre-ten kön-nen, oh-ne dass ei-ne ein-zel-ne
 []


Underfull \hbox (badness 10000) in paragraph at lines 35--36
\T1/cmr/m/n/10.95 hin-aus-geht und zu-sätz-lich ei-ne Random-
 []


Underfull \hbox (badness 10000) in paragraph at lines 35--36
\T1/cmr/m/n/10.95 Init-Kontrolle, die KFAC-Faktorisierung,
 []


Underfull \hbox (badness 6300) in paragraph at lines 35--36
\T1/cmr/m/n/10.95 die Aktivierungs-Analyse so-wie die QAT-
 []


Underfull \hbox (badness 1484) in paragraph at lines 36--37
[]\T1/cmr/m/n/10.95 Die Ein-rei-chung ei-nes Workshop-Papers bei
 []

[2{/usr/share/texmf-dist/fonts/enc/dvips/cm-super/cm-super-ts1.enc}])
(./sections/02_fundamentals.tex
Underfull \hbox (badness 4048) in paragraph at lines 18--19
[]\T1/cmr/bx/n/10.95 Power-of-Two-Quantisierung. \T1/cmr/m/n/10.95 Wäh-rend die

 []


Underfull \hbox (badness 10000) in paragraph at lines 20--20
[]\T1/cmr/bx/n/12 Die Hessian-Matrix und Krüm-
 []

[3]
Underfull \hbox (badness 1292) in paragraph at lines 34--35
\T1/cmr/m/n/10.95 mung über al-le Ge-wichts-rich-tun-gen an-gibt. Der
 []


Underfull \hbox (badness 1107) in paragraph at lines 37--38
\T1/cmr/m/n/10.95 sen Hutchinson-Ansatz (in-klu-si-ve Top-Eigenwert-
 []


Underfull \hbox (badness 10000) in paragraph at lines 47--47
[]\T1/cmr/bx/n/12 Hessian-Spektrum und Random-
 []

[4]
Underfull \hbox (badness 10000) in paragraph at lines 58--58
[]\T1/cmr/bx/n/12 Aktivierungsquantisierung und
 []

) (./sections/03_related_work.tex
Underfull \hbox (badness 1939) in paragraph at lines 4--5
\T1/cmr/m/n/10.95 Krümmung als Si-gnal für die Bit-Zuteilung in
 []


Underfull \hbox (badness 3029) in paragraph at lines 4--5
\T1/cmr/m/n/10.95 gemischt-präzisen Quan-ti-sie-rungs-sche-ma-ta (Ÿ[]2.3[]).
 []


Underfull \hbox (badness 2680) in paragraph at lines 10--11
\T1/cmr/m/n/10.95 und Mur-mann [[]17[]] füh-ren PoT als hardware-
 []


Underfull \hbox (badness 1210) in paragraph at lines 10--11
\T1/cmr/m/n/10.95 freundliche lo-ga-rith-mi-sche Ge-wichts-re-prä-sen-ta-ti-on
 []

[5]) (./sections/04_methodology.tex
Underfull \hbox (badness 1331) in paragraph at lines 16--1
\T1/cmr/m/n/10.95 hal-ten, dass vor die-sem Pro-jekt kein pu-bli-zier-
 []


Underfull \hbox (badness 1436) in paragraph at lines 16--1
\T1/cmr/m/n/10.95 die-se Lücke und lie-fert zu-sätz-lich die me-tho-di-
 []


Underfull \hbox (badness 10000) in paragraph at lines 7--8
\T1/cmr/bx/n/10.95 Architekturen. \T1/cmr/m/n/10.95 Un-ter-sucht wer-den drei
 []


Underfull \hbox (badness 10000) in paragraph at lines 7--8
\T1/cmr/m/n/10.95 Convolutional-Architekturen un-ter-schied-li-cher
 []


Underfull \hbox (badness 2158) in paragraph at lines 7--8
\T1/cmr/m/n/10.95 wer-den \T1/cmr/m/it/10.95 oh-ne \T1/cmr/m/n/10.95 vor-trai-n
ier-te Ge-wich-te in-stan-zi-iert
 []


Underfull \hbox (badness 10000) in paragraph at lines 7--8
\T1/cmr/m/n/10.95 (\T1/cmtt/m/n/10.95 resnet18_no_weights\T1/cmr/m/n/10.95 , \T
1/cmtt/m/n/10.95 resnet50_no_weights\T1/cmr/m/n/10.95 )
 []


Underfull \hbox (badness 3612) in paragraph at lines 7--8
\T1/cmr/m/n/10.95 und voll-stän-dig von Grund auf trai-niert, um
 []


Underfull \hbox (badness 5652) in paragraph at lines 7--8
\T1/cmr/m/n/10.95 Con-founds durch ImageNet-1k-Vortraining aus-
 []


Underfull \hbox (badness 1389) in paragraph at lines 13--14
\T1/cmr/m/n/10.95 niert (kein Multi-Seed-Training; sie-he Li-mi-ta-tio-
 []


Underfull \hbox (badness 2065) in paragraph at lines 13--14
\T1/cmr/m/n/10.95 nen, Ÿ[]6.6[]). Für je-de Kom-bi-na-ti-on wer-den drei
 []


Underfull \hbox (badness 1762) in paragraph at lines 13--14
\T1/cmr/m/n/10.95 quantisiert) und ei-ne QAT-Variante (mit si-mu-
 []


Underfull \hbox (badness 1360) in paragraph at lines 13--14
\T1/cmr/m/n/10.95 lier-ter Quan-ti-sie-rung von Grund auf oder fort-
 []


Underfull \hbox (badness 1762) in paragraph at lines 21--22
\T1/cmr/m/n/10.95 gen ab-hän-gen, die die Li-te-ra-tur meist im-pli-zit
 []


Underfull \hbox (badness 1400) in paragraph at lines 21--22
\T1/cmr/m/n/10.95 Seed der Proben-Vektoren. Um re-pro-du-zier-ba-re,
 []


Underfull \hbox (badness 1642) in paragraph at lines 21--22
\T1/cmr/m/n/10.95 ni-sche Kon-fi-gu-ra-ti-on fest-ge-legt, do-ku-men-tiert in
 []


Underfull \hbox (badness 1776) in paragraph at lines 25--26
\T1/cmr/m/n/10.95 Modelle wer-den zu-sätz-lich in un-fu-sio-nier-ter
 []

[6]
Underfull \hbox (badness 10000) in paragraph at lines 27--28
[]\T1/cmr/bx/n/10.95 Proben-Seeds: \T1/cmr/m/n/10.95 drei fes-te Seeds
 []


Underfull \hbox (badness 10000) in paragraph at lines 27--28
\T1/cmr/m/n/10.95 (42, 43, 44), de-ren Er-geb-nis-se zu
 []


Underfull \hbox (badness 3396) in paragraph at lines 27--28
\T1/cmr/m/n/10.95 Mittelwert$\OMS/cmsy/m/n/10.95 ^^F$\T1/cmr/m/n/10.95 Standard
abweichung pro Schicht
 []


Underfull \hbox (badness 4341) in paragraph at lines 28--29
[]\T1/cmr/bx/n/10.95 Determinismus: \T1/cmr/m/n/10.95 de-ter-mi-nis-ti-sche Al-
go-rith-
 []


Underfull \hbox (badness 2181) in paragraph at lines 31--32
[]\T1/cmr/bx/n/10.95 Proben-Budget. \T1/cmr/m/n/10.95 Das Proben-Budget ist in-

 []


Underfull \hbox (badness 5274) in paragraph at lines 34--35
\T1/cmr/m/n/10.95 Gewichte über den Straight-Through-Estimator
 []


Underfull \hbox (badness 2772) in paragraph at lines 34--35
\T1/cmr/m/n/10.95 del-len ge-mes-se-ne Hessian-Matrix ge-nau ge-nom-
 []


Underfull \hbox (badness 1226) in paragraph at lines 34--35
\T1/cmr/m/n/10.95 differenzierbare Quan-ti-sie-rungs-funk-ti-on im Rück-
 []


Underfull \hbox (badness 1168) in paragraph at lines 39--40
\T1/cmr/m/n/10.95 einen Schicht per PoT quan-ti-siert, wäh-rend al-
 []


Underfull \hbox (badness 1226) in paragraph at lines 39--40
\T1/cmr/m/n/10.95 ge-sam-ten Netz auf FP32 ver-blei-ben. Im-ple-men-
 []


Underfull \hbox (badness 10000) in paragraph at lines 46--48
\T1/cmr/m/n/10.95 wobei $[][]\OT1/cmr/m/n/10.95 (\OML/cmm/m/it/10.95 l\OT1/cmr/
m/n/10.95 )$ \T1/cmr/m/n/10.95 der mitt-le-re Validierungs-
 []


Underfull \hbox (badness 1210) in paragraph at lines 46--48
\T1/cmr/m/n/10.95 ti-sier-ter Schicht $\OML/cmm/m/it/10.95 l$ \T1/cmr/m/n/10.95
 ist (iden-ti-sche Loss-Definition
 []


Underfull \hbox (badness 2990) in paragraph at lines 46--48
\T1/cmr/m/n/10.95 wie die Trace-Schätzung in Ÿ[]4.2[]) und $[][]$
 []


Underfull \hbox (badness 2012) in paragraph at lines 46--48
\T1/cmr/m/n/10.95 der Loss des un-ver-än-der-ten FP32-Modells. Ein
 []


Underfull \hbox (badness 3000) in paragraph at lines 46--48
\T1/cmr/m/n/10.95 po-si-ti-ver Wert be-deu-tet, dass der Loss durch
 []


Underfull \hbox (badness 2591) in paragraph at lines 46--48
\T1/cmr/m/n/10.95 die Quan-ti-sie-rung ge-stie-gen, al-so Scha-den ent-
 []


Underfull \hbox (badness 7944) in paragraph at lines 46--48
\T1/cmr/m/n/10.95 stan-den ist. Als pri-märes Ranking-Ziel wird
 []


Underfull \hbox (badness 2181) in paragraph at lines 50--51
[]\T1/cmr/bx/n/10.95 Validierungs-Gate. \T1/cmr/m/n/10.95 Um si-cher-zu-stel-le
n, dass
 []


Underfull \hbox (badness 1038) in paragraph at lines 50--51
\T1/cmr/m/n/10.95 die Iso-la-ti-on kor-rekt im-ple-men-tiert ist, dass al-
 []


Underfull \hbox (badness 7344) in paragraph at lines 50--51
\T1/cmr/m/n/10.95 so tat-säch-lich nur die Ziel-schicht quan-ti-siert
 []


Underfull \hbox (badness 1983) in paragraph at lines 50--51
\T1/cmr/m/n/10.95 dem FP32-Referenzmodell über-ein-stim-men, wird
 []


Underfull \hbox (badness 1983) in paragraph at lines 50--51
\T1/cmr/m/n/10.95 für je-de Kom-bi-na-ti-on ei-ne au-to-ma-ti-sier-te Kon-
 []


Underfull \hbox (badness 3471) in paragraph at lines 50--51
\T1/cmr/m/n/10.95 sis-tenz-prü-fung durch-ge-führt, de-ren Er-geb-nis in
 []


Underfull \hbox (badness 10000) in paragraph at lines 58--59
\T1/cmr/m/n/10.95 Verglichen wer-den drei Sco-res ge-gen
 []


Underfull \vbox (badness 10000) has occurred while \output is active []

 [7]
Underfull \hbox (badness 10000) in paragraph at lines 72--73
[]\T1/cmr/bx/n/10.95 Evaluationsmetriken. \T1/cmr/m/n/10.95 Je-der Sco-re wird
 []


Underfull \hbox (badness 1571) in paragraph at lines 72--73
\T1/cmr/m/n/10.95 auf drei Ar-ten aus-ge-wer-tet: (1) die Spearman-
 []


Underfull \hbox (badness 1189) in paragraph at lines 72--73
\T1/cmr/m/n/10.95 Rangkorrelation zwi-schen den Score-Werten und
 []


Underfull \hbox (badness 10000) in paragraph at lines 74--74
[]\T1/cmr/bx/n/10.95 Gröÿennormalisierung der Top-$\OML/cmm/m/it/10.95 k$\T1/cm
r/bx/n/10.95 -
 []


Package hyperref Warning: Token not allowed in a PDF string (Unicode):
(hyperref)                removing `math shift' on input line 74.


Package hyperref Warning: Token not allowed in a PDF string (Unicode):
(hyperref)                removing `math shift' on input line 74.


Underfull \hbox (badness 10000) in paragraph at lines 79--79
[]\T1/cmr/bx/n/12 Gewichts- vs. Aktivierungs-
 []


Underfull \hbox (badness 10000) in paragraph at lines 82--83
\T1/cmr/m/n/10.95 Um F3 zu be-ant-wor-ten, wird der Gesamt-
 []


Underfull \hbox (badness 5592) in paragraph at lines 82--83
\T1/cmr/m/n/10.95 Genauigkeitsverlust ei-ner Kom-bi-na-ti-on in drei
 []


Underfull \hbox (badness 1910) in paragraph at lines 82--83
\T1/cmr/m/n/10.95 Kon-fi-gu-ra-tio-nen zer-legt: (a) vol-le Quan-ti-sie-rung
 []


Underfull \hbox (badness 4569) in paragraph at lines 82--83
\T1/cmr/m/n/10.95 Für (c) wer-den Be-ob-ach-ter zur Aktivierungs-
 []


Underfull \hbox (badness 1320) in paragraph at lines 82--83
\T1/cmr/m/n/10.95 Kalibrierung auf ei-nem Kalibrierungs-Batch ein-
 []


Underfull \hbox (badness 2073) in paragraph at lines 82--83
\T1/cmr/m/n/10.95 Ver-gleich der re-sul-tie-ren-den Ge-nau-ig-kei-ten wer-
 []


Underfull \hbox (badness 1168) in paragraph at lines 82--83
\T1/cmr/m/n/10.95 als die Kon-fi-gu-ra-ti-on mit dem grö-ÿe-ren Be-trag
 []


Underfull \hbox (badness 3108) in paragraph at lines 82--83
\T1/cmr/m/n/10.95 be-stimmt. Er-gän-zend wer-den die Aktivierungs-
 []

<figures/fig_02_pipeline_overview.pdf, id=344, 505.89pt x 187.902pt>
File: figures/fig_02_pipeline_overview.pdf Graphic file (type pdf)
<use figures/fig_02_pipeline_overview.pdf>
Package pdftex.def Info: figures/fig_02_pipeline_overview.pdf  used on input li
ne 91.
(pdftex.def)             Requested size: 247.5389pt x 91.94376pt.

Underfull \hbox (badness 10000) in paragraph at lines 92--92
[]\T1/cmr/m/n/10.95 Abbildung 1: |Sechs-Phasen-Analyse-Pipeline.
 []


Underfull \hbox (badness 1253) in paragraph at lines 92--92
\T1/cmr/m/n/10.95 Pha-se 4 (Prädiktor-Test) ist die im Workshop-
 []


Underfull \hbox (badness 10000) in paragraph at lines 92--92
\T1/cmr/m/n/10.95 Paper be-rich-te-te Ker-n-ana-ly-se; al-le üb-
 []


Underfull \hbox (badness 10000) in paragraph at lines 92--92
\T1/cmr/m/n/10.95 ri-gen Pha-sen lie-fern Kon-text, Kon-trol-
 []


Underfull \hbox (badness 10000) in paragraph at lines 92--92
\T1/cmr/m/n/10.95 len oder Er-wei-te-run-gen da-zu. Er-zeugt von
 []


Underfull \hbox (badness 1052) in paragraph at lines 96--97
\T1/cmr/m/n/10.95 spit-ze in ei-ner Schicht ^^R   ar-chi-tek-to-nisch^^P (be-re
its
 []

[8 <./figures/fig_02_pipeline_overview.pdf>]
Underfull \hbox (badness 1348) in paragraph at lines 99--100
\T1/cmr/bx/n/10.95 (Ÿ[]5.4[]). \T1/cmr/m/n/10.95 Da frü-he-re, un-ter-schied-li
ch kon-fi-gu-rier-te
 []


Underfull \hbox (badness 1112) in paragraph at lines 99--100
\T1/cmr/m/n/10.95 Läu-fe im Pro-jekt-ver-lauf teils stark ab-wei-chen-de
 []


Underfull \hbox (badness 1796) in paragraph at lines 105--106
\T1/cmr/m/n/10.95 ge-mes-se-nen Scha-den (^^R   Damage-Spike^^P , aus Pha-
 []


Underfull \hbox (badness 5446) in paragraph at lines 108--109
[]\T1/cmr/bx/n/10.95 Phase 6: Ar-chi-tek-to-ni-sche Ur-sa-chen-su-
 []


Underfull \hbox (badness 5756) in paragraph at lines 108--109
\T1/cmr/m/n/10.95 je-des Mo-dells wird ver-sucht, die be-ob-ach-te-te
 []

) (./sections/05_results.tex
Underfull \hbox (badness 5446) in paragraph at lines 113--1
\T1/cmr/m/n/10.95 Um zu prü-fen, ob der theo-re-ti-sche Bitshift-
 []


Underfull \hbox (badness 5637) in paragraph at lines 113--1
\T1/cmr/m/n/10.95 Vorteil von PoT (Ÿ[]2.1[]) auf rea-ler Hard-wa-re
 []


Underfull \hbox (badness 6110) in paragraph at lines 113--1
\T1/cmr/m/n/10.95 tat-säch-lich in ei-ne kür-ze-re In-fe-renz-zeit über-
 []


Underfull \hbox (badness 3758) in paragraph at lines 113--1
\T1/cmr/m/n/10.95 geht, wer-den zwei Deployment-Pfade eva-lu-iert.
 []


Underfull \hbox (badness 10000) in paragraph at lines 113--1
\T1/cmr/m/n/10.95 DIA A100-GPU (Com-pu-te Ca-pa-bi-li-ty 8.0).
 []


Underfull \hbox (badness 10000) in paragraph at lines 113--1
\T1/cmr/m/n/10.95 Da-bei wer-den tor-cha-os INT8-Konfigurationen
 []


Underfull \hbox (badness 10000) in paragraph at lines 113--1
\T1/cmr/m/n/10.95 (\T1/cmtt/m/n/10.95 Int8DynamicActivationInt8WeightConfig
 []


Underfull \hbox (badness 10000) in paragraph at lines 113--1
\T1/cmr/m/n/10.95 für die dy-na-mi-sche Ak-ti-vie-rungs-quan-ti-sie-rung,
 []


Underfull \hbox (badness 10000) in paragraph at lines 113--1
\T1/cmr/m/n/10.95 eager-mode-PTQ, der auf x86-Hardware mit
 []


Underfull \hbox (badness 1629) in paragraph at lines 113--1
\T1/cmr/m/n/10.95 AVX-512-VNNI-Unterstützung (Ziel-sys-tem: AMD
 []


Underfull \hbox (badness 1077) in paragraph at lines 113--1
\T1/cmr/m/n/10.95 Ry-zen 7 7700X, Zen 4) tat-säch-lich quan-ti-sier-te
 []


Underfull \vbox (badness 1533) has occurred while \output is active []


Underfull \hbox (badness 3590) in paragraph at lines 7--8
\T1/cmr/m/n/10.95 Tabelle []1[] fasst die FP32-, PTQ- und QAT-
 []


Underfull \hbox (badness 10000) in paragraph at lines 7--8
\T1/cmr/m/n/10.95 Kombinationen zu-sam-men (Quel-le:
 []


Underfull \hbox (badness 10000) in paragraph at lines 7--8
\T1/cmtt/m/n/10.95 pipeline_summary.csv\T1/cmr/m/n/10.95 , \T1/cmtt/m/n/10.95 p
tq_summary.csv\T1/cmr/m/n/10.95 ,
 []


Underfull \hbox (badness 10000) in paragraph at lines 7--8
\T1/cmtt/m/n/10.95 qat_summary.csv\T1/cmr/m/n/10.95 ). PTQ ver-ur-sacht durch-w
eg
 []


Underfull \hbox (badness 3407) in paragraph at lines 7--8
\T1/cmr/m/n/10.95 einen Ge-nau-ig-keits-ver-lust ge-gen-über FP32, der
 []


Underfull \hbox (badness 1776) in paragraph at lines 7--8
\T1/cmr/m/n/10.95 punk-te). QAT gleicht die-sen Ver-lust nicht nur
 []


Underfull \hbox (badness 1205) in paragraph at lines 7--8
\T1/cmr/m/n/10.95 Punk-te ge-gen-über FP32, $\OT1/cmr/m/n/10.95 +26\OML/cmm/m/i
t/10.95 :\OT1/cmr/m/n/10.95 12$ \T1/cmr/m/n/10.95 Punk-te ge-gen-
 []


Underfull \hbox (badness 1502) in paragraph at lines 7--8
\T1/cmr/m/n/10.95 si-mu-lier-ten Quan-ti-sie-rungs-rau-schen als im-pli-zi-ter
 []


Underfull \hbox (badness 10000) in paragraph at lines 33--34
\T1/cmr/m/n/10.95 Tabelle []2[] zer-legt den PTQ- und QAT-
 []


Underfull \hbox (badness 10000) in paragraph at lines 33--34
\T1/cmr/m/n/10.95 Genauigkeitsverlust in einen Gewichts-
 []


Underfull \hbox (badness 10000) in paragraph at lines 33--34
\T1/cmr/m/n/10.95 und einen Ak-ti-vie-rungs-an-teil (Quel-le:
 []


Underfull \hbox (badness 10000) in paragraph at lines 33--34
\T1/cmtt/m/n/10.95 activation_decomposition.csv\T1/cmr/m/n/10.95 ; aus-schlieÿ-
lich
 []


Underfull \hbox (badness 1270) in paragraph at lines 33--34
\T1/cmr/m/n/10.95 al-len drei Ar-chi-tek-tu-ren der Ge-wichts-an-teil den
 []


Underfull \vbox (badness 2126) has occurred while \output is active []

 [9]
Underfull \hbox (badness 10000) in paragraph at lines 38--38
[]\T1/cmr/m/n/10.95 Tabelle 2: |Gewichts- vs. Aktivierungs-
 []


Underfull \hbox (badness 10000) in paragraph at lines 38--38
\T1/cmr/m/n/10.95 Dekomposition, CI-FAR10 (Pro-zent-punk-te ge-
 []


Underfull \vbox (badness 1286) has occurred while \output is active []


Underfull \hbox (badness 10000) in paragraph at lines 57--58
[]\T1/cmr/m/n/10.95 Ergänzend zeigt die Aktivierungs-
 []


Underfull \hbox (badness 10000) in paragraph at lines 57--58
\T1/cmr/m/n/10.95 Ablationsanalyse (\T1/cmtt/m/n/10.95 activation_ablation.csv\
T1/cmr/m/n/10.95 ),
 []


Underfull \hbox (badness 4416) in paragraph at lines 57--58
\T1/cmr/m/n/10.95 dem höchs-ten Aktivierungs-Ausreiÿerfaktor (bis
 []


Underfull \hbox (badness 6758) in paragraph at lines 57--58
\T1/cmr/m/n/10.95 auf FP32 nur ge-rin-ge Ge-nau-ig-keit zu-rück-ge-
 []


Underfull \hbox (badness 1515) in paragraph at lines 57--58
\T1/cmr/m/n/10.95 winnt (et-wa $\OT1/cmr/m/n/10.95 +0\OML/cmm/m/it/10.95 :\OT1/
cmr/m/n/10.95 16$ \T1/cmr/m/n/10.95 Punk-te für ResNet-50/PTQ
 []


Underfull \hbox (badness 1953) in paragraph at lines 57--58
\T1/cmr/m/n/10.95 nach Aus-schluss der fünf am stärks-ten aus-rei-
 []


Underfull \hbox (badness 6592) in paragraph at lines 57--58
\T1/cmr/m/n/10.95 ÿen-den Schich-ten). Aktivierungs-Ausreiÿer sind
 []


Underfull \hbox (badness 10000) in paragraph at lines 57--58
\T1/cmr/m/n/10.95 zwar mess-bar vor-han-den (Wer-te-be-reichs-fak-tor
 []


Underfull \hbox (badness 1394) in paragraph at lines 57--58
\T1/cmr/m/n/10.95 schich-ten, \T1/cmtt/m/n/10.95 activation_ranges.csv\T1/cmr/m
/n/10.95 ), tra-gen aber
 []


Underfull \hbox (badness 10000) in paragraph at lines 62--63
\T1/cmr/m/n/10.95 Tabelle []3[] ver-gleicht die Trace der \T1/cmtt/m/n/10.95 co
nv1\T1/cmr/m/n/10.95 -
 []


Underfull \hbox (badness 10000) in paragraph at lines 62--63
\T1/cmr/m/n/10.95 Schicht bei zu-fäl-li-ger In-itia-li-sie-rung
 []


Underfull \hbox (badness 10000) in paragraph at lines 62--63
\T1/cmr/m/n/10.95 (Mittelwert$\OMS/cmsy/m/n/10.95 ^^F$\T1/cmr/m/n/10.95 Standar
dabweichung über drei
 []


Underfull \hbox (badness 10000) in paragraph at lines 62--63
\T1/cmr/m/n/10.95 Init-Seeds) mit der Trace des-sel-ben Lay-
 []


Underfull \hbox (badness 6316) in paragraph at lines 62--63
\T1/cmr/m/n/10.95 outs nach Trai-ning (FP32, un-fu-sio-nier-te Ba-
 []


Underfull \hbox (badness 10000) in paragraph at lines 62--63
\T1/cmr/m/n/10.95 sis; Quel-le: \T1/cmtt/m/n/10.95 random_init_comparison.csv\T
1/cmr/m/n/10.95 ,
 []

[10]
Underfull \hbox (badness 10000) in paragraph at lines 108--109
[]\T1/cmr/m/n/10.95 Um die-se Dis-kre-pan-zen zu er-klä-ren, wird
 []


Underfull \hbox (badness 10000) in paragraph at lines 108--109
\T1/cmr/m/n/10.95 ein sys-te-ma-ti-scher Sweep über Ba-sis (fu-sio-
 []


Underfull \hbox (badness 10000) in paragraph at lines 108--109
\T1/cmr/m/n/10.95 niert/unfusioniert), Loss-Reduktion (Mit-tel-
 []


Underfull \hbox (badness 7064) in paragraph at lines 108--109
\T1/cmr/m/n/10.95 Kon-fi-gu-ra-ti-on re-pro-du-ziert die bei-den his-to-ri-
 []


Underfull \hbox (badness 1616) in paragraph at lines 108--109
\T1/cmr/m/n/10.95 ex-trems-ten ge-tes-te-ten Va-ri-an-ten, al-so die Sum-
 []


Underfull \hbox (badness 10000) in paragraph at lines 108--109
\T1/cmr/m/n/10.95 Aug-men-ta-ti-on ($\OT1/cmr/m/n/10.95 286\OML/cmm/m/it/10.95 
:\OT1/cmr/m/n/10.95 0$\T1/cmr/m/n/10.95 /$\OT1/cmr/m/n/10.95 184\OML/cmm/m/it/1
0.95 :\OT1/cmr/m/n/10.95 4$ \T1/cmr/m/n/10.95 bzw. $\OT1/cmr/m/n/10.95 105\OML/
cmm/m/it/10.95 :\OT1/cmr/m/n/10.95 6$\T1/cmr/m/n/10.95 /$\OT1/cmr/m/n/10.95 388
\OML/cmm/m/it/10.95 :\OT1/cmr/m/n/10.95 6$\T1/cmr/m/n/10.95 ),
 []


Underfull \hbox (badness 1490) in paragraph at lines 110--111
\T1/cmr/m/n/10.95 Unterschied, der au-ÿer-halb des hier gesweep-ten
 []


Underfull \hbox (badness 1968) in paragraph at lines 110--111
\T1/cmr/m/n/10.95 ist die in Ÿ[]4.2[] ein-ge-führ-te Dis-zi-plin. Oh-ne ei-
 []


Underfull \hbox (badness 1365) in paragraph at lines 110--111
\T1/cmr/m/n/10.95 ne ex-pli-zit do-ku-men-tier-te, fi-xier-te Kon-fi-gu-ra-ti-o
n
 []


Underfull \hbox (badness 1946) in paragraph at lines 110--111
\T1/cmr/m/n/10.95 sind Krümmungs-basierte Sen-si-ti-vi-täts-wer-te zwi-
 []


Underfull \hbox (badness 10000) in paragraph at lines 115--116
\T1/cmr/m/n/10.95 Batch-Normalisierungs-Fusion al-lein er-höht die
 []


Underfull \hbox (badness 2662) in paragraph at lines 115--116
\T1/cmtt/m/n/10.95 conv1\T1/cmr/m/n/10.95 -Trace be-reits er-heb-lich, be-vor ü
ber-haupt
 []


Underfull \hbox (badness 10000) in paragraph at lines 115--116
\T1/cmr/m/n/10.95 FP32, \T1/cmtt/m/n/10.95 canonical_traces.csv\T1/cmr/m/n/10.9
5 ): $\OT1/cmr/m/n/10.95 11\OML/cmm/m/it/10.95 :\OT1/cmr/m/n/10.95 7\OMS/cmsy/m
/n/10.95 ^^B$ \T1/cmr/m/n/10.95 bei
 []


Underfull \hbox (badness 1642) in paragraph at lines 115--116
\T1/cmr/m/n/10.95 ResNet-50 ($\OT1/cmr/m/n/10.95 174\OML/cmm/m/it/10.95 :\OT1/c
mr/m/n/10.95 5$ \T1/cmr/m/n/10.95 vs. $\OT1/cmr/m/n/10.95 14\OML/cmm/m/it/10.95
 :\OT1/cmr/m/n/10.95 9$\T1/cmr/m/n/10.95 ), $\OT1/cmr/m/n/10.95 10\OML/cmm/m/it
/10.95 :\OT1/cmr/m/n/10.95 7\OMS/cmsy/m/n/10.95 ^^B$ \T1/cmr/m/n/10.95 bei ResN
et-
 []


Underfull \hbox (badness 6220) in paragraph at lines 115--116
\T1/cmr/m/n/10.95 18 ($\OT1/cmr/m/n/10.95 182\OML/cmm/m/it/10.95 :\OT1/cmr/m/n/
10.95 1$ \T1/cmr/m/n/10.95 vs. $\OT1/cmr/m/n/10.95 17\OML/cmm/m/it/10.95 :\OT1/
cmr/m/n/10.95 0$\T1/cmr/m/n/10.95 ), $\OT1/cmr/m/n/10.95 7\OML/cmm/m/it/10.95 :
\OT1/cmr/m/n/10.95 3\OMS/cmsy/m/n/10.95 ^^B$ \T1/cmr/m/n/10.95 beim \T1/cmtt/m/
n/10.95 cnn \T1/cmr/m/n/10.95 ($\OT1/cmr/m/n/10.95 460\OML/cmm/m/it/10.95 :\OT1
/cmr/m/n/10.95 5$
 []


Underfull \hbox (badness 2980) in paragraph at lines 115--116
\T1/cmr/m/n/10.95 vs. $\OT1/cmr/m/n/10.95 63\OML/cmm/m/it/10.95 :\OT1/cmr/m/n/1
0.95 1$\T1/cmr/m/n/10.95 ). Ta-bel-le []5[] setzt dies in Be-zug zur
 []


Underfull \hbox (badness 10000) in paragraph at lines 115--116
\T1/cmr/m/n/10.95 zu-sätz-li-chen Am-pli-fi-ka-ti-on durch PTQ selbst
 []


Underfull \hbox (badness 2351) in paragraph at lines 138--139
\T1/cmr/m/n/10.95 Scha-den), wel-chen Rang $\OML/cmm/m/it/10.95 S[]$ \T1/cmr/m/
n/10.95 der Schicht mit
 []


Underfull \hbox (badness 1259) in paragraph at lines 138--139
\T1/cmr/m/n/10.95 dem tat-säch-lich gröÿ-ten Scha-den zu-weist, so-wie
 []


Underfull \hbox (badness 10000) in paragraph at lines 138--139
\T1/cmtt/m/n/10.95 weight_ablation_loss_damage_correlation.csv\T1/cmr/m/n/10.95
 ,
 []


Underfull \vbox (badness 10000) has occurred while \output is active []

 [11]
Overfull \hbox (67.59103pt too wide) in paragraph at lines 145--157
 [][] 
 []


Underfull \vbox (badness 10000) has occurred while \output is active []

<figures/fig_06_ranking_curves.pdf, id=472, 303.534pt x 245.718pt>
File: figures/fig_06_ranking_curves.pdf Graphic file (type pdf)
<use figures/fig_06_ranking_curves.pdf>
Package pdftex.def Info: figures/fig_06_ranking_curves.pdf  used on input line 
165.
(pdftex.def)             Requested size: 210.40956pt x 170.32921pt.

Underfull \hbox (badness 3417) in paragraph at lines 166--166
[]\T1/cmr/m/n/10.95 Abbildung 2: |Ku-mu-la-ti-ve Rang-Kurven: An-teil
 []


Underfull \hbox (badness 1831) in paragraph at lines 166--166
\T1/cmr/m/n/10.95 der 6 PTQ-Kombinationen, in de-nen die wah-
 []


Underfull \hbox (badness 3009) in paragraph at lines 166--166
\T1/cmr/m/n/10.95 go-na-le = Zufalls-Rang-Erwartung. Er-zeugt von
 []


Underfull \hbox (badness 10000) in paragraph at lines 171--172
\T1/cmr/m/n/10.95 mit den zu-ge-hö-ri-gen Spearman-Korrelationen
 []


Underfull \hbox (badness 10000) in paragraph at lines 171--172
\T1/cmr/m/n/10.95 und Bootstrap-Konfidenzintervallen. Die vol-
 []


Underfull \hbox (badness 1424) in paragraph at lines 171--172
\T1/cmr/m/n/10.95 le Rang-kor-re-la-ti-on ist ins-ge-samt fra-gil. Von 18
 []


Underfull \hbox (badness 1112) in paragraph at lines 171--172
\T1/cmr/m/n/10.95 da-von vier für $\OML/cmm/m/it/10.95 S[]$ \T1/cmr/m/n/10.95 b
zw. $\OML/cmm/m/it/10.95 S[]$ \T1/cmr/m/n/10.95 mit \T1/cmr/m/it/10.95 ne-ga-ti
-vem
 []

[12 <./figures/fig_06_ranking_curves.pdf>]
<figures/fig_01_facet_plot.pdf, id=544, 505.89pt x 260.17201pt>
File: figures/fig_01_facet_plot.pdf Graphic file (type pdf)
<use figures/fig_01_facet_plot.pdf>
Package pdftex.def Info: figures/fig_01_facet_plot.pdf  used on input line 175.

(pdftex.def)             Requested size: 247.5389pt x 127.30675pt.

Underfull \hbox (badness 10000) in paragraph at lines 176--176
[]\T1/cmr/m/n/10.95 Abbildung 3: |Score-Wert (log-Skala) vs. ge-
 []


Underfull \hbox (badness 5607) in paragraph at lines 176--176
\T1/cmr/m/n/10.95 mes-se-ner \T1/cmtt/m/n/10.95 abs_loss_damage\T1/cmr/m/n/10.9
5 , PTQ; obe-re Zei-le
 []


Underfull \hbox (badness 10000) in paragraph at lines 176--176
\T1/cmr/m/n/10.95 Image-Net100, un-te-re Zei-le CI-FAR10, Spal-ten
 []


Underfull \hbox (badness 10000) in paragraph at lines 176--176
\T1/cmr/m/n/10.95 CNN/ResNet-18/ResNet-50. Of-fe-ne Dia-man-
 []


Underfull \hbox (badness 7012) in paragraph at lines 176--176
\T1/cmr/m/n/10.95 ten mar-kie-ren die wah-re Top-Damage-Schicht
 []


Underfull \hbox (badness 10000) in paragraph at lines 176--176
\T1/cmr/m/n/10.95 (be-schrif-tet, wo nicht \T1/cmtt/m/n/10.95 conv1\T1/cmr/m/n/
10.95 ). Je-des Panel-
 []


Underfull \hbox (badness 5607) in paragraph at lines 176--176
\T1/cmr/m/n/10.95 Inset zeigt Spearman-$\OML/cmm/m/it/10.95 ^^Z$ \T1/cmr/m/n/10
.95 mit 95%-Bootstrap-CI
 []


Underfull \hbox (badness 1215) in paragraph at lines 183--184
\T1/cmr/m/n/10.95 le: \T1/cmtt/m/n/10.95 predictor_concordance.csv\T1/cmr/m/n/1
0.95 ). Bei ResNet-50
 []


Underfull \hbox (badness 1215) in paragraph at lines 183--184
\T1/cmr/m/n/10.95 CI-FAR10, $\OML/cmm/m/it/10.95 ^^Z \OT1/cmr/m/n/10.95 = 0\OML
/cmm/m/it/10.95 :\OT1/cmr/m/n/10.95 83$ \T1/cmr/m/n/10.95 Image-Net100), so-das
s der
 []


Underfull \hbox (badness 10000) in paragraph at lines 188--188
[]\T1/cmr/m/n/10.95 Tabelle 7: |Paar-wei-se Spearman-$\OML/cmm/m/it/10.95 ^^Z$ 
\T1/cmr/m/n/10.95 zwi-schen den drei Score-Werten, PTQ. Quel-le:
 []

[13 <./figures/fig_01_facet_plot.pdf>]
Underfull \hbox (badness 3579) in paragraph at lines 230--231
\T1/cmr/m/n/10.95 man statt der ka-no-ni-schen fu-sio-nier-ten FP32-
 []


Underfull \hbox (badness 1308) in paragraph at lines 230--231
\T1/cmr/m/n/10.95 Trace die Trace-Elevation re-la-tiv zur Zu-fall-si-ni-
 []


Underfull \hbox (badness 5274) in paragraph at lines 230--231
\T1/cmr/m/n/10.95 (\T1/cmtt/m/n/10.95 random_init_summary.csv\T1/cmr/m/n/10.95 
, un-fu-sio-nier-te Ba-sis,
 []


Underfull \hbox (badness 2573) in paragraph at lines 230--231
\T1/cmr/m/n/10.95 Ÿ[]5.3[]), so er-gibt sich für CI-FAR10 ei-ne an-de-
 []


Underfull \hbox (badness 4726) in paragraph at lines 230--231
\T1/cmr/m/n/10.95 re Trace-Spike-Schicht pro Mo-dell (ResNet-50:
 []


Underfull \hbox (badness 2326) in paragraph at lines 235--236
\T1/cmr/m/n/10.95 Trace über die KFAC-Faktorisierung $[]\OT1/cmr/m/n/10.95 (\OM
L/cmm/m/it/10.95 F\OT1/cmr/m/n/10.95 ) \OMS/cmsy/m/n/10.95 ^^Y
 []


Underfull \hbox (badness 3354) in paragraph at lines 235--236
[]\OT1/cmr/m/n/10.95 (\OML/cmm/m/it/10.95 A\OT1/cmr/m/n/10.95 ) \OMS/cmsy/m/n/1
0.95 ^^A []\OT1/cmr/m/n/10.95 (\OML/cmm/m/it/10.95 G\OT1/cmr/m/n/10.95 )$ \T1/c
mr/m/n/10.95 vor-her-zu-sa-gen (Ÿ[]2.4[]). Ta-bel-le []9[]
 []


Underfull \hbox (badness 10000) in paragraph at lines 260--260
[]\T1/cmr/m/n/10.95 Tabelle 10: |Struk-tu-rel-le De-skrip-to-
 []


Underfull \hbox (badness 10000) in paragraph at lines 260--260
\T1/cmr/m/n/10.95 ren der Trace-Spike-Schichten. Quel-le:
 []


Underfull \hbox (badness 10000) in paragraph at lines 268--268
[]|\T1/cmtt/m/n/9 layer1.1.
 []


Overfull \hbox (0.52113pt too wide) in paragraph at lines 262--273
 [][] 
 []


Underfull \hbox (badness 1147) in paragraph at lines 275--276
[]\T1/cmr/m/n/10.95 Das KFAC-Scheitern wird als ehr-li-ches Ne-ga-
 []


Underfull \hbox (badness 1496) in paragraph at lines 275--276
\T1/cmr/m/n/10.95 mit der ver-wen-de-ten Im-ple-men-tie-rung im PoT-
 []


Underfull \hbox (badness 2626) in paragraph at lines 275--276
\T1/cmr/m/n/10.95 zur ar-chi-tek-to-ni-schen Ur-sa-che (Fan-in-getrieben,
 []


Underfull \hbox (badness 10000) in paragraph at lines 275--276
\T1/cmr/m/n/10.95 Output-Map-Gröÿe-getrieben, vorangehender-$\OML/cmm/m/it/10.9
5 A$\T1/cmr/m/n/10.95 -
 []


Underfull \hbox (badness 2181) in paragraph at lines 275--276
\T1/cmr/m/n/10.95 Faktor-getrieben; \T1/cmtt/m/n/10.95 spike_layer_attribution.
csv\T1/cmr/m/n/10.95 )
 []


Underfull \hbox (badness 1142) in paragraph at lines 275--276
\T1/cmr/m/n/10.95 tes-te-ten Schicht-Deskriptor-Paare ^^R   un-de-ter-mi-ned^^P
 ,
 []


Underfull \hbox (badness 2035) in paragraph at lines 275--276
\T1/cmr/m/n/10.95 und Image-Net100 (\T1/cmtt/m/n/10.95 resolution_contrast_rati
o\T1/cmr/m/n/10.95 )
 []


Underfull \vbox (badness 10000) has occurred while \output is active []

 [14]
Underfull \hbox (badness 1584) in paragraph at lines 282--283
\T1/cmr/bx/n/10.95 un-ter QAT kaum. \T1/cmr/m/n/10.95 Ver-gleicht man die ka-no
-
 []


Underfull \hbox (badness 10000) in paragraph at lines 284--285
[]\T1/cmr/bx/n/10.95 Die Score-vs-Schaden-Beziehung bricht
 []


Underfull \hbox (badness 2781) in paragraph at lines 284--285
\T1/cmr/bx/n/10.95 men. \T1/cmr/m/n/10.95 Ab-bil-dung []4[] zeigt das QAT-Gegen
stück
 []


Underfull \hbox (badness 3826) in paragraph at lines 284--285
\T1/cmr/m/n/10.95 zu Ab-bil-dung []3[] (Bootstrap-Rho und CI hier
 []


Underfull \hbox (badness 2134) in paragraph at lines 284--285
\T1/cmr/m/n/10.95 di-rekt aus den QAT-Per-Layer-Werten neu be-
 []


Underfull \hbox (badness 10000) in paragraph at lines 284--285
\T1/cmr/m/n/10.95 rech-net, da \T1/cmtt/m/n/10.95 bootstrap_ci_spearman_loss.cs
v
 []


Underfull \hbox (badness 1303) in paragraph at lines 284--285
\T1/cmr/m/n/10.95 nur PTQ ab-deckt; Me-tho-dik iden-tisch zu Ÿ[]4.4[],
 []


Underfull \hbox (badness 6188) in paragraph at lines 284--285
\T1/cmr/m/n/10.95 QAT-Score$\OMS/cmsy/m/n/10.95 ^^B$\T1/cmr/m/n/10.95 Kombinati
on-Paaren ist \T1/cmr/m/it/10.95 kei-nes \T1/cmr/m/n/10.95 bei
 []


Underfull \hbox (badness 3895) in paragraph at lines 284--285
\OML/cmm/m/it/10.95 p < \OT1/cmr/m/n/10.95 0\OML/cmm/m/it/10.95 :\OT1/cmr/m/n/1
0.95 05$ \T1/cmr/m/n/10.95 si-gni-fi-kant (kleins-ter $\OML/cmm/m/it/10.95 p$\T
1/cmr/m/n/10.95 -Wert $\OT1/cmr/m/n/10.95 0\OML/cmm/m/it/10.95 :\OT1/cmr/m/n/10
.95 10$\T1/cmr/m/n/10.95 ,
 []


Underfull \hbox (badness 10000) in paragraph at lines 284--285
\T1/cmr/m/n/10.95 cher als das ei-ne ge-nau-ig-keits-ba-sier-te QAT-
 []


Underfull \hbox (badness 10000) in paragraph at lines 284--285
\T1/cmr/m/n/10.95 Ergebnis, das im ur-sprüng-li-chen Be-richt-s-ent-
 []


Underfull \hbox (badness 10000) in paragraph at lines 284--285
\T1/cmr/m/n/10.95 wurf no-tiert wur-de (ResNet-18/ImageNet100,
 []


Underfull \hbox (badness 10000) in paragraph at lines 284--285
\OML/cmm/m/it/10.95 S[]$\T1/cmr/m/n/10.95 , $\OML/cmm/m/it/10.95 ^^Z \OT1/cmr/m
/n/10.95 = \OMS/cmsy/m/n/10.95 ^^@\OT1/cmr/m/n/10.95 0\OML/cmm/m/it/10.95 :\OT1
/cmr/m/n/10.95 47$\T1/cmr/m/n/10.95 , $\OML/cmm/m/it/10.95 p \OT1/cmr/m/n/10.95
 = 0\OML/cmm/m/it/10.95 :\OT1/cmr/m/n/10.95 031$\T1/cmr/m/n/10.95 ; Quel-le:
 []


Overfull \hbox (8.69054pt too wide) in paragraph at lines 284--285
\T1/cmtt/m/n/10.95 weight_ablation_canonical_correlation_v2.csv\T1/cmr/m/n/10.9
5 ). 
 []

<figures/fig_03_qat_facet.pdf, id=697, 505.89pt x 260.17201pt>
File: figures/fig_03_qat_facet.pdf Graphic file (type pdf)
<use figures/fig_03_qat_facet.pdf>
Package pdftex.def Info: figures/fig_03_qat_facet.pdf  used on input line 288.
(pdftex.def)             Requested size: 247.5389pt x 127.30675pt.

Underfull \hbox (badness 1062) in paragraph at lines 289--289
[]\T1/cmr/m/n/10.95 Abbildung 4: |QAT-Gegenstück zu Ab-bil-dung []3[]:
 []


Underfull \hbox (badness 3343) in paragraph at lines 289--289
\T1/cmr/m/n/10.95 Bootstrap-CI di-rekt aus den QAT-Werten be-
 []


Underfull \hbox (badness 3179) in paragraph at lines 289--289
\T1/cmr/m/n/10.95 rech-net ($\OML/cmm/m/it/10.95 B \OT1/cmr/m/n/10.95 = 2000$\T
1/cmr/m/n/10.95 , Seed 42). Er-zeugt von
 []


Underfull \hbox (badness 5592) in paragraph at lines 298--299
\T1/cmr/m/n/10.95 Die Ker-n-ana-ly-se (Ÿ[]5.6[]) rankt Schich-ten nach
 []


Underfull \vbox (badness 10000) has occurred while \output is active []

 [15 <./figures/fig_03_qat_facet.pdf>]
<figures/fig_04_signed_damage.pdf, id=808, 505.89pt x 260.17201pt>
File: figures/fig_04_signed_damage.pdf Graphic file (type pdf)
<use figures/fig_04_signed_damage.pdf>
Package pdftex.def Info: figures/fig_04_signed_damage.pdf  used on input line 3
02.
(pdftex.def)             Requested size: 247.5389pt x 127.30675pt.

Underfull \hbox (badness 1406) in paragraph at lines 303--303
\T1/cmr/m/n/10.95 Achse; ge-stri-chel-te Li-nie bei Null. Er-zeugt von
 []


Underfull \hbox (badness 7981) in paragraph at lines 307--308
[]\T1/cmr/m/n/10.95 Unter PTQ ist der Vor-zei-chen-wech-sel sel-
 []


Underfull \hbox (badness 2547) in paragraph at lines 307--308
\T1/cmr/m/n/10.95 ten, aber nicht ver-nach-läs-sig-bar: von den 162
 []


Underfull \hbox (badness 2237) in paragraph at lines 307--308
\T1/cmr/m/n/10.95 sind 49 ($\OT1/cmr/m/n/10.95 30 %$\T1/cmr/m/n/10.95 ) ne-ga-t
iv, das heiÿt, die iso-lier-
 []


Underfull \hbox (badness 5741) in paragraph at lines 312--313
\T1/cmr/m/n/10.95 Beschleunigung (INT8 re-la-tiv zu FP32, über
 []


Underfull \hbox (badness 7796) in paragraph at lines 312--313
\T1/cmr/m/n/10.95 ei-ne Rei-he von Batch-Gröÿen ge-mit-telt) auf
 []


Underfull \hbox (badness 1337) in paragraph at lines 312--313
\T1/cmr/m/n/10.95 Konfigurationen: die rei-ne Ge-wichts-quan-ti-sie-rung
 []


Underfull \hbox (badness 6592) in paragraph at lines 312--313
\T1/cmr/m/n/10.95 (\T1/cmtt/m/n/10.95 int8_weight_only\T1/cmr/m/n/10.95 ) und d
ie dy-na-mi-sche Ak-
 []


Underfull \hbox (badness 10000) in paragraph at lines 312--313
\T1/cmr/m/n/10.95 ti-vie-rungs-quan-ti-sie-rung (\T1/cmtt/m/n/10.95 int8_dynami
c_act\T1/cmr/m/n/10.95 ).
 []


Underfull \hbox (badness 5592) in paragraph at lines 312--313
\T1/cmr/m/n/10.95 Kom-bi-na-tio-nen und bei-de Quan-ti-sie-rungs-stu-fen
 []


Underfull \hbox (badness 5726) in paragraph at lines 312--313
\T1/cmr/m/n/10.95 (PTQ/QAT-Checkpoint als Aus-gangs-punkt der
 []


Underfull \hbox (badness 10000) in paragraph at lines 312--313
\T1/cmr/m/n/10.95 Deployment-Konvertierung) einen voll-stän-di-gen
 []


Underfull \hbox (badness 3514) in paragraph at lines 333--334
[]\T1/cmr/m/n/10.95 Die dy-na-mi-sche Ak-ti-vie-rungs-quan-ti-sie-rung ist
 []


Underfull \hbox (badness 5533) in paragraph at lines 333--334
\T1/cmr/m/n/10.95 men-tiert. tor-chao 0.17s Standard-Filterfunktion
 []


Underfull \hbox (badness 10000) in paragraph at lines 333--334
\T1/cmr/m/n/10.95 für \T1/cmtt/m/n/10.95 Int8DynamicActivationInt8WeightConfig
 []


Underfull \hbox (badness 10000) in paragraph at lines 333--334
\T1/cmr/m/n/10.95 er-fasst aus-schlieÿ-lich \T1/cmtt/m/n/10.95 nn.Linear\T1/cmr
/m/n/10.95 -Schichten
 []


Underfull \hbox (badness 10000) in paragraph at lines 333--334
\T1/cmr/m/n/10.95 (\T1/cmtt/m/n/10.95 aten.linear\T1/cmr/m/n/10.95 /\T1/cmtt/m/
n/10.95 aten.mm\T1/cmr/m/n/10.95 ), nicht \T1/cmtt/m/n/10.95 aten.conv2d\T1/cmr
/m/n/10.95 ;
 []


Underfull \hbox (badness 10000) in paragraph at lines 333--334
\T1/cmr/m/n/10.95 die ein-zi-ge Conv2d-fähige Kon-fi-gu-ra-ti-on,
 []


Underfull \hbox (badness 10000) in paragraph at lines 333--334
\T1/cmtt/m/n/10.95 IntxWeightOnlyConfig\T1/cmr/m/n/10.95 , de-quan-ti-siert bei
 je-
 []


Underfull \hbox (badness 4441) in paragraph at lines 333--334
\T1/cmr/m/n/10.95 dem Vor-wärts-durch-lauf zu-rück auf FP32 und
 []


Underfull \hbox (badness 6032) in paragraph at lines 333--334
\T1/cmr/m/n/10.95 führt ei-ne ge-wöhn-li-che FP32-Faltung aus. In
 []


Underfull \hbox (badness 10000) in paragraph at lines 333--334
\T1/cmr/m/n/10.95 ti-mier-ter INT8-Faltungskernel. Der mo-de-ra-te
 []


Underfull \hbox (badness 10000) in paragraph at lines 333--334
\T1/cmr/m/n/10.95 Ge-schwin-dig-keits-ge-winn von \T1/cmtt/m/n/10.95 int8_weigh
t_only
 []


Underfull \hbox (badness 10000) in paragraph at lines 333--334
\T1/cmr/m/n/10.95 Aktivierungs-Quantisierungskosten der dy-na-mi-
 []


Underfull \hbox (badness 1436) in paragraph at lines 339--340
\T1/cmr/m/n/10.95 al-so ein theo-re-ti-sches Ma-xi-mum von $\OT1/cmr/m/n/10.95 
4\OMS/cmsy/m/n/10.95 ^^B$ \T1/cmr/m/n/10.95 rei-ner
 []


Underfull \hbox (badness 1014) in paragraph at lines 339--340
\T1/cmr/m/n/10.95 se-ner Spei-cher-re-duk-ti-ons-fak-tor (et-wa über nicht-
 []


Underfull \hbox (badness 1769) in paragraph at lines 342--343
[]\T1/cmr/bx/n/10.95 Gesamtbefund. \T1/cmr/m/n/10.95 Der PoT-Bitshift-Vorteil a
us
 []

[16 <./figures/fig_04_signed_damage.pdf>]
Underfull \hbox (badness 10000) in paragraph at lines 345--346
[]\T1/cmr/bx/n/10.95 Eager-Mode-Referenzmessung. \T1/cmr/m/n/10.95 Er-gän-zend
 []


Underfull \hbox (badness 10000) in paragraph at lines 345--346
\T1/cmr/m/n/10.95 (Quel-le: \T1/cmtt/m/n/10.95 ptq_summary.csv\T1/cmr/m/n/10.95
 , \T1/cmtt/m/n/10.95 qat_summary.csv\T1/cmr/m/n/10.95 ).
 []


Underfull \hbox (badness 3000) in paragraph at lines 350--350
[]\T1/cmr/m/n/10.95 Tabelle 12: |FP32-, PTQ- und QAT-Durchsatz
 []


Underfull \hbox (badness 10000) in paragraph at lines 350--350
\T1/cmr/m/n/10.95 (Bil-der/s) in Py-Torchs eager-mode-PTQ, oh-
 []


Underfull \hbox (badness 10000) in paragraph at lines 350--350
\T1/cmr/m/n/10.95 ne Backend-Kernel. Quel-le: \T1/cmtt/m/n/10.95 ptq_summary.cs
v\T1/cmr/m/n/10.95 ,
 []


Overfull \hbox (89.78824pt too wide) in paragraph at lines 352--364
 [][] 
 []


Underfull \hbox (badness 10000) in paragraph at lines 366--366
[]\T1/cmr/bx/n/12 Accuracy-vs-Loss-Robustheits-
 []


Underfull \hbox (badness 10000) in paragraph at lines 369--370
\T1/cmr/m/n/10.95 wie-der-holt (\T1/cmtt/m/n/10.95 weight_ablation_canonical_v2
.csv
 []


Underfull \hbox (badness 10000) in paragraph at lines 369--370
\T1/cmr/m/n/10.95 und des-sen ImageNet100-Variante,
 []


Overfull \hbox (8.69054pt too wide) in paragraph at lines 369--370
\T1/cmtt/m/n/10.95 weight_ablation_canonical_correlation_v2.csv\T1/cmr/m/n/10.9
5 ).
 []


Underfull \hbox (badness 10000) in paragraph at lines 372--373
[]\T1/cmr/m/n/10.95 Was sich ver-schiebt, ist die Signifikanz-
 []


Underfull \hbox (badness 10000) in paragraph at lines 372--373
\T1/cmr/m/n/10.95 Zusammensetzung. Un-ter ge-nau-ig-keits-ba-sier-
 []


Underfull \hbox (badness 1755) in paragraph at lines 372--373
\T1/cmr/m/n/10.95 tem Scha-den sind 3 von 18 Kor-re-la-tio-nen bei
 []


Underfull \hbox (badness 4699) in paragraph at lines 372--373
\T1/cmr/m/n/10.95 50/ImageNet100 $\OML/cmm/m/it/10.95 S[]$\T1/cmr/m/n/10.95 , \
T1/cmtt/m/n/10.95 cnn\T1/cmr/m/n/10.95 /ImageNet100 $\OML/cmm/m/it/10.95 S[]$\T
1/cmr/m/n/10.95 ),
 []


Underfull \hbox (badness 3895) in paragraph at lines 372--373
\T1/cmr/m/n/10.95 Dass mehr Kor-re-la-tio-nen un-ter dem Loss-Ziel
 []


Underfull \hbox (badness 1320) in paragraph at lines 375--376
\T1/cmr/m/n/10.95 bar, in-dem sie für al-le 18 Score$\OMS/cmsy/m/n/10.95 ^^B$\T
1/cmr/m/n/10.95 Kombination-
 []

<figures/fig_05_acc_loss_comparison.pdf, id=942, 289.08pt x 289.08pt>
File: figures/fig_05_acc_loss_comparison.pdf Graphic file (type pdf)
<use figures/fig_05_acc_loss_comparison.pdf>
Package pdftex.def Info: figures/fig_05_acc_loss_comparison.pdf  used on input 
line 379.
(pdftex.def)             Requested size: 210.40956pt x 210.40909pt.

Underfull \hbox (badness 10000) in paragraph at lines 380--380
[]\T1/cmr/m/n/10.95 Abbildung 6: |Spearman-$\OML/cmm/m/it/10.95 ^^Z$ \T1/cmr/m/
n/10.95 je der 18
 []


Underfull \hbox (badness 5622) in paragraph at lines 380--380
\T1/cmr/m/n/10.95 Score$\OMS/cmsy/m/n/10.95 ^^B$\T1/cmr/m/n/10.95 Kombination-P
aare, loss-basiert (x-Achse,
 []


Underfull \hbox (badness 2653) in paragraph at lines 380--380
\T1/cmr/m/n/10.95 Ÿ[]5.6[]) ge-gen ge-nau-ig-keits-ba-siert (y-Achse, die-ser
 []

) (./sections/06_discussion.tex
Underfull \hbox (badness 5274) in paragraph at lines 7--8
\T1/cmr/m/n/10.95 Die Taylor-Motivation hin-ter dem HAWQ-V2-
 []


Underfull \vbox (badness 10000) has occurred while \output is active []

 [17]
Underfull \hbox (badness 1127) in paragraph at lines 13--14
\T1/cmr/m/n/10.95 Pro-dukt-bil-dung ge-nau un-ter PoT. Das Pro-dukt
 []


Underfull \hbox (badness 1789) in paragraph at lines 15--15
[]\T1/cmr/bx/n/12 Konfigurations-Sensitivität als me-
 []

[18 <./figures/fig_05_acc_loss_comparison.pdf>]
Underfull \hbox (badness 1389) in paragraph at lines 31--32
\T1/cmr/m/n/10.95 ner auf den ers-ten Blick über-ra-schen-den Kom-
 []


Underfull \hbox (badness 1762) in paragraph at lines 31--32
\T1/cmr/m/n/10.95 bi-na-ti-on. Ei-ner-seits ver-än-dert QAT die \T1/cmr/m/it/10
.95 re-la-ti-ve
 []


Underfull \hbox (badness 6300) in paragraph at lines 33--33
[]\T1/cmr/bx/n/12 Deployment-Realität vs. theo-re-ti-
 []


Underfull \hbox (badness 2376) in paragraph at lines 36--37
\T1/cmr/m/n/10.95 ist ei-ne Ei-gen-schaft der Arith-me-tik und nicht
 []


Underfull \hbox (badness 2990) in paragraph at lines 36--37
\T1/cmr/m/n/10.95 au-to-ma-tisch ei-ne Ei-gen-schaft je-der ver-füg-ba-ren
 []


Underfull \hbox (badness 10000) in paragraph at lines 36--37
\T1/cmr/m/n/10.95 Ergebnisse (Ÿ[]5.11[]) zei-gen die-sen Un-ter-schied
 []


Underfull \hbox (badness 10000) in paragraph at lines 36--37
\T1/cmr/m/n/10.95 deut-lich. Auf ei-ner Standard-Rechenzentrums-
 []


Underfull \hbox (badness 1173) in paragraph at lines 36--37
\T1/cmr/m/n/10.95 GPU (A100) mit ei-nem ak-tu-el-len, aber in sei-
 []


Underfull \hbox (badness 10000) in paragraph at lines 36--37
\T1/cmr/m/n/10.95 ner Faltungs-Kernel-Abdeckung ein-ge-schränk-ten
 []


Underfull \hbox (badness 2932) in paragraph at lines 36--37
\T1/cmr/m/n/10.95 Quantisierungs-Framework (tor-chao 0.17) bringt
 []


Underfull \hbox (badness 4726) in paragraph at lines 36--37
\T1/cmr/m/n/10.95 INT8-Hardware-Unterstützung (AVX-512 VN-NI)
 []


Underfull \hbox (badness 4060) in paragraph at lines 45--46
[]\T1/cmr/bx/n/10.95 Ein Trainings-Seed pro Kom-bi-na-ti-on.
 []


Underfull \hbox (badness 10000) in paragraph at lines 45--46
\T1/cmr/m/n/10.95 Seeds ge-mit-telt. Die Cross-Seed-Varianz
 []


Underfull \hbox (badness 10000) in paragraph at lines 45--46
\T1/cmr/m/n/10.95 der Top-Damage-Layer-Identifikation ist
 []


Underfull \hbox (badness 4205) in paragraph at lines 45--46
\T1/cmr/m/n/10.95 Ränge könn-ten sich un-ter ei-nem an-de-ren
 []


Underfull \hbox (badness 2828) in paragraph at lines 45--46
\T1/cmr/m/n/10.95 Trainings-Seed ver-schie-ben. Als ro-bust gilt
 []


Underfull \hbox (badness 10000) in paragraph at lines 45--46
\T1/cmr/m/n/10.95 Layer-Identität, der $\OML/cmm/m/it/10.95 S[]$\T1/cmr/m/n/10.
95 -vs-$\OML/cmm/m/it/10.95 S[]$\T1/cmr/m/n/10.95 -Vergleich
 []


Underfull \hbox (badness 6047) in paragraph at lines 46--47
\T1/cmr/m/n/10.95 wur-den mit un-ter-schied-li-chem Hutchinson-
 []


Underfull \hbox (badness 1694) in paragraph at lines 46--47
\T1/cmr/m/n/10.95 Proben-Budget ver-mes-sen, aus rech-ne-ri-scher
 []

[19]
Underfull \hbox (badness 2856) in paragraph at lines 48--49
\T1/cmr/bx/n/10.95 präzise Quan-ti-sie-rung. \T1/cmr/m/n/10.95 Die Ker-naus-sa-
ge,
 []


Underfull \hbox (badness 2435) in paragraph at lines 48--49
\T1/cmr/m/n/10.95 PoT-Grid-Alignment-Effekte ir-re-ge-führt wird
 []


Underfull \hbox (badness 2020) in paragraph at lines 48--49
\T1/cmr/m/n/10.95 und wie stark sie sich auf uni-for-me oder
 []


Underfull \hbox (badness 1675) in paragraph at lines 49--50
\T1/cmr/m/n/10.95 zier-ter zu in-ter-pre-tie-ren, da iso-lier-te QAT-
 []


Underfull \hbox (badness 10000) in paragraph at lines 51--52
[]\T1/cmr/bx/n/10.95 ImageNet100-Auflösungskontrast für
 []


Underfull \hbox (badness 1708) in paragraph at lines 51--52
\T1/cmr/bx/n/10.95 Pha-se 6 nicht aus-wert-bar: \T1/cmr/m/n/10.95 Der für ei-
 []


Underfull \hbox (badness 7151) in paragraph at lines 51--52
\T1/cmr/m/n/10.95 ne Dis-kri-mi-nie-rung der KFAC-Hypothesen
 []


Underfull \hbox (badness 10000) in paragraph at lines 51--52
\T1/cmr/m/n/10.95 (\T1/cmtt/m/n/10.95 resolution_contrast_ratio\T1/cmr/m/n/10.9
5 ) ist in den
 []


Underfull \hbox (badness 10000) in paragraph at lines 52--53
[]\T1/cmr/bx/n/10.95 Unvollständige CPU-Deployment-
 []


Underfull \hbox (badness 7685) in paragraph at lines 52--53
\T1/cmr/bx/n/10.95 Messung \T1/cmr/m/n/10.95 (Ÿ[]5.11[]): Der fbgemm-CPU-Pfad
 []

) (./sections/07_conclusion.tex
Underfull \hbox (badness 1184) in paragraph at lines 4--5
\T1/cmr/m/n/10.95 Krüm-mungs-me-tri-ken vor-her-sa-gen kön-nen, wel-che
 []


Underfull \hbox (badness 3058) in paragraph at lines 4--5
\T1/cmr/m/n/10.95 Schich-ten ei-nes CNN un-ter der Power-of-Two-
 []


Underfull \hbox (badness 1127) in paragraph at lines 7--8
\T1/cmr/m/n/10.95 zeigt, dass die für die Ana-ly-se zen-tra-le \T1/cmtt/m/n/10.
95 conv1\T1/cmr/m/n/10.95 -
 []


Underfull \hbox (badness 1097) in paragraph at lines 7--8
\T1/cmr/m/n/10.95 Trai-ning ent-steht und nicht be-reits bei In-itia-li-
 []


Underfull \hbox (badness 1354) in paragraph at lines 7--8
\T1/cmr/m/n/10.95 zeigt wei-ter, dass die-se Spit-ze über-wie-gend ein
 []


Underfull \hbox (badness 1210) in paragraph at lines 7--8
\T1/cmr/m/n/10.95 Ef-fekt der Batch-Normalisierungs-Fusion ist und
 []


Underfull \hbox (badness 1629) in paragraph at lines 7--8
\T1/cmr/m/n/10.95 me des \T1/cmtt/m/n/10.95 cnn\T1/cmr/m/n/10.95 , wo PTQ zu-sä
tz-lich mo-de-rat ver-
 []


Underfull \hbox (badness 1048) in paragraph at lines 10--11
\T1/cmr/m/n/10.95 Störungsgröÿe mit der wah-ren Sen-si-ti-vi-tät \T1/cmr/m/it/1
0.95 anti-
 []

[20]
Underfull \hbox (badness 3954) in paragraph at lines 16--17
\T1/cmr/m/n/10.95 jekt zwei me-tho-di-sche Bei-trä-ge mit Reich-wei-
 []

)
Underfull \hbox (badness 1708) in paragraph at lines 51--51
[]\T1/cmr/m/n/10.95 Zhen Dong u.a. ^^R  HA-WQ: Hes-si-an AWa-re
 []


Underfull \hbox (badness 4181) in paragraph at lines 51--51
[]\T1/cmr/m/n/10.95 Mahmoud El-ge-ne-dy. \T1/cmr/m/it/10.95 Power-of-Two (PoT)
 []


Underfull \hbox (badness 10000) in paragraph at lines 51--51
[]\T1/cmr/m/n/10.95 Roger Gros-se und Ja-mes Mar-tens. ^^R  A
 []

[21]
Underfull \hbox (badness 1365) in paragraph at lines 51--51
[]\T1/cmr/m/n/10.95 Levent Sa-gun u.a. ^^R  Em-pi-ri-cal Ana-ly-sis of
 []

[22] (./main.aux)
 ***********
LaTeX2e <2025-11-01>
L3 programming layer <2026-01-19>
 ***********
Package rerunfilecheck Info: File `main.out' has not changed.
(rerunfilecheck)             Checksum: 52861ECE1C39A40594B0E155D1C46F31;8502.
Package logreq Info: Writing requests to 'main.run.xml'.
\openout1 = `main.run.xml'.

 ) 
Here is how much of TeX's memory you used:
 26918 strings out of 469462
 518764 string characters out of 5468615
 1364423 words of memory out of 5000000
 55165 multiletter control sequences out of 15000+600000
 652668 words of font info for 105 fonts, out of 8000000 for 9000
 16 hyphenation exceptions out of 8191
 75i,11n,79p,2621b,2371s stack positions out of 10000i,1000n,20000p,200000b,200000s
</usr/share/texmf-dist/fonts/type1/public/amsfonts/cm/cmbx10.pfb></usr/share/
texmf-dist/fonts/type1/public/amsfonts/cm/cmex10.pfb></usr/share/texmf-dist/fon
ts/type1/public/amsfonts/cm/cmmi10.pfb></usr/share/texmf-dist/fonts/type1/publi
c/amsfonts/cm/cmmi8.pfb></usr/share/texmf-dist/fonts/type1/public/amsfonts/cm/c
mr10.pfb></usr/share/texmf-dist/fonts/type1/public/amsfonts/cm/cmr7.pfb></usr/s
hare/texmf-dist/fonts/type1/public/amsfonts/cm/cmr8.pfb></usr/share/texmf-dist/
fonts/type1/public/amsfonts/cm/cmsy10.pfb></usr/share/texmf-dist/fonts/type1/pu
blic/amsfonts/cm/cmsy7.pfb></usr/share/texmf-dist/fonts/type1/public/amsfonts/c
m/cmsy8.pfb></usr/share/texmf-dist/fonts/type1/public/amsfonts/symbols/msbm10.p
fb></usr/share/texmf-dist/fonts/type1/public/cm-super/sfbx1000.pfb></usr/share/
texmf-dist/fonts/type1/public/cm-super/sfbx1095.pfb></usr/share/texmf-dist/font
s/type1/public/cm-super/sfbx1200.pfb></usr/share/texmf-dist/fonts/type1/public/
cm-super/sfbx1440.pfb></usr/share/texmf-dist/fonts/type1/public/cm-super/sfbx17
28.pfb></usr/share/texmf-dist/fonts/type1/public/cm-super/sfcc1095.pfb></usr/sh
are/texmf-dist/fonts/type1/public/cm-super/sfrm0600.pfb></usr/share/texmf-dist/
fonts/type1/public/cm-super/sfrm0800.pfb></usr/share/texmf-dist/fonts/type1/pub
lic/cm-super/sfrm0900.pfb></usr/share/texmf-dist/fonts/type1/public/cm-super/sf
rm1000.pfb></usr/share/texmf-dist/fonts/type1/public/cm-super/sfrm1095.pfb></us
r/share/texmf-dist/fonts/type1/public/cm-super/sfrm1200.pfb></usr/share/texmf-d
ist/fonts/type1/public/cm-super/sfti0900.pfb></usr/share/texmf-dist/fonts/type1
/public/cm-super/sfti1095.pfb></usr/share/texmf-dist/fonts/type1/public/cm-supe
r/sftt0900.pfb></usr/share/texmf-dist/fonts/type1/public/cm-super/sftt1000.pfb>
</usr/share/texmf-dist/fonts/type1/public/cm-super/sftt1095.pfb>
Output written on main.pdf (22 pages, 789082 bytes).
PDF statistics:
 1250 PDF objects out of 1440 (max. 8388607)
 735 compressed objects within 8 object streams
 115 named destinations out of 1000 (max. 500000)
 375 words of extra memory for PDF output out of 10000 (max. 10000000)

