\BOOKMARK [1][-]{section.1}{\376\377\000E\000i\000n\000l\000e\000i\000t\000u\000n\000g}{}% 1
\BOOKMARK [2][-]{subsection.1.1}{\376\377\000M\000o\000t\000i\000v\000a\000t\000i\000o\000n\000\040\000u\000n\000d\000\040\000P\000r\000o\000b\000l\000e\000m\000s\000t\000e\000l\000l\000u\000n\000g}{section.1}% 2
\BOOKMARK [2][-]{subsection.1.2}{\376\377\000F\000o\000r\000s\000c\000h\000u\000n\000g\000s\000f\000r\000a\000g\000e\000n}{section.1}% 3
\BOOKMARK [2][-]{subsection.1.3}{\376\377\000B\000e\000i\000t\000r\000\344\000g\000e\000\040\000d\000i\000e\000s\000e\000s\000\040\000P\000r\000o\000j\000e\000k\000t\000s}{section.1}% 4
\BOOKMARK [2][-]{subsection.1.4}{\376\377\000A\000u\000f\000b\000a\000u\000\040\000d\000e\000s\000\040\000B\000e\000r\000i\000c\000h\000t\000s}{section.1}% 5
\BOOKMARK [1][-]{section.2}{\376\377\000G\000r\000u\000n\000d\000l\000a\000g\000e\000n}{}% 6
\BOOKMARK [2][-]{subsection.2.1}{\376\377\000Q\000u\000a\000n\000t\000i\000s\000i\000e\000r\000u\000n\000g\000\040\000n\000e\000u\000r\000o\000n\000a\000l\000e\000r\000\040\000N\000e\000t\000z\000e}{section.2}% 7
\BOOKMARK [2][-]{subsection.2.2}{\376\377\000D\000i\000e\000\040\000H\000e\000s\000s\000i\000a\000n\000-\000M\000a\000t\000r\000i\000x\000\040\000u\000n\000d\000\040\000K\000r\000\374\000m\000m\000u\000n\000g\000s\000a\000n\000a\000l\000y\000s\000e}{section.2}% 8
\BOOKMARK [2][-]{subsection.2.3}{\376\377\000H\000A\000W\000Q\000\040\000u\000n\000d\000\040\000H\000A\000W\000Q\000-\000V\0002}{section.2}% 9
\BOOKMARK [2][-]{subsection.2.4}{\376\377\000H\000e\000s\000s\000i\000a\000n\000-\000S\000p\000e\000k\000t\000r\000u\000m\000\040\000u\000n\000d\000\040\000R\000a\000n\000d\000o\000m\000-\000M\000a\000t\000r\000i\000x\000-\000T\000h\000e\000o\000r\000i\000e}{section.2}% 10
\BOOKMARK [2][-]{subsection.2.5}{\376\377\000A\000k\000t\000i\000v\000i\000e\000r\000u\000n\000g\000s\000q\000u\000a\000n\000t\000i\000s\000i\000e\000r\000u\000n\000g\000\040\000u\000n\000d\000\040\000R\000a\000n\000g\000e\000-\000A\000u\000s\000r\000e\000i\000\337\000e\000r}{section.2}% 11
\BOOKMARK [1][-]{section.3}{\376\377\000V\000e\000r\000w\000a\000n\000d\000t\000e\000\040\000A\000r\000b\000e\000i\000t\000e\000n}{}% 12
\BOOKMARK [1][-]{section.4}{\376\377\000M\000e\000t\000h\000o\000d\000i\000k}{}% 13
\BOOKMARK [2][-]{subsection.4.1}{\376\377\000E\000x\000p\000e\000r\000i\000m\000e\000n\000t\000e\000l\000l\000e\000s\000\040\000S\000e\000t\000u\000p}{section.4}% 14
\BOOKMARK [2][-]{subsection.4.2}{\376\377\000K\000a\000n\000o\000n\000i\000s\000c\000h\000e\000\040\000T\000r\000a\000c\000e\000-\000K\000o\000n\000f\000i\000g\000u\000r\000a\000t\000i\000o\000n}{section.4}% 15
\BOOKMARK [2][-]{subsection.4.3}{\376\377\000G\000e\000w\000i\000c\000h\000t\000s\000-\000S\000c\000h\000a\000d\000e\000n\000-\000I\000s\000o\000l\000a\000t\000i\000o\000n}{section.4}% 16
\BOOKMARK [2][-]{subsection.4.4}{\376\377\000D\000r\000e\000i\000\040\000S\000e\000n\000s\000i\000t\000i\000v\000i\000t\000\344\000t\000s\000-\000S\000c\000o\000r\000e\000s}{section.4}% 17
\BOOKMARK [3][-]{subsubsection.4.4.1}{\376\377\000G\000r\000\366\000\337\000e\000n\000n\000o\000r\000m\000a\000l\000i\000s\000i\000e\000r\000u\000n\000g\000\040\000d\000e\000r\000\040\000T\000o\000p\000-\000k\000-\000A\000u\000s\000w\000e\000r\000t\000u\000n\000g}{subsection.4.4}% 18
\BOOKMARK [2][-]{subsection.4.5}{\376\377\000G\000e\000w\000i\000c\000h\000t\000s\000-\000\040\000v\000s\000.\000\040\000A\000k\000t\000i\000v\000i\000e\000r\000u\000n\000g\000s\000-\000D\000e\000k\000o\000m\000p\000o\000s\000i\000t\000i\000o\000n\000\040\000\050\000P\000h\000a\000s\000e\000\040\0001\000\051}{section.4}% 19
\BOOKMARK [2][-]{subsection.4.6}{\376\377\000W\000e\000i\000t\000e\000r\000e\000\040\000A\000n\000a\000l\000y\000s\000e\000p\000h\000a\000s\000e\000n}{section.4}% 20
\BOOKMARK [2][-]{subsection.4.7}{\376\377\000D\000e\000p\000l\000o\000y\000m\000e\000n\000t\000-\000E\000v\000a\000l\000u\000a\000t\000i\000o\000n}{section.4}% 21
\BOOKMARK [1][-]{section.5}{\376\377\000E\000r\000g\000e\000b\000n\000i\000s\000s\000e}{}% 22
\BOOKMARK [2][-]{subsection.5.1}{\376\377\000K\000e\000r\000n\000-\000G\000e\000n\000a\000u\000i\000g\000k\000e\000i\000t\000e\000n}{section.5}% 23
\BOOKMARK [2][-]{subsection.5.2}{\376\377\000P\000h\000a\000s\000e\000\040\0001\000:\000\040\000G\000e\000w\000i\000c\000h\000t\000s\000-\000\040\000v\000s\000.\000\040\000A\000k\000t\000i\000v\000i\000e\000r\000u\000n\000g\000s\000-\000D\000e\000k\000o\000m\000p\000o\000s\000i\000t\000i\000o\000n}{section.5}% 24
\BOOKMARK [2][-]{subsection.5.3}{\376\377\000P\000h\000a\000s\000e\000\040\0002\000:\000\040\000R\000a\000n\000d\000o\000m\000-\000I\000n\000i\000t\000-\000K\000o\000n\000t\000r\000o\000l\000l\000e}{section.5}% 25
\BOOKMARK [2][-]{subsection.5.4}{\376\377\000P\000h\000a\000s\000e\000\040\0003\000:\000\040\000T\000r\000a\000c\000e\000-\000D\000r\000i\000f\000t\000\040\000u\000n\000d\000\040\000R\000e\000k\000o\000n\000z\000i\000l\000i\000a\000t\000i\000o\000n}{section.5}% 26
\BOOKMARK [2][-]{subsection.5.5}{\376\377\000P\000h\000a\000s\000e\000\040\0003\000.\0005\000:\000\040\000F\000u\000s\000i\000o\000n\000\040\000v\000s\000.\000\040\000Q\000u\000a\000n\000t\000i\000s\000i\000e\000r\000u\000n\000g}{section.5}% 27
\BOOKMARK [2][-]{subsection.5.6}{\376\377\000P\000h\000a\000s\000e\000\040\0004\000:\000\040\000P\000r\000\344\000d\000i\000k\000t\000o\000r\000-\000T\000e\000s\000t\000\040\000\050\000K\000e\000r\000n\000e\000r\000g\000e\000b\000n\000i\000s\000\051}{section.5}% 28
\BOOKMARK [2][-]{subsection.5.7}{\376\377\000P\000h\000a\000s\000e\000\040\0005\000:\000\040\000S\000p\000i\000k\000e\000-\000S\000e\000l\000e\000c\000t\000i\000o\000n}{section.5}% 29
\BOOKMARK [2][-]{subsection.5.8}{\376\377\000P\000h\000a\000s\000e\000\040\0006\000:\000\040\000A\000r\000c\000h\000i\000t\000e\000k\000t\000o\000n\000i\000s\000c\000h\000e\000\040\000U\000r\000s\000a\000c\000h\000e\000n\000s\000u\000c\000h\000e}{section.5}% 30
\BOOKMARK [2][-]{subsection.5.9}{\376\377\000Q\000A\000T\000-\000E\000r\000g\000e\000b\000n\000i\000s\000s\000e\000\040\000u\000n\000d\000\040\000P\000T\000Q\000-\000v\000s\000-\000Q\000A\000T\000-\000V\000e\000r\000g\000l\000e\000i\000c\000h}{section.5}% 31
\BOOKMARK [2][-]{subsection.5.10}{\376\377\000S\000i\000g\000n\000e\000d\000\040\000v\000s\000.\000\040\000A\000b\000s\000o\000l\000u\000t\000e\000\040\000D\000a\000m\000a\000g\000e}{section.5}% 32
\BOOKMARK [2][-]{subsection.5.11}{\376\377\000D\000e\000p\000l\000o\000y\000m\000e\000n\000t\000-\000E\000r\000g\000e\000b\000n\000i\000s\000s\000e}{section.5}% 33
\BOOKMARK [2][-]{subsection.5.12}{\376\377\000A\000c\000c\000u\000r\000a\000c\000y\000-\000v\000s\000-\000L\000o\000s\000s\000-\000R\000o\000b\000u\000s\000t\000h\000e\000i\000t\000s\000-\000C\000h\000e\000c\000k}{section.5}% 34
\BOOKMARK [1][-]{section.6}{\376\377\000D\000i\000s\000k\000u\000s\000s\000i\000o\000n}{}% 35
\BOOKMARK [2][-]{subsection.6.1}{\376\377\000W\000a\000r\000u\000m\000\040\000H\000A\000W\000Q\000-\000V\0002\000\040\000u\000n\000t\000e\000r\000\040\000P\000o\000T\000\040\000s\000c\000h\000e\000i\000t\000e\000r\000t}{section.6}% 36
\BOOKMARK [2][-]{subsection.6.2}{\376\377\000K\000o\000n\000f\000i\000g\000u\000r\000a\000t\000i\000o\000n\000s\000-\000S\000e\000n\000s\000i\000t\000i\000v\000i\000t\000\344\000t\000\040\000a\000l\000s\000\040\000m\000e\000t\000h\000o\000d\000i\000s\000c\000h\000e\000s\000\040\000P\000r\000o\000b\000l\000e\000m}{section.6}% 37
\BOOKMARK [2][-]{subsection.6.3}{\376\377\000G\000e\000w\000i\000c\000h\000t\000s\000-\000\040\000v\000s\000.\000\040\000A\000k\000t\000i\000v\000i\000e\000r\000u\000n\000g\000s\000r\000e\000g\000i\000m\000e}{section.6}% 38
\BOOKMARK [2][-]{subsection.6.4}{\376\377\000P\000T\000Q\000\040\000v\000s\000.\000\040\000Q\000A\000T\000\040\000K\000r\000\374\000m\000m\000u\000n\000g\000s\000s\000t\000r\000u\000k\000t\000u\000r}{section.6}% 39
\BOOKMARK [2][-]{subsection.6.5}{\376\377\000D\000e\000p\000l\000o\000y\000m\000e\000n\000t\000-\000R\000e\000a\000l\000i\000t\000\344\000t\000\040\000v\000s\000.\000\040\000t\000h\000e\000o\000r\000e\000t\000i\000s\000c\000h\000e\000r\000\040\000V\000o\000r\000t\000e\000i\000l}{section.6}% 40
\BOOKMARK [2][-]{subsection.6.6}{\376\377\000L\000i\000m\000i\000t\000a\000t\000i\000o\000n\000e\000n}{section.6}% 41
\BOOKMARK [2][-]{subsection.6.7}{\376\377\000A\000u\000s\000b\000l\000i\000c\000k}{section.6}% 42
\BOOKMARK [1][-]{section.7}{\376\377\000F\000a\000z\000i\000t}{}% 43
