W0807 10:07:02.566000 3531120 .conda/lib/python3.12/site-packages/torch/utils/_pytree.py:630] <enum 'KernelPreference'> is an Enum subclass and is now natively supported by torch.compile as an opaque value type. Calling register_constant() on Enum subclasses is deprecated and will be an error in a future release.
/scratch/dominic/Forschungsprojekt/.conda/lib/python3.12/site-packages/torchao/quantization/quant_api.py:936: UserWarning: Config Deprecation: version 1 of Int8WeightOnlyConfig is deprecated and will no longer be supported in a future release, please use version 2, see https://github.com/pytorch/ao/issues/2752 for more details
  warnings.warn(
/scratch/dominic/Forschungsprojekt/.conda/lib/python3.12/site-packages/torchao/dtypes/utils.py:89: UserWarning: Deprecation: PlainLayout is deprecated and will be removed in a future release of torchao, see https://github.com/pytorch/ao/issues/2752 for more details
  warnings.warn(
/scratch/dominic/Forschungsprojekt/.conda/lib/python3.12/site-packages/torchao/dtypes/uintx/plain_layout.py:82: UserWarning: Deprecation: PlainAQTTensorImpl is deprecated and will be removed in a future release of torchao, see https://github.com/pytorch/ao/issues/2752 for more details
  warnings.warn(
/scratch/dominic/Forschungsprojekt/.conda/lib/python3.12/site-packages/torchao/dtypes/affine_quantized_tensor.py:116: UserWarning: Deprecation: AffineQuantizedTensor is deprecated and will be removed in a future release of torchao, see https://github.com/pytorch/ao/issues/2752 for more details
  warnings.warn(
/scratch/dominic/Forschungsprojekt/.conda/lib/python3.12/site-packages/torch/profiler/profiler.py:272: UserWarning: Warning: Profiler clears events at the end of each cycle.Only events from the current cycle will be reported.To keep events across cycles, set acc_events=True.
  _warn_once(
USDT:2026-08-07 10:07:25 3531120:3531120 ActivityProfilerController.cpp:415] profiler_start
USDT:2026-08-07 10:07:25 3531120:3531120 ActivityProfilerController.cpp:455] profiler_stop
USDT:2026-08-07 10:07:25 3531120:3531120 ActivityProfilerController.cpp:415] profiler_start
USDT:2026-08-07 10:07:25 3531120:3531120 ActivityProfilerController.cpp:455] profiler_stop
USDT:2026-08-07 10:07:51 3531120:3531120 ActivityProfilerController.cpp:415] profiler_start
USDT:2026-08-07 10:07:51 3531120:3531120 ActivityProfilerController.cpp:455] profiler_stop
USDT:2026-08-07 10:07:51 3531120:3531120 ActivityProfilerController.cpp:415] profiler_start
USDT:2026-08-07 10:07:51 3531120:3531120 ActivityProfilerController.cpp:455] profiler_stop
USDT:2026-08-07 10:09:21 3531120:3531120 ActivityProfilerController.cpp:415] profiler_start
USDT:2026-08-07 10:09:21 3531120:3531120 ActivityProfilerController.cpp:455] profiler_stop
USDT:2026-08-07 10:09:22 3531120:3531120 ActivityProfilerController.cpp:415] profiler_start
USDT:2026-08-07 10:09:22 3531120:3531120 ActivityProfilerController.cpp:455] profiler_stop
USDT:2026-08-07 10:10:52 3531120:3531120 ActivityProfilerController.cpp:415] profiler_start
USDT:2026-08-07 10:10:52 3531120:3531120 ActivityProfilerController.cpp:455] profiler_stop
USDT:2026-08-07 10:10:52 3531120:3531120 ActivityProfilerController.cpp:415] profiler_start
USDT:2026-08-07 10:10:52 3531120:3531120 ActivityProfilerController.cpp:455] profiler_stop
USDT:2026-08-07 10:16:29 3531120:3531120 ActivityProfilerController.cpp:415] profiler_start
USDT:2026-08-07 10:16:29 3531120:3531120 ActivityProfilerController.cpp:455] profiler_stop
USDT:2026-08-07 10:16:29 3531120:3531120 ActivityProfilerController.cpp:415] profiler_start
USDT:2026-08-07 10:16:29 3531120:3531120 ActivityProfilerController.cpp:455] profiler_stop
USDT:2026-08-07 10:22:05 3531120:3531120 ActivityProfilerController.cpp:415] profiler_start
USDT:2026-08-07 10:22:05 3531120:3531120 ActivityProfilerController.cpp:455] profiler_stop
USDT:2026-08-07 10:22:06 3531120:3531120 ActivityProfilerController.cpp:415] profiler_start
USDT:2026-08-07 10:22:06 3531120:3531120 ActivityProfilerController.cpp:455] profiler_stop
USDT:2026-08-07 10:26:33 3531120:3531120 ActivityProfilerController.cpp:415] profiler_start
USDT:2026-08-07 10:26:33 3531120:3531120 ActivityProfilerController.cpp:455] profiler_stop
USDT:2026-08-07 10:26:33 3531120:3531120 ActivityProfilerController.cpp:415] profiler_start
USDT:2026-08-07 10:26:33 3531120:3531120 ActivityProfilerController.cpp:455] profiler_stop
USDT:2026-08-07 10:31:01 3531120:3531120 ActivityProfilerController.cpp:415] profiler_start
USDT:2026-08-07 10:31:01 3531120:3531120 ActivityProfilerController.cpp:455] profiler_stop
USDT:2026-08-07 10:31:01 3531120:3531120 ActivityProfilerController.cpp:415] profiler_start
USDT:2026-08-07 10:31:01 3531120:3531120 ActivityProfilerController.cpp:455] profiler_stop
USDT:2026-08-07 10:35:57 3531120:3531120 ActivityProfilerController.cpp:415] profiler_start
USDT:2026-08-07 10:35:57 3531120:3531120 ActivityProfilerController.cpp:455] profiler_stop
USDT:2026-08-07 10:35:58 3531120:3531120 ActivityProfilerController.cpp:415] profiler_start
USDT:2026-08-07 10:35:58 3531120:3531120 ActivityProfilerController.cpp:455] profiler_stop
USDT:2026-08-07 10:40:53 3531120:3531120 ActivityProfilerController.cpp:415] profiler_start
USDT:2026-08-07 10:40:53 3531120:3531120 ActivityProfilerController.cpp:455] profiler_stop
USDT:2026-08-07 10:40:53 3531120:3531120 ActivityProfilerController.cpp:415] profiler_start
USDT:2026-08-07 10:40:53 3531120:3531120 ActivityProfilerController.cpp:455] profiler_stop
USDT:2026-08-07 10:56:07 3531120:3531120 ActivityProfilerController.cpp:415] profiler_start
USDT:2026-08-07 10:56:07 3531120:3531120 ActivityProfilerController.cpp:455] profiler_stop
USDT:2026-08-07 10:56:08 3531120:3531120 ActivityProfilerController.cpp:415] profiler_start
USDT:2026-08-07 10:56:08 3531120:3531120 ActivityProfilerController.cpp:455] profiler_stop
USDT:2026-08-07 11:11:22 3531120:3531120 ActivityProfilerController.cpp:415] profiler_start
USDT:2026-08-07 11:11:22 3531120:3531120 ActivityProfilerController.cpp:455] profiler_stop
USDT:2026-08-07 11:11:22 3531120:3531120 ActivityProfilerController.cpp:415] profiler_start
USDT:2026-08-07 11:11:22 3531120:3531120 ActivityProfilerController.cpp:455] profiler_stop
