2026-08-07 10:20:44 [INFO] __main__: === Pipeline start: 3 models - 2 datasets = 6 runs ===
2026-08-07 10:20:44 [INFO] __main__: === Deploy-Int8-Only: skipping training and Hessian/eigenvalue/SQNR analysis ===
2026-08-07 10:20:44 [INFO] __main__: 
============================================================
2026-08-07 10:20:44 [INFO] __main__: [Deploy-Int8] Loading dataset: CIFAR10
2026-08-07 10:20:46 [INFO] src.utility.utils: CIFAR-10: 50000 train / 10000 test
2026-08-07 10:20:46 [INFO] __main__: 
--- Deploy-Int8 PTQ cnn on CIFAR10 ---
2026-08-07 10:20:46 [INFO] src.quantization.deploy: [BuildInt8] PTQ cnn/CIFAR10: confirmed quantized -- Conv2d 'conv1' weight type = IntxUnpackedToInt8Tensor; Linear 'fc1' weight type = LinearActivationQuantizedTensor
2026-08-07 10:20:48 [INFO] __main__: [Deploy-Int8] PTQ cnn/CIFAR10 | PoT baked: 73.12% | Weight-only int8: 73.13% | Full int8: 73.13%
2026-08-07 10:20:48 [INFO] __main__: Saved deployed int8 models -> /scratch/dominic/Forschungsprojekt/results/20260807_102034_27818/deployed_models/deployed_weightonly_PTQ_cnn_CIFAR10.pt, /scratch/dominic/Forschungsprojekt/results/20260807_102034_27818/deployed_models/deployed_full_PTQ_cnn_CIFAR10.pt
2026-08-07 10:20:48 [INFO] src.quantization.deploy: [BuildInt8] PTQ cnn/CIFAR10: confirmed quantized -- Conv2d 'conv1' weight type = IntxUnpackedToInt8Tensor; Linear 'fc1' weight type = LinearActivationQuantizedTensor
2026-08-07 10:20:49 [INFO] __main__: 
--- Deploy-Int8 QAT cnn on CIFAR10 ---
2026-08-07 10:20:49 [INFO] src.quantization.deploy: [BuildInt8] QAT cnn/CIFAR10: confirmed quantized -- Conv2d 'conv1' weight type = IntxUnpackedToInt8Tensor; Linear 'fc1' weight type = LinearActivationQuantizedTensor
2026-08-07 10:20:51 [INFO] __main__: [Deploy-Int8] QAT cnn/CIFAR10 | PoT baked: 84.68% | Weight-only int8: 84.68% | Full int8: 84.68%
2026-08-07 10:20:51 [INFO] __main__: Saved deployed int8 models -> /scratch/dominic/Forschungsprojekt/results/20260807_102034_27818/deployed_models/deployed_weightonly_QAT_cnn_CIFAR10.pt, /scratch/dominic/Forschungsprojekt/results/20260807_102034_27818/deployed_models/deployed_full_QAT_cnn_CIFAR10.pt
2026-08-07 10:20:52 [INFO] src.quantization.deploy: [BuildInt8] QAT cnn/CIFAR10: confirmed quantized -- Conv2d 'conv1' weight type = IntxUnpackedToInt8Tensor; Linear 'fc1' weight type = LinearActivationQuantizedTensor
2026-08-07 10:20:52 [INFO] __main__: 
--- Deploy-Int8 PTQ resnet18_no_weights on CIFAR10 ---
2026-08-07 10:20:53 [INFO] src.quantization.deploy: [BuildInt8] PTQ resnet18_no_weights/CIFAR10: confirmed quantized -- Conv2d 'conv1' weight type = IntxUnpackedToInt8Tensor; Linear 'fc' weight type = LinearActivationQuantizedTensor
2026-08-07 10:20:55 [INFO] __main__: [Deploy-Int8] PTQ resnet18_no_weights/CIFAR10 | PoT baked: 82.21% | Weight-only int8: 82.20% | Full int8: 82.22%
2026-08-07 10:20:55 [INFO] __main__: Saved deployed int8 models -> /scratch/dominic/Forschungsprojekt/results/20260807_102034_27818/deployed_models/deployed_weightonly_PTQ_resnet18_no_weights_CIFAR10.pt, /scratch/dominic/Forschungsprojekt/results/20260807_102034_27818/deployed_models/deployed_full_PTQ_resnet18_no_weights_CIFAR10.pt
2026-08-07 10:20:56 [INFO] src.quantization.deploy: [BuildInt8] PTQ resnet18_no_weights/CIFAR10: confirmed quantized -- Conv2d 'conv1' weight type = IntxUnpackedToInt8Tensor; Linear 'fc' weight type = LinearActivationQuantizedTensor
2026-08-07 10:20:57 [INFO] __main__: 
--- Deploy-Int8 QAT resnet18_no_weights on CIFAR10 ---
2026-08-07 10:20:57 [INFO] src.quantization.deploy: [BuildInt8] QAT resnet18_no_weights/CIFAR10: confirmed quantized -- Conv2d 'conv1' weight type = IntxUnpackedToInt8Tensor; Linear 'fc' weight type = LinearActivationQuantizedTensor
2026-08-07 10:20:59 [INFO] __main__: [Deploy-Int8] QAT resnet18_no_weights/CIFAR10 | PoT baked: 88.46% | Weight-only int8: 88.47% | Full int8: 88.47%
2026-08-07 10:21:00 [INFO] __main__: Saved deployed int8 models -> /scratch/dominic/Forschungsprojekt/results/20260807_102034_27818/deployed_models/deployed_weightonly_QAT_resnet18_no_weights_CIFAR10.pt, /scratch/dominic/Forschungsprojekt/results/20260807_102034_27818/deployed_models/deployed_full_QAT_resnet18_no_weights_CIFAR10.pt
2026-08-07 10:21:01 [INFO] src.quantization.deploy: [BuildInt8] QAT resnet18_no_weights/CIFAR10: confirmed quantized -- Conv2d 'conv1' weight type = IntxUnpackedToInt8Tensor; Linear 'fc' weight type = LinearActivationQuantizedTensor
2026-08-07 10:21:02 [INFO] __main__: 
--- Deploy-Int8 PTQ resnet50_no_weights on CIFAR10 ---
2026-08-07 10:21:03 [INFO] src.quantization.deploy: [BuildInt8] PTQ resnet50_no_weights/CIFAR10: confirmed quantized -- Conv2d 'conv1' weight type = IntxUnpackedToInt8Tensor; Linear 'fc' weight type = LinearActivationQuantizedTensor
2026-08-07 10:21:08 [INFO] __main__: [Deploy-Int8] PTQ resnet50_no_weights/CIFAR10 | PoT baked: 73.03% | Weight-only int8: 73.06% | Full int8: 72.72%
2026-08-07 10:21:08 [INFO] __main__: Saved deployed int8 models -> /scratch/dominic/Forschungsprojekt/results/20260807_102034_27818/deployed_models/deployed_weightonly_PTQ_resnet50_no_weights_CIFAR10.pt, /scratch/dominic/Forschungsprojekt/results/20260807_102034_27818/deployed_models/deployed_full_PTQ_resnet50_no_weights_CIFAR10.pt
2026-08-07 10:21:09 [INFO] src.quantization.deploy: [BuildInt8] PTQ resnet50_no_weights/CIFAR10: confirmed quantized -- Conv2d 'conv1' weight type = IntxUnpackedToInt8Tensor; Linear 'fc' weight type = LinearActivationQuantizedTensor
2026-08-07 10:21:11 [INFO] __main__: 
--- Deploy-Int8 QAT resnet50_no_weights on CIFAR10 ---
2026-08-07 10:21:12 [INFO] src.quantization.deploy: [BuildInt8] QAT resnet50_no_weights/CIFAR10: confirmed quantized -- Conv2d 'conv1' weight type = IntxUnpackedToInt8Tensor; Linear 'fc' weight type = LinearActivationQuantizedTensor
2026-08-07 10:21:17 [INFO] __main__: [Deploy-Int8] QAT resnet50_no_weights/CIFAR10 | PoT baked: 86.48% | Weight-only int8: 86.48% | Full int8: 86.39%
2026-08-07 10:21:17 [INFO] __main__: Saved deployed int8 models -> /scratch/dominic/Forschungsprojekt/results/20260807_102034_27818/deployed_models/deployed_weightonly_QAT_resnet50_no_weights_CIFAR10.pt, /scratch/dominic/Forschungsprojekt/results/20260807_102034_27818/deployed_models/deployed_full_QAT_resnet50_no_weights_CIFAR10.pt
2026-08-07 10:21:18 [INFO] src.quantization.deploy: [BuildInt8] QAT resnet50_no_weights/CIFAR10: confirmed quantized -- Conv2d 'conv1' weight type = IntxUnpackedToInt8Tensor; Linear 'fc' weight type = LinearActivationQuantizedTensor
2026-08-07 10:21:20 [INFO] __main__: 
============================================================
2026-08-07 10:21:20 [INFO] __main__: [Deploy-Int8] Loading dataset: IMAGENET100
2026-08-07 10:21:20 [INFO] src.utility.utils: ImageNet100: 130000 train / 5000 val across 100 classes
2026-08-07 10:21:20 [INFO] __main__: 
--- Deploy-Int8 PTQ cnn on IMAGENET100 ---
2026-08-07 10:21:21 [INFO] src.quantization.deploy: [BuildInt8] PTQ cnn/IMAGENET100: confirmed quantized -- Conv2d 'conv1' weight type = IntxUnpackedToInt8Tensor; Linear 'fc1' weight type = LinearActivationQuantizedTensor
2026-08-07 10:21:42 [INFO] __main__: [Deploy-Int8] PTQ cnn/IMAGENET100 | PoT baked: 29.10% | Weight-only int8: 29.24% | Full int8: 29.16%
2026-08-07 10:21:42 [INFO] __main__: Saved deployed int8 models -> /scratch/dominic/Forschungsprojekt/results/20260807_102034_27818/deployed_models/deployed_weightonly_PTQ_cnn_IMAGENET100.pt, /scratch/dominic/Forschungsprojekt/results/20260807_102034_27818/deployed_models/deployed_full_PTQ_cnn_IMAGENET100.pt
2026-08-07 10:21:42 [INFO] src.quantization.deploy: [BuildInt8] PTQ cnn/IMAGENET100: confirmed quantized -- Conv2d 'conv1' weight type = IntxUnpackedToInt8Tensor; Linear 'fc1' weight type = LinearActivationQuantizedTensor
2026-08-07 10:21:49 [INFO] __main__: 
--- Deploy-Int8 QAT cnn on IMAGENET100 ---
2026-08-07 10:21:49 [INFO] src.quantization.deploy: [BuildInt8] QAT cnn/IMAGENET100: confirmed quantized -- Conv2d 'conv1' weight type = IntxUnpackedToInt8Tensor; Linear 'fc1' weight type = LinearActivationQuantizedTensor
2026-08-07 10:22:08 [INFO] __main__: [Deploy-Int8] QAT cnn/IMAGENET100 | PoT baked: 54.80% | Weight-only int8: 54.78% | Full int8: 54.68%
2026-08-07 10:22:08 [INFO] __main__: Saved deployed int8 models -> /scratch/dominic/Forschungsprojekt/results/20260807_102034_27818/deployed_models/deployed_weightonly_QAT_cnn_IMAGENET100.pt, /scratch/dominic/Forschungsprojekt/results/20260807_102034_27818/deployed_models/deployed_full_QAT_cnn_IMAGENET100.pt
2026-08-07 10:22:08 [INFO] src.quantization.deploy: [BuildInt8] QAT cnn/IMAGENET100: confirmed quantized -- Conv2d 'conv1' weight type = IntxUnpackedToInt8Tensor; Linear 'fc1' weight type = LinearActivationQuantizedTensor
2026-08-07 10:22:14 [INFO] __main__: 
--- Deploy-Int8 PTQ resnet18_no_weights on IMAGENET100 ---
2026-08-07 10:22:15 [INFO] src.quantization.deploy: [BuildInt8] PTQ resnet18_no_weights/IMAGENET100: confirmed quantized -- Conv2d 'conv1' weight type = IntxUnpackedToInt8Tensor; Linear 'fc' weight type = LinearActivationQuantizedTensor
2026-08-07 10:22:33 [INFO] __main__: [Deploy-Int8] PTQ resnet18_no_weights/IMAGENET100 | PoT baked: 69.20% | Weight-only int8: 69.28% | Full int8: 69.36%
2026-08-07 10:22:34 [INFO] __main__: Saved deployed int8 models -> /scratch/dominic/Forschungsprojekt/results/20260807_102034_27818/deployed_models/deployed_weightonly_PTQ_resnet18_no_weights_IMAGENET100.pt, /scratch/dominic/Forschungsprojekt/results/20260807_102034_27818/deployed_models/deployed_full_PTQ_resnet18_no_weights_IMAGENET100.pt
2026-08-07 10:22:34 [INFO] src.quantization.deploy: [BuildInt8] PTQ resnet18_no_weights/IMAGENET100: confirmed quantized -- Conv2d 'conv1' weight type = IntxUnpackedToInt8Tensor; Linear 'fc' weight type = LinearActivationQuantizedTensor
2026-08-07 10:22:40 [INFO] __main__: 
--- Deploy-Int8 QAT resnet18_no_weights on IMAGENET100 ---
2026-08-07 10:22:41 [INFO] src.quantization.deploy: [BuildInt8] QAT resnet18_no_weights/IMAGENET100: confirmed quantized -- Conv2d 'conv1' weight type = IntxUnpackedToInt8Tensor; Linear 'fc' weight type = LinearActivationQuantizedTensor
2026-08-07 10:23:00 [INFO] __main__: [Deploy-Int8] QAT resnet18_no_weights/IMAGENET100 | PoT baked: 82.64% | Weight-only int8: 82.62% | Full int8: 82.58%
2026-08-07 10:23:00 [INFO] __main__: Saved deployed int8 models -> /scratch/dominic/Forschungsprojekt/results/20260807_102034_27818/deployed_models/deployed_weightonly_QAT_resnet18_no_weights_IMAGENET100.pt, /scratch/dominic/Forschungsprojekt/results/20260807_102034_27818/deployed_models/deployed_full_QAT_resnet18_no_weights_IMAGENET100.pt
2026-08-07 10:23:00 [INFO] src.quantization.deploy: [BuildInt8] QAT resnet18_no_weights/IMAGENET100: confirmed quantized -- Conv2d 'conv1' weight type = IntxUnpackedToInt8Tensor; Linear 'fc' weight type = LinearActivationQuantizedTensor
2026-08-07 10:23:07 [INFO] __main__: 
--- Deploy-Int8 PTQ resnet50_no_weights on IMAGENET100 ---
2026-08-07 10:23:07 [INFO] src.quantization.deploy: [BuildInt8] PTQ resnet50_no_weights/IMAGENET100: confirmed quantized -- Conv2d 'conv1' weight type = IntxUnpackedToInt8Tensor; Linear 'fc' weight type = LinearActivationQuantizedTensor
2026-08-07 10:23:27 [INFO] __main__: [Deploy-Int8] PTQ resnet50_no_weights/IMAGENET100 | PoT baked: 54.98% | Weight-only int8: 54.92% | Full int8: 55.26%
2026-08-07 10:23:27 [INFO] __main__: Saved deployed int8 models -> /scratch/dominic/Forschungsprojekt/results/20260807_102034_27818/deployed_models/deployed_weightonly_PTQ_resnet50_no_weights_IMAGENET100.pt, /scratch/dominic/Forschungsprojekt/results/20260807_102034_27818/deployed_models/deployed_full_PTQ_resnet50_no_weights_IMAGENET100.pt
2026-08-07 10:23:28 [INFO] src.quantization.deploy: [BuildInt8] PTQ resnet50_no_weights/IMAGENET100: confirmed quantized -- Conv2d 'conv1' weight type = IntxUnpackedToInt8Tensor; Linear 'fc' weight type = LinearActivationQuantizedTensor
2026-08-07 10:23:35 [INFO] __main__: 
--- Deploy-Int8 QAT resnet50_no_weights on IMAGENET100 ---
2026-08-07 10:23:36 [INFO] src.quantization.deploy: [BuildInt8] QAT resnet50_no_weights/IMAGENET100: confirmed quantized -- Conv2d 'conv1' weight type = IntxUnpackedToInt8Tensor; Linear 'fc' weight type = LinearActivationQuantizedTensor
2026-08-07 10:23:55 [INFO] __main__: [Deploy-Int8] QAT resnet50_no_weights/IMAGENET100 | PoT baked: 83.78% | Weight-only int8: 83.74% | Full int8: 83.86%
2026-08-07 10:23:55 [INFO] __main__: Saved deployed int8 models -> /scratch/dominic/Forschungsprojekt/results/20260807_102034_27818/deployed_models/deployed_weightonly_QAT_resnet50_no_weights_IMAGENET100.pt, /scratch/dominic/Forschungsprojekt/results/20260807_102034_27818/deployed_models/deployed_full_QAT_resnet50_no_weights_IMAGENET100.pt
2026-08-07 10:23:56 [INFO] src.quantization.deploy: [BuildInt8] QAT resnet50_no_weights/IMAGENET100: confirmed quantized -- Conv2d 'conv1' weight type = IntxUnpackedToInt8Tensor; Linear 'fc' weight type = LinearActivationQuantizedTensor
2026-08-07 10:24:02 [INFO] __main__: Summary saved → /scratch/dominic/Forschungsprojekt/results/20260807_102034_27818/csv/deployment_int8.csv
2026-08-07 10:24:02 [INFO] __main__: === Deploy-Int8-Only complete ===
