2026-08-10 11:10:33 [INFO] __main__: === Pipeline start: 3 models - 1 datasets = 3 runs ===
2026-08-10 11:10:33 [INFO] __main__: 
============================================================
2026-08-10 11:10:33 [INFO] __main__: Loading dataset: IMAGENET100
2026-08-10 11:10:33 [INFO] src.utility.utils: ImageNet100: 130000 train / 5000 val across 100 classes
2026-08-10 11:10:33 [INFO] src.utility.utils: ImageNet100: 130000 train / 5000 val across 100 classes
2026-08-10 11:10:33 [INFO] __main__: 
--- Run 1/3: cnn on IMAGENET100 ---
2026-08-10 11:10:33 [INFO] src.model_cnn.train: Model: cnn | Dataset: IMAGENET100 | Size: 5.88 MB | Params: 1,541,476
2026-08-10 11:12:22 [INFO] src.model_cnn.train: Epoch   1/200 | LR 0.09999 | Train L 3.9399 A 9.42% | Val L 3.4854 A 16.62%
2026-08-10 11:14:08 [INFO] src.model_cnn.train: Epoch   2/200 | LR 0.09998 | Train L 3.4381 A 17.51% | Val L 3.3056 A 20.34%
2026-08-10 11:15:53 [INFO] src.model_cnn.train: Epoch   3/200 | LR 0.09994 | Train L 3.1734 A 22.42% | Val L 2.9447 A 26.86%
2026-08-10 11:17:39 [INFO] src.model_cnn.train: Epoch   4/200 | LR 0.09990 | Train L 2.9986 A 26.12% | Val L 3.2593 A 23.56%
2026-08-10 11:19:24 [INFO] src.model_cnn.train: Epoch   5/200 | LR 0.09985 | Train L 2.8805 A 28.49% | Val L 3.0016 A 27.06%
2026-08-10 11:21:09 [INFO] src.model_cnn.train: Epoch   6/200 | LR 0.09978 | Train L 2.7845 A 30.67% | Val L 2.8939 A 29.40%
2026-08-10 11:22:55 [INFO] src.model_cnn.train: Epoch   7/200 | LR 0.09970 | Train L 2.7120 A 32.25% | Val L 3.5571 A 22.00%
2026-08-10 11:24:42 [INFO] src.model_cnn.train: Epoch   8/200 | LR 0.09961 | Train L 2.6644 A 33.22% | Val L 2.7136 A 32.58%
2026-08-10 11:26:26 [INFO] src.model_cnn.train: Epoch   9/200 | LR 0.09950 | Train L 2.6135 A 34.33% | Val L 2.7648 A 31.08%
2026-08-10 11:28:12 [INFO] src.model_cnn.train: Epoch  10/200 | LR 0.09938 | Train L 2.5862 A 34.77% | Val L 2.3624 A 39.30%
2026-08-10 11:29:57 [INFO] src.model_cnn.train: Epoch  11/200 | LR 0.09926 | Train L 2.5394 A 35.87% | Val L 2.6152 A 34.68%
2026-08-10 11:31:42 [INFO] src.model_cnn.train: Epoch  12/200 | LR 0.09911 | Train L 2.5252 A 35.89% | Val L 2.5324 A 35.46%
