2026-08-10 10:36:05 [INFO] __main__: === Pipeline start: 3 models - 2 datasets = 6 runs ===
2026-08-10 10:36:05 [INFO] __main__: 
============================================================
2026-08-10 10:36:05 [INFO] __main__: Loading dataset: CIFAR10
2026-08-10 10:36:06 [INFO] src.utility.utils: CIFAR-10: 50000 train / 10000 test
2026-08-10 10:36:08 [INFO] src.utility.utils: CIFAR-10: 50000 train / 10000 test
2026-08-10 10:36:08 [INFO] __main__: 
--- Run 1/6: cnn on CIFAR10 ---
2026-08-10 10:36:08 [INFO] src.model_cnn.train: Model: cnn | Dataset: CIFAR10 | Size: 5.53 MB | Params: 1,449,226
2026-08-10 10:36:11 [INFO] src.model_cnn.train: Epoch   1/200 | LR 0.09999 | Train L 1.5239 A 44.03% | Val L 1.3517 A 52.01%
2026-08-10 10:36:15 [INFO] src.model_cnn.train: Epoch   2/200 | LR 0.09998 | Train L 1.1578 A 58.36% | Val L 1.0666 A 62.73%
2026-08-10 10:36:18 [INFO] src.model_cnn.train: Epoch   3/200 | LR 0.09994 | Train L 0.9943 A 64.77% | Val L 0.9667 A 65.95%
2026-08-10 10:36:21 [INFO] src.model_cnn.train: Epoch   4/200 | LR 0.09990 | Train L 0.8960 A 68.32% | Val L 0.8398 A 70.09%
2026-08-10 10:36:24 [INFO] src.model_cnn.train: Epoch   5/200 | LR 0.09985 | Train L 0.8218 A 71.03% | Val L 0.7947 A 71.70%
2026-08-10 10:36:27 [INFO] src.model_cnn.train: Epoch   6/200 | LR 0.09978 | Train L 0.7762 A 72.82% | Val L 0.8087 A 71.57%
2026-08-10 10:36:30 [INFO] src.model_cnn.train: Epoch   7/200 | LR 0.09970 | Train L 0.7349 A 74.30% | Val L 0.8858 A 69.65%
2026-08-10 10:36:33 [INFO] src.model_cnn.train: Epoch   8/200 | LR 0.09961 | Train L 0.7126 A 75.15% | Val L 0.8111 A 71.91%
2026-08-10 10:36:36 [INFO] src.model_cnn.train: Epoch   9/200 | LR 0.09950 | Train L 0.6887 A 75.94% | Val L 0.8812 A 71.40%
2026-08-10 10:36:40 [INFO] src.model_cnn.train: Epoch  10/200 | LR 0.09938 | Train L 0.6790 A 76.43% | Val L 0.9221 A 68.70%
2026-08-10 10:36:43 [INFO] src.model_cnn.train: Epoch  11/200 | LR 0.09926 | Train L 0.6540 A 77.44% | Val L 0.7484 A 74.17%
2026-08-10 10:36:46 [INFO] src.model_cnn.train: Epoch  12/200 | LR 0.09911 | Train L 0.6348 A 77.72% | Val L 0.8260 A 73.93%
2026-08-10 10:36:50 [INFO] src.model_cnn.train: Epoch  13/200 | LR 0.09896 | Train L 0.6290 A 78.43% | Val L 0.7767 A 72.30%
2026-08-10 10:36:53 [INFO] src.model_cnn.train: Epoch  14/200 | LR 0.09880 | Train L 0.6154 A 78.61% | Val L 0.6726 A 77.31%
2026-08-10 10:36:56 [INFO] src.model_cnn.train: Epoch  15/200 | LR 0.09862 | Train L 0.6027 A 79.34% | Val L 0.6643 A 77.19%
2026-08-10 10:36:59 [INFO] src.model_cnn.train: Epoch  16/200 | LR 0.09843 | Train L 0.6030 A 78.98% | Val L 0.6925 A 76.46%
2026-08-10 10:37:02 [INFO] src.model_cnn.train: Epoch  17/200 | LR 0.09823 | Train L 0.5880 A 79.54% | Val L 0.8164 A 73.80%
2026-08-10 10:37:05 [INFO] src.model_cnn.train: Epoch  18/200 | LR 0.09801 | Train L 0.5791 A 80.04% | Val L 0.6637 A 77.64%
2026-08-10 10:37:08 [INFO] src.model_cnn.train: Epoch  19/200 | LR 0.09779 | Train L 0.5734 A 79.92% | Val L 0.7829 A 73.72%
2026-08-10 10:37:11 [INFO] src.model_cnn.train: Epoch  20/200 | LR 0.09755 | Train L 0.5742 A 80.07% | Val L 0.6337 A 78.36%
2026-08-10 10:37:15 [INFO] src.model_cnn.train: Epoch  21/200 | LR 0.09730 | Train L 0.5672 A 80.40% | Val L 0.6384 A 78.34%
2026-08-10 10:37:18 [INFO] src.model_cnn.train: Epoch  22/200 | LR 0.09704 | Train L 0.5605 A 80.68% | Val L 0.6258 A 78.54%
2026-08-10 10:37:21 [INFO] src.model_cnn.train: Epoch  23/200 | LR 0.09677 | Train L 0.5591 A 80.76% | Val L 0.6758 A 77.72%
2026-08-10 10:37:24 [INFO] src.model_cnn.train: Epoch  24/200 | LR 0.09649 | Train L 0.5594 A 80.64% | Val L 0.6115 A 79.15%
2026-08-10 10:37:27 [INFO] src.model_cnn.train: Epoch  25/200 | LR 0.09619 | Train L 0.5530 A 80.84% | Val L 0.5803 A 80.11%
2026-08-10 10:37:27 [INFO] src.model_cnn.train: Target validation accuracy reached (80.11% >= 80.0%). Stopping early.
2026-08-10 10:37:28 [INFO] src.model_cnn.train: Model saved -> /scratch/dominic/Forschungsprojekt/results/20260810_103555_31206/models/baseline_cnn_CIFAR10_float32.pt
2026-08-10 10:37:28 [INFO] src.utility.utils: -------------------------------------------------
2026-08-10 10:37:28 [INFO] src.utility.utils:      epoch |    total_s |    train_s |      val_s
2026-08-10 10:37:28 [INFO] src.utility.utils: -------------------------------------------------
2026-08-10 10:37:28 [INFO] src.utility.utils:          1 |      3.575 |      2.914 |      0.661
2026-08-10 10:37:28 [INFO] src.utility.utils:          2 |      3.162 |      2.495 |      0.667
2026-08-10 10:37:28 [INFO] src.utility.utils:          3 |      3.105 |       2.44 |      0.665
2026-08-10 10:37:28 [INFO] src.utility.utils:          4 |      3.095 |      2.421 |      0.674
2026-08-10 10:37:28 [INFO] src.utility.utils:          5 |      3.085 |      2.407 |      0.678
2026-08-10 10:37:28 [INFO] src.utility.utils:          6 |      3.159 |      2.492 |      0.667
2026-08-10 10:37:28 [INFO] src.utility.utils:          7 |      3.248 |      2.573 |      0.675
2026-08-10 10:37:28 [INFO] src.utility.utils:          8 |      3.025 |      2.357 |      0.668
2026-08-10 10:37:28 [INFO] src.utility.utils:          9 |      3.167 |      2.495 |      0.672
2026-08-10 10:37:28 [INFO] src.utility.utils:         10 |      3.291 |       2.63 |      0.661
2026-08-10 10:37:28 [INFO] src.utility.utils:         11 |      3.293 |      2.587 |      0.706
2026-08-10 10:37:28 [INFO] src.utility.utils:         12 |      3.479 |      2.813 |      0.666
2026-08-10 10:37:28 [INFO] src.utility.utils:         13 |      3.294 |      2.633 |      0.661
2026-08-10 10:37:28 [INFO] src.utility.utils:         14 |      3.031 |      2.366 |      0.666
2026-08-10 10:37:28 [INFO] src.utility.utils:         15 |      3.031 |      2.369 |      0.662
2026-08-10 10:37:28 [INFO] src.utility.utils:         16 |      3.145 |      2.478 |      0.667
2026-08-10 10:37:28 [INFO] src.utility.utils:         17 |      3.224 |       2.55 |      0.674
2026-08-10 10:37:28 [INFO] src.utility.utils:         18 |      3.061 |      2.397 |      0.664
2026-08-10 10:37:28 [INFO] src.utility.utils:         19 |      3.139 |      2.438 |      0.702
2026-08-10 10:37:28 [INFO] src.utility.utils:         20 |      3.026 |      2.359 |      0.667
2026-08-10 10:37:28 [INFO] src.utility.utils:         21 |      3.275 |       2.61 |      0.665
2026-08-10 10:37:28 [INFO] src.utility.utils:         22 |      3.267 |      2.596 |      0.671
2026-08-10 10:37:28 [INFO] src.utility.utils:         23 |      3.137 |      2.468 |      0.669
2026-08-10 10:37:28 [INFO] src.utility.utils:         24 |      3.169 |       2.49 |      0.678
2026-08-10 10:37:28 [INFO] src.utility.utils:         25 |       3.17 |      2.493 |      0.677
2026-08-10 10:37:28 [INFO] src.utility.utils: 
Total wall-clock time: 79.7s  (1.33 min)
2026-08-10 10:37:28 [INFO] src.utility.utils: Timing data saved → /scratch/dominic/Forschungsprojekt/results/20260810_103555_31206/csv/timing_cnn_CIFAR10.csv
2026-08-10 10:37:28 [INFO] src.utility.utils: Training curves saved → /scratch/dominic/Forschungsprojekt/results/20260810_103555_31206/logs/training_curves_cnn_CIFAR10.png
2026-08-10 10:37:29 [INFO] __main__: Computing Hessian Trace for FP32...
[torch.Size([32, 3, 3, 3]), torch.Size([32]), torch.Size([32]), torch.Size([32]), torch.Size([64, 32, 3, 3]), torch.Size([64]), torch.Size([64]), torch.Size([64]), torch.Size([128, 64, 3, 3]), torch.Size([128]), torch.Size([128]), torch.Size([128]), torch.Size([256, 128, 3, 3]), torch.Size([256]), torch.Size([256]), torch.Size([256]), torch.Size([1024, 1024]), torch.Size([1024]), torch.Size([10, 1024]), torch.Size([10])]
2026-08-10 10:37:30 [INFO] src.analysis.pyhessian: [PyHessian] conv1.weight: trace=53.8214 (29 iters)
[torch.Size([32, 3, 3, 3]), torch.Size([32]), torch.Size([32]), torch.Size([32]), torch.Size([64, 32, 3, 3]), torch.Size([64]), torch.Size([64]), torch.Size([64]), torch.Size([128, 64, 3, 3]), torch.Size([128]), torch.Size([128]), torch.Size([128]), torch.Size([256, 128, 3, 3]), torch.Size([256]), torch.Size([256]), torch.Size([256]), torch.Size([1024, 1024]), torch.Size([1024]), torch.Size([10, 1024]), torch.Size([10])]
2026-08-10 10:37:30 [INFO] src.analysis.pyhessian: [PyHessian] conv2.weight: trace=91.2402 (9 iters)
[torch.Size([32, 3, 3, 3]), torch.Size([32]), torch.Size([32]), torch.Size([32]), torch.Size([64, 32, 3, 3]), torch.Size([64]), torch.Size([64]), torch.Size([64]), torch.Size([128, 64, 3, 3]), torch.Size([128]), torch.Size([128]), torch.Size([128]), torch.Size([256, 128, 3, 3]), torch.Size([256]), torch.Size([256]), torch.Size([256]), torch.Size([1024, 1024]), torch.Size([1024]), torch.Size([10, 1024]), torch.Size([10])]
2026-08-10 10:37:30 [INFO] src.analysis.pyhessian: [PyHessian] conv3.weight: trace=172.2211 (36 iters)
[torch.Size([32, 3, 3, 3]), torch.Size([32]), torch.Size([32]), torch.Size([32]), torch.Size([64, 32, 3, 3]), torch.Size([64]), torch.Size([64]), torch.Size([64]), torch.Size([128, 64, 3, 3]), torch.Size([128]), torch.Size([128]), torch.Size([128]), torch.Size([256, 128, 3, 3]), torch.Size([256]), torch.Size([256]), torch.Size([256]), torch.Size([1024, 1024]), torch.Size([1024]), torch.Size([10, 1024]), torch.Size([10])]
2026-08-10 10:37:30 [INFO] src.analysis.pyhessian: [PyHessian] conv4.weight: trace=56.5960 (9 iters)
[torch.Size([32, 3, 3, 3]), torch.Size([32]), torch.Size([32]), torch.Size([32]), torch.Size([64, 32, 3, 3]), torch.Size([64]), torch.Size([64]), torch.Size([64]), torch.Size([128, 64, 3, 3]), torch.Size([128]), torch.Size([128]), torch.Size([128]), torch.Size([256, 128, 3, 3]), torch.Size([256]), torch.Size([256]), torch.Size([256]), torch.Size([1024, 1024]), torch.Size([1024]), torch.Size([10, 1024]), torch.Size([10])]
2026-08-10 10:37:30 [INFO] src.analysis.pyhessian: [PyHessian] fc1.weight: trace=10.8220 (12 iters)
[torch.Size([32, 3, 3, 3]), torch.Size([32]), torch.Size([32]), torch.Size([32]), torch.Size([64, 32, 3, 3]), torch.Size([64]), torch.Size([64]), torch.Size([64]), torch.Size([128, 64, 3, 3]), torch.Size([128]), torch.Size([128]), torch.Size([128]), torch.Size([256, 128, 3, 3]), torch.Size([256]), torch.Size([256]), torch.Size([256]), torch.Size([1024, 1024]), torch.Size([1024]), torch.Size([10, 1024]), torch.Size([10])]
2026-08-10 10:37:30 [INFO] src.analysis.pyhessian: [PyHessian] fc2.weight: trace=4.3974 (14 iters)
2026-08-10 10:37:30 [INFO] src.analysis.top_eigenvalue: [PyHessian] conv1.weight: lambda_max=12.5488
2026-08-10 10:37:31 [INFO] src.analysis.top_eigenvalue: [PyHessian] conv2.weight: lambda_max=17.8179
2026-08-10 10:37:31 [INFO] src.analysis.top_eigenvalue: [PyHessian] conv3.weight: lambda_max=17.9232
2026-08-10 10:37:31 [INFO] src.analysis.top_eigenvalue: [PyHessian] conv4.weight: lambda_max=4.2099
2026-08-10 10:37:31 [INFO] src.analysis.top_eigenvalue: [PyHessian] fc1.weight: lambda_max=0.7750
2026-08-10 10:37:31 [INFO] src.analysis.top_eigenvalue: [PyHessian] fc2.weight: lambda_max=0.6318
2026-08-10 10:37:31 [INFO] __main__: [FP32] Best Val Acc: 80.11% | Latency: 0.95ms
2026-08-10 10:37:31 [INFO] __main__: Starting PTQ Calibration...
2026-08-10 10:37:33 [INFO] __main__: Saved uncompiled PTQ state_dict -> /scratch/dominic/Forschungsprojekt/results/20260810_103555_31206/quantized_models/ptq_po2_cnn_CIFAR10.pt
2026-08-10 10:37:33 [INFO] __main__: Computing Hessian Trace for PTQ...
[torch.Size([32, 3, 3, 3]), torch.Size([32]), torch.Size([64, 32, 3, 3]), torch.Size([64]), torch.Size([128, 64, 3, 3]), torch.Size([128]), torch.Size([256, 128, 3, 3]), torch.Size([256]), torch.Size([1024, 1024]), torch.Size([1024]), torch.Size([10, 1024]), torch.Size([10])]
2026-08-10 10:37:34 [INFO] src.analysis.pyhessian: [PyHessian] conv1.weight: trace=307.9970 (47 iters)
[torch.Size([32, 3, 3, 3]), torch.Size([32]), torch.Size([64, 32, 3, 3]), torch.Size([64]), torch.Size([128, 64, 3, 3]), torch.Size([128]), torch.Size([256, 128, 3, 3]), torch.Size([256]), torch.Size([1024, 1024]), torch.Size([1024]), torch.Size([10, 1024]), torch.Size([10])]
2026-08-10 10:37:34 [INFO] src.analysis.pyhessian: [PyHessian] conv2.weight: trace=724.1170 (31 iters)
[torch.Size([32, 3, 3, 3]), torch.Size([32]), torch.Size([64, 32, 3, 3]), torch.Size([64]), torch.Size([128, 64, 3, 3]), torch.Size([128]), torch.Size([256, 128, 3, 3]), torch.Size([256]), torch.Size([1024, 1024]), torch.Size([1024]), torch.Size([10, 1024]), torch.Size([10])]
2026-08-10 10:37:34 [INFO] src.analysis.pyhessian: [PyHessian] conv3.weight: trace=260.8618 (36 iters)
[torch.Size([32, 3, 3, 3]), torch.Size([32]), torch.Size([64, 32, 3, 3]), torch.Size([64]), torch.Size([128, 64, 3, 3]), torch.Size([128]), torch.Size([256, 128, 3, 3]), torch.Size([256]), torch.Size([1024, 1024]), torch.Size([1024]), torch.Size([10, 1024]), torch.Size([10])]
2026-08-10 10:37:34 [INFO] src.analysis.pyhessian: [PyHessian] conv4.weight: trace=23.9515 (18 iters)
[torch.Size([32, 3, 3, 3]), torch.Size([32]), torch.Size([64, 32, 3, 3]), torch.Size([64]), torch.Size([128, 64, 3, 3]), torch.Size([128]), torch.Size([256, 128, 3, 3]), torch.Size([256]), torch.Size([1024, 1024]), torch.Size([1024]), torch.Size([10, 1024]), torch.Size([10])]
2026-08-10 10:37:34 [INFO] src.analysis.pyhessian: [PyHessian] fc1.weight: trace=13.5468 (23 iters)
[torch.Size([32, 3, 3, 3]), torch.Size([32]), torch.Size([64, 32, 3, 3]), torch.Size([64]), torch.Size([128, 64, 3, 3]), torch.Size([128]), torch.Size([256, 128, 3, 3]), torch.Size([256]), torch.Size([1024, 1024]), torch.Size([1024]), torch.Size([10, 1024]), torch.Size([10])]
2026-08-10 10:37:34 [INFO] src.analysis.pyhessian: [PyHessian] fc2.weight: trace=4.3915 (30 iters)
2026-08-10 10:37:35 [INFO] src.analysis.top_eigenvalue: [PyHessian] conv1.weight: lambda_max=65.3231
2026-08-10 10:37:35 [INFO] src.analysis.top_eigenvalue: [PyHessian] conv2.weight: lambda_max=116.1245
2026-08-10 10:37:35 [INFO] src.analysis.top_eigenvalue: [PyHessian] conv3.weight: lambda_max=34.4273
2026-08-10 10:37:35 [INFO] src.analysis.top_eigenvalue: [PyHessian] conv4.weight: lambda_max=2.1073
2026-08-10 10:37:35 [INFO] src.analysis.top_eigenvalue: [PyHessian] fc1.weight: lambda_max=0.9493
2026-08-10 10:37:35 [INFO] src.analysis.top_eigenvalue: [PyHessian] fc2.weight: lambda_max=0.6442
2026-08-10 10:37:35 [INFO] __main__: Compiling PTQ model for throughput benchmarking...
2026-08-10 10:39:16 [INFO] __main__: [PTQ]  Val Acc: 74.55% | Latency: 2.47ms
2026-08-10 10:39:16 [INFO] __main__: Starting Quantization-Aware Training (QAT)...
