2026-08-07 10:07:02 [INFO] __main__: === Pipeline start: 3 models - 2 datasets = 6 runs ===
2026-08-07 10:07:02 [INFO] __main__: === Diagnose-Int8-Perf: skipping training and Hessian/eigenvalue/SQNR analysis ===
2026-08-07 10:07:02 [INFO] src.analysis.int8_profile: [Int8Diag] GPU: NVIDIA A100-SXM4-80GB (compute capability 8.0, sm80)
2026-08-07 10:07:02 [INFO] src.analysis.int8_profile: [Int8Diag] torchao 0.17: Int8DynamicActivationInt8WeightConfig's default filter_fn only matches nn.Linear (aten.linear/aten.mm dispatch) -- it does not implement aten.conv2d at all. The only Conv2d-capable int8 config, IntxWeightOnlyConfig, is weight-only and dequantizes to fp32 before a standard fp32 conv at forward time. There is no optimized int8 GEMM/conv kernel path for Conv2d in this torchao version, on this or any GPU architecture.
2026-08-07 10:07:02 [INFO] __main__: 
--- Diagnose-Int8-Perf PTQ cnn on CIFAR10 ---
2026-08-07 10:07:26 [INFO] __main__: 
--- Diagnose-Int8-Perf QAT cnn on CIFAR10 ---
2026-08-07 10:07:51 [INFO] __main__: 
--- Diagnose-Int8-Perf PTQ resnet18_no_weights on CIFAR10 ---
2026-08-07 10:09:22 [INFO] __main__: 
--- Diagnose-Int8-Perf QAT resnet18_no_weights on CIFAR10 ---
2026-08-07 10:10:52 [INFO] __main__: 
--- Diagnose-Int8-Perf PTQ resnet50_no_weights on CIFAR10 ---
2026-08-07 10:16:29 [INFO] __main__: 
--- Diagnose-Int8-Perf QAT resnet50_no_weights on CIFAR10 ---
2026-08-07 10:22:06 [INFO] __main__: 
--- Diagnose-Int8-Perf PTQ cnn on IMAGENET100 ---
2026-08-07 10:26:34 [INFO] __main__: 
--- Diagnose-Int8-Perf QAT cnn on IMAGENET100 ---
2026-08-07 10:31:01 [INFO] __main__: 
--- Diagnose-Int8-Perf PTQ resnet18_no_weights on IMAGENET100 ---
2026-08-07 10:35:58 [INFO] __main__: 
--- Diagnose-Int8-Perf QAT resnet18_no_weights on IMAGENET100 ---
2026-08-07 10:40:54 [INFO] __main__: 
--- Diagnose-Int8-Perf PTQ resnet50_no_weights on IMAGENET100 ---
2026-08-07 10:56:08 [INFO] __main__: 
--- Diagnose-Int8-Perf QAT resnet50_no_weights on IMAGENET100 ---
2026-08-07 11:11:22 [INFO] __main__: Summary saved → /scratch/dominic/Forschungsprojekt/results/20260807_100652_27816/csv/int8_perf_diagnosis_sweep.csv
2026-08-07 11:11:22 [INFO] src.analysis.int8_profile: [Int8Diag] Report written -> /scratch/dominic/Forschungsprojekt/results/20260807_100652_27816/logs/int8_perf_diagnosis.txt
2026-08-07 11:11:22 [INFO] __main__: === Diagnose-Int8-Perf complete ===
