2026-08-07 10:01:42 [INFO] __main__: === Pipeline start: 3 models - 2 datasets = 6 runs ===
2026-08-07 10:01:42 [INFO] __main__: === Validate-PoT-Int8: skipping training and Hessian/eigenvalue/SQNR analysis ===
2026-08-07 10:01:42 [INFO] __main__: 
--- Validate-PoT-Int8 PTQ cnn on CIFAR10 ---
conv1 <class 'torch.nn.parameter.Parameter'>
2026-08-07 10:01:43 [INFO] src.analysis.validate_pot: [ValidatePoT] PTQ cnn/CIFAR10 conv1 (Conv2d): rel_error=0.0000 max_abs_error=0 [validated]
2026-08-07 10:01:43 [INFO] src.analysis.validate_pot: [ValidatePoT] PTQ cnn/CIFAR10 conv2 (Conv2d): rel_error=0.0000 max_abs_error=0 [validated]
2026-08-07 10:01:43 [INFO] src.analysis.validate_pot: [ValidatePoT] PTQ cnn/CIFAR10 conv3 (Conv2d): rel_error=0.0000 max_abs_error=0 [validated]
2026-08-07 10:01:43 [INFO] src.analysis.validate_pot: [ValidatePoT] PTQ cnn/CIFAR10 conv4 (Conv2d): rel_error=0.0000 max_abs_error=0 [validated]
2026-08-07 10:01:43 [INFO] src.analysis.validate_pot: [ValidatePoT] PTQ cnn/CIFAR10 fc1 (Linear): rel_error=0.0092 max_abs_error=0.03481 [validated]
2026-08-07 10:01:43 [INFO] src.analysis.validate_pot: [ValidatePoT] PTQ cnn/CIFAR10 fc2 (Linear): rel_error=0.0080 max_abs_error=0.06327 [validated]
2026-08-07 10:01:43 [INFO] src.analysis.validate_pot: [ValidatePoT] PTQ cnn/CIFAR10 summary: 6/6 (100.0%) layers validated | worst layer: fc1 (rel_error=0.0092, status=validated)
2026-08-07 10:01:43 [INFO] __main__: 
--- Validate-PoT-Int8 QAT cnn on CIFAR10 ---
conv1 <class 'torch.nn.parameter.Parameter'>
2026-08-07 10:01:43 [INFO] src.analysis.validate_pot: [ValidatePoT] QAT cnn/CIFAR10 conv1 (Conv2d): rel_error=0.0000 max_abs_error=0 [validated]
2026-08-07 10:01:43 [INFO] src.analysis.validate_pot: [ValidatePoT] QAT cnn/CIFAR10 conv2 (Conv2d): rel_error=0.0000 max_abs_error=0 [validated]
2026-08-07 10:01:43 [INFO] src.analysis.validate_pot: [ValidatePoT] QAT cnn/CIFAR10 conv3 (Conv2d): rel_error=0.0000 max_abs_error=0 [validated]
2026-08-07 10:01:43 [INFO] src.analysis.validate_pot: [ValidatePoT] QAT cnn/CIFAR10 conv4 (Conv2d): rel_error=0.0000 max_abs_error=0 [validated]
2026-08-07 10:01:43 [INFO] src.analysis.validate_pot: [ValidatePoT] QAT cnn/CIFAR10 fc1 (Linear): rel_error=0.0092 max_abs_error=0.03449 [validated]
2026-08-07 10:01:43 [INFO] src.analysis.validate_pot: [ValidatePoT] QAT cnn/CIFAR10 fc2 (Linear): rel_error=0.0080 max_abs_error=0.0628 [validated]
2026-08-07 10:01:43 [INFO] src.analysis.validate_pot: [ValidatePoT] QAT cnn/CIFAR10 summary: 6/6 (100.0%) layers validated | worst layer: fc1 (rel_error=0.0092, status=validated)
2026-08-07 10:01:43 [INFO] __main__: 
--- Validate-PoT-Int8 PTQ resnet18_no_weights on CIFAR10 ---
conv1 <class 'torch.nn.parameter.Parameter'>
2026-08-07 10:01:44 [INFO] src.analysis.validate_pot: [ValidatePoT] PTQ resnet18_no_weights/CIFAR10 conv1 (Conv2d): rel_error=0.0000 max_abs_error=0 [validated]
2026-08-07 10:01:44 [INFO] src.analysis.validate_pot: [ValidatePoT] PTQ resnet18_no_weights/CIFAR10 layer1.0.conv1 (Conv2d): rel_error=0.0000 max_abs_error=0 [validated]
2026-08-07 10:01:44 [INFO] src.analysis.validate_pot: [ValidatePoT] PTQ resnet18_no_weights/CIFAR10 layer1.0.conv2 (Conv2d): rel_error=0.0000 max_abs_error=0 [validated]
2026-08-07 10:01:44 [INFO] src.analysis.validate_pot: [ValidatePoT] PTQ resnet18_no_weights/CIFAR10 layer1.1.conv1 (Conv2d): rel_error=0.0000 max_abs_error=0 [validated]
2026-08-07 10:01:44 [INFO] src.analysis.validate_pot: [ValidatePoT] PTQ resnet18_no_weights/CIFAR10 layer1.1.conv2 (Conv2d): rel_error=0.0000 max_abs_error=0 [validated]
2026-08-07 10:01:44 [INFO] src.analysis.validate_pot: [ValidatePoT] PTQ resnet18_no_weights/CIFAR10 layer2.0.conv1 (Conv2d): rel_error=0.0000 max_abs_error=0 [validated]
2026-08-07 10:01:44 [INFO] src.analysis.validate_pot: [ValidatePoT] PTQ resnet18_no_weights/CIFAR10 layer2.0.conv2 (Conv2d): rel_error=0.0000 max_abs_error=0 [validated]
2026-08-07 10:01:44 [INFO] src.analysis.validate_pot: [ValidatePoT] PTQ resnet18_no_weights/CIFAR10 layer2.0.downsample.0 (Conv2d): rel_error=0.0000 max_abs_error=0 [validated]
2026-08-07 10:01:44 [INFO] src.analysis.validate_pot: [ValidatePoT] PTQ resnet18_no_weights/CIFAR10 layer2.1.conv1 (Conv2d): rel_error=0.0000 max_abs_error=0 [validated]
2026-08-07 10:01:44 [INFO] src.analysis.validate_pot: [ValidatePoT] PTQ resnet18_no_weights/CIFAR10 layer2.1.conv2 (Conv2d): rel_error=0.0000 max_abs_error=0 [validated]
2026-08-07 10:01:44 [INFO] src.analysis.validate_pot: [ValidatePoT] PTQ resnet18_no_weights/CIFAR10 layer3.0.conv1 (Conv2d): rel_error=0.0000 max_abs_error=0 [validated]
2026-08-07 10:01:44 [INFO] src.analysis.validate_pot: [ValidatePoT] PTQ resnet18_no_weights/CIFAR10 layer3.0.conv2 (Conv2d): rel_error=0.0000 max_abs_error=0 [validated]
2026-08-07 10:01:44 [INFO] src.analysis.validate_pot: [ValidatePoT] PTQ resnet18_no_weights/CIFAR10 layer3.0.downsample.0 (Conv2d): rel_error=0.0000 max_abs_error=0 [validated]
2026-08-07 10:01:44 [INFO] src.analysis.validate_pot: [ValidatePoT] PTQ resnet18_no_weights/CIFAR10 layer3.1.conv1 (Conv2d): rel_error=0.0000 max_abs_error=0 [validated]
2026-08-07 10:01:44 [INFO] src.analysis.validate_pot: [ValidatePoT] PTQ resnet18_no_weights/CIFAR10 layer3.1.conv2 (Conv2d): rel_error=0.0000 max_abs_error=0 [validated]
2026-08-07 10:01:44 [INFO] src.analysis.validate_pot: [ValidatePoT] PTQ resnet18_no_weights/CIFAR10 layer4.0.conv1 (Conv2d): rel_error=0.0000 max_abs_error=0 [validated]
2026-08-07 10:01:44 [INFO] src.analysis.validate_pot: [ValidatePoT] PTQ resnet18_no_weights/CIFAR10 layer4.0.conv2 (Conv2d): rel_error=0.0000 max_abs_error=0 [validated]
2026-08-07 10:01:44 [INFO] src.analysis.validate_pot: [ValidatePoT] PTQ resnet18_no_weights/CIFAR10 layer4.0.downsample.0 (Conv2d): rel_error=0.0000 max_abs_error=0 [validated]
2026-08-07 10:01:44 [INFO] src.analysis.validate_pot: [ValidatePoT] PTQ resnet18_no_weights/CIFAR10 layer4.1.conv1 (Conv2d): rel_error=0.0000 max_abs_error=0 [validated]
2026-08-07 10:01:44 [INFO] src.analysis.validate_pot: [ValidatePoT] PTQ resnet18_no_weights/CIFAR10 layer4.1.conv2 (Conv2d): rel_error=0.0000 max_abs_error=0 [validated]
2026-08-07 10:01:44 [INFO] src.analysis.validate_pot: [ValidatePoT] PTQ resnet18_no_weights/CIFAR10 fc (Linear): rel_error=0.0090 max_abs_error=0.06452 [validated]
2026-08-07 10:01:44 [INFO] src.analysis.validate_pot: [ValidatePoT] PTQ resnet18_no_weights/CIFAR10 summary: 21/21 (100.0%) layers validated | worst layer: fc (rel_error=0.0090, status=validated)
2026-08-07 10:01:44 [INFO] __main__: 
--- Validate-PoT-Int8 QAT resnet18_no_weights on CIFAR10 ---
conv1 <class 'torch.nn.parameter.Parameter'>
2026-08-07 10:01:44 [INFO] src.analysis.validate_pot: [ValidatePoT] QAT resnet18_no_weights/CIFAR10 conv1 (Conv2d): rel_error=0.0000 max_abs_error=0 [validated]
2026-08-07 10:01:44 [INFO] src.analysis.validate_pot: [ValidatePoT] QAT resnet18_no_weights/CIFAR10 layer1.0.conv1 (Conv2d): rel_error=0.0000 max_abs_error=0 [validated]
2026-08-07 10:01:44 [INFO] src.analysis.validate_pot: [ValidatePoT] QAT resnet18_no_weights/CIFAR10 layer1.0.conv2 (Conv2d): rel_error=0.0000 max_abs_error=0 [validated]
2026-08-07 10:01:44 [INFO] src.analysis.validate_pot: [ValidatePoT] QAT resnet18_no_weights/CIFAR10 layer1.1.conv1 (Conv2d): rel_error=0.0000 max_abs_error=0 [validated]
2026-08-07 10:01:44 [INFO] src.analysis.validate_pot: [ValidatePoT] QAT resnet18_no_weights/CIFAR10 layer1.1.conv2 (Conv2d): rel_error=0.0000 max_abs_error=0 [validated]
2026-08-07 10:01:44 [INFO] src.analysis.validate_pot: [ValidatePoT] QAT resnet18_no_weights/CIFAR10 layer2.0.conv1 (Conv2d): rel_error=0.0000 max_abs_error=0 [validated]
2026-08-07 10:01:44 [INFO] src.analysis.validate_pot: [ValidatePoT] QAT resnet18_no_weights/CIFAR10 layer2.0.conv2 (Conv2d): rel_error=0.0000 max_abs_error=0 [validated]
2026-08-07 10:01:44 [INFO] src.analysis.validate_pot: [ValidatePoT] QAT resnet18_no_weights/CIFAR10 layer2.0.downsample.0 (Conv2d): rel_error=0.0000 max_abs_error=0 [validated]
2026-08-07 10:01:44 [INFO] src.analysis.validate_pot: [ValidatePoT] QAT resnet18_no_weights/CIFAR10 layer2.1.conv1 (Conv2d): rel_error=0.0000 max_abs_error=0 [validated]
2026-08-07 10:01:44 [INFO] src.analysis.validate_pot: [ValidatePoT] QAT resnet18_no_weights/CIFAR10 layer2.1.conv2 (Conv2d): rel_error=0.0000 max_abs_error=0 [validated]
2026-08-07 10:01:44 [INFO] src.analysis.validate_pot: [ValidatePoT] QAT resnet18_no_weights/CIFAR10 layer3.0.conv1 (Conv2d): rel_error=0.0000 max_abs_error=0 [validated]
2026-08-07 10:01:44 [INFO] src.analysis.validate_pot: [ValidatePoT] QAT resnet18_no_weights/CIFAR10 layer3.0.conv2 (Conv2d): rel_error=0.0000 max_abs_error=0 [validated]
2026-08-07 10:01:44 [INFO] src.analysis.validate_pot: [ValidatePoT] QAT resnet18_no_weights/CIFAR10 layer3.0.downsample.0 (Conv2d): rel_error=0.0000 max_abs_error=0 [validated]
2026-08-07 10:01:44 [INFO] src.analysis.validate_pot: [ValidatePoT] QAT resnet18_no_weights/CIFAR10 layer3.1.conv1 (Conv2d): rel_error=0.0000 max_abs_error=0 [validated]
2026-08-07 10:01:44 [INFO] src.analysis.validate_pot: [ValidatePoT] QAT resnet18_no_weights/CIFAR10 layer3.1.conv2 (Conv2d): rel_error=0.0000 max_abs_error=0 [validated]
2026-08-07 10:01:44 [INFO] src.analysis.validate_pot: [ValidatePoT] QAT resnet18_no_weights/CIFAR10 layer4.0.conv1 (Conv2d): rel_error=0.0000 max_abs_error=0 [validated]
2026-08-07 10:01:44 [INFO] src.analysis.validate_pot: [ValidatePoT] QAT resnet18_no_weights/CIFAR10 layer4.0.conv2 (Conv2d): rel_error=0.0000 max_abs_error=0 [validated]
2026-08-07 10:01:44 [INFO] src.analysis.validate_pot: [ValidatePoT] QAT resnet18_no_weights/CIFAR10 layer4.0.downsample.0 (Conv2d): rel_error=0.0000 max_abs_error=0 [validated]
2026-08-07 10:01:44 [INFO] src.analysis.validate_pot: [ValidatePoT] QAT resnet18_no_weights/CIFAR10 layer4.1.conv1 (Conv2d): rel_error=0.0000 max_abs_error=0 [validated]
2026-08-07 10:01:44 [INFO] src.analysis.validate_pot: [ValidatePoT] QAT resnet18_no_weights/CIFAR10 layer4.1.conv2 (Conv2d): rel_error=0.0000 max_abs_error=0 [validated]
2026-08-07 10:01:44 [INFO] src.analysis.validate_pot: [ValidatePoT] QAT resnet18_no_weights/CIFAR10 fc (Linear): rel_error=0.0090 max_abs_error=0.06451 [validated]
2026-08-07 10:01:44 [INFO] src.analysis.validate_pot: [ValidatePoT] QAT resnet18_no_weights/CIFAR10 summary: 21/21 (100.0%) layers validated | worst layer: fc (rel_error=0.0090, status=validated)
2026-08-07 10:01:45 [INFO] __main__: 
--- Validate-PoT-Int8 PTQ resnet50_no_weights on CIFAR10 ---
conv1 <class 'torch.nn.parameter.Parameter'>
2026-08-07 10:01:46 [INFO] src.analysis.validate_pot: [ValidatePoT] PTQ resnet50_no_weights/CIFAR10 conv1 (Conv2d): rel_error=0.0000 max_abs_error=0 [validated]
2026-08-07 10:01:46 [INFO] src.analysis.validate_pot: [ValidatePoT] PTQ resnet50_no_weights/CIFAR10 layer1.0.conv1 (Conv2d): rel_error=0.0000 max_abs_error=0 [validated]
2026-08-07 10:01:46 [INFO] src.analysis.validate_pot: [ValidatePoT] PTQ resnet50_no_weights/CIFAR10 layer1.0.conv2 (Conv2d): rel_error=0.0000 max_abs_error=0 [validated]
2026-08-07 10:01:46 [INFO] src.analysis.validate_pot: [ValidatePoT] PTQ resnet50_no_weights/CIFAR10 layer1.0.conv3 (Conv2d): rel_error=0.0000 max_abs_error=0 [validated]
2026-08-07 10:01:46 [INFO] src.analysis.validate_pot: [ValidatePoT] PTQ resnet50_no_weights/CIFAR10 layer1.0.downsample.0 (Conv2d): rel_error=0.0000 max_abs_error=0 [validated]
2026-08-07 10:01:46 [INFO] src.analysis.validate_pot: [ValidatePoT] PTQ resnet50_no_weights/CIFAR10 layer1.1.conv1 (Conv2d): rel_error=0.0000 max_abs_error=0 [validated]
2026-08-07 10:01:46 [INFO] src.analysis.validate_pot: [ValidatePoT] PTQ resnet50_no_weights/CIFAR10 layer1.1.conv2 (Conv2d): rel_error=0.0000 max_abs_error=0 [validated]
2026-08-07 10:01:46 [INFO] src.analysis.validate_pot: [ValidatePoT] PTQ resnet50_no_weights/CIFAR10 layer1.1.conv3 (Conv2d): rel_error=0.0000 max_abs_error=0 [validated]
2026-08-07 10:01:46 [INFO] src.analysis.validate_pot: [ValidatePoT] PTQ resnet50_no_weights/CIFAR10 layer1.2.conv1 (Conv2d): rel_error=0.0000 max_abs_error=0 [validated]
2026-08-07 10:01:46 [INFO] src.analysis.validate_pot: [ValidatePoT] PTQ resnet50_no_weights/CIFAR10 layer1.2.conv2 (Conv2d): rel_error=0.0000 max_abs_error=0 [validated]
2026-08-07 10:01:46 [INFO] src.analysis.validate_pot: [ValidatePoT] PTQ resnet50_no_weights/CIFAR10 layer1.2.conv3 (Conv2d): rel_error=0.0000 max_abs_error=0 [validated]
2026-08-07 10:01:46 [INFO] src.analysis.validate_pot: [ValidatePoT] PTQ resnet50_no_weights/CIFAR10 layer2.0.conv1 (Conv2d): rel_error=0.0000 max_abs_error=0 [validated]
2026-08-07 10:01:46 [INFO] src.analysis.validate_pot: [ValidatePoT] PTQ resnet50_no_weights/CIFAR10 layer2.0.conv2 (Conv2d): rel_error=0.0000 max_abs_error=0 [validated]
2026-08-07 10:01:46 [INFO] src.analysis.validate_pot: [ValidatePoT] PTQ resnet50_no_weights/CIFAR10 layer2.0.conv3 (Conv2d): rel_error=0.0000 max_abs_error=0 [validated]
2026-08-07 10:01:46 [INFO] src.analysis.validate_pot: [ValidatePoT] PTQ resnet50_no_weights/CIFAR10 layer2.0.downsample.0 (Conv2d): rel_error=0.0000 max_abs_error=0 [validated]
2026-08-07 10:01:46 [INFO] src.analysis.validate_pot: [ValidatePoT] PTQ resnet50_no_weights/CIFAR10 layer2.1.conv1 (Conv2d): rel_error=0.0000 max_abs_error=0 [validated]
2026-08-07 10:01:46 [INFO] src.analysis.validate_pot: [ValidatePoT] PTQ resnet50_no_weights/CIFAR10 layer2.1.conv2 (Conv2d): rel_error=0.0000 max_abs_error=0 [validated]
2026-08-07 10:01:46 [INFO] src.analysis.validate_pot: [ValidatePoT] PTQ resnet50_no_weights/CIFAR10 layer2.1.conv3 (Conv2d): rel_error=0.0000 max_abs_error=0 [validated]
2026-08-07 10:01:46 [INFO] src.analysis.validate_pot: [ValidatePoT] PTQ resnet50_no_weights/CIFAR10 layer2.2.conv1 (Conv2d): rel_error=0.0000 max_abs_error=0 [validated]
2026-08-07 10:01:46 [INFO] src.analysis.validate_pot: [ValidatePoT] PTQ resnet50_no_weights/CIFAR10 layer2.2.conv2 (Conv2d): rel_error=0.0000 max_abs_error=0 [validated]
2026-08-07 10:01:46 [INFO] src.analysis.validate_pot: [ValidatePoT] PTQ resnet50_no_weights/CIFAR10 layer2.2.conv3 (Conv2d): rel_error=0.0000 max_abs_error=0 [validated]
2026-08-07 10:01:46 [INFO] src.analysis.validate_pot: [ValidatePoT] PTQ resnet50_no_weights/CIFAR10 layer2.3.conv1 (Conv2d): rel_error=0.0000 max_abs_error=0 [validated]
2026-08-07 10:01:46 [INFO] src.analysis.validate_pot: [ValidatePoT] PTQ resnet50_no_weights/CIFAR10 layer2.3.conv2 (Conv2d): rel_error=0.0000 max_abs_error=0 [validated]
2026-08-07 10:01:46 [INFO] src.analysis.validate_pot: [ValidatePoT] PTQ resnet50_no_weights/CIFAR10 layer2.3.conv3 (Conv2d): rel_error=0.0000 max_abs_error=0 [validated]
2026-08-07 10:01:46 [INFO] src.analysis.validate_pot: [ValidatePoT] PTQ resnet50_no_weights/CIFAR10 layer3.0.conv1 (Conv2d): rel_error=0.0000 max_abs_error=0 [validated]
2026-08-07 10:01:46 [INFO] src.analysis.validate_pot: [ValidatePoT] PTQ resnet50_no_weights/CIFAR10 layer3.0.conv2 (Conv2d): rel_error=0.0000 max_abs_error=0 [validated]
2026-08-07 10:01:46 [INFO] src.analysis.validate_pot: [ValidatePoT] PTQ resnet50_no_weights/CIFAR10 layer3.0.conv3 (Conv2d): rel_error=0.0000 max_abs_error=0 [validated]
2026-08-07 10:01:46 [INFO] src.analysis.validate_pot: [ValidatePoT] PTQ resnet50_no_weights/CIFAR10 layer3.0.downsample.0 (Conv2d): rel_error=0.0000 max_abs_error=0 [validated]
2026-08-07 10:01:46 [INFO] src.analysis.validate_pot: [ValidatePoT] PTQ resnet50_no_weights/CIFAR10 layer3.1.conv1 (Conv2d): rel_error=0.0000 max_abs_error=0 [validated]
2026-08-07 10:01:46 [INFO] src.analysis.validate_pot: [ValidatePoT] PTQ resnet50_no_weights/CIFAR10 layer3.1.conv2 (Conv2d): rel_error=0.0000 max_abs_error=0 [validated]
2026-08-07 10:01:46 [INFO] src.analysis.validate_pot: [ValidatePoT] PTQ resnet50_no_weights/CIFAR10 layer3.1.conv3 (Conv2d): rel_error=0.0000 max_abs_error=0 [validated]
2026-08-07 10:01:46 [INFO] src.analysis.validate_pot: [ValidatePoT] PTQ resnet50_no_weights/CIFAR10 layer3.2.conv1 (Conv2d): rel_error=0.0000 max_abs_error=0 [validated]
2026-08-07 10:01:46 [INFO] src.analysis.validate_pot: [ValidatePoT] PTQ resnet50_no_weights/CIFAR10 layer3.2.conv2 (Conv2d): rel_error=0.0000 max_abs_error=0 [validated]
2026-08-07 10:01:46 [INFO] src.analysis.validate_pot: [ValidatePoT] PTQ resnet50_no_weights/CIFAR10 layer3.2.conv3 (Conv2d): rel_error=0.0000 max_abs_error=0 [validated]
2026-08-07 10:01:46 [INFO] src.analysis.validate_pot: [ValidatePoT] PTQ resnet50_no_weights/CIFAR10 layer3.3.conv1 (Conv2d): rel_error=0.0000 max_abs_error=0 [validated]
2026-08-07 10:01:46 [INFO] src.analysis.validate_pot: [ValidatePoT] PTQ resnet50_no_weights/CIFAR10 layer3.3.conv2 (Conv2d): rel_error=0.0000 max_abs_error=0 [validated]
2026-08-07 10:01:46 [INFO] src.analysis.validate_pot: [ValidatePoT] PTQ resnet50_no_weights/CIFAR10 layer3.3.conv3 (Conv2d): rel_error=0.0000 max_abs_error=0 [validated]
2026-08-07 10:01:46 [INFO] src.analysis.validate_pot: [ValidatePoT] PTQ resnet50_no_weights/CIFAR10 layer3.4.conv1 (Conv2d): rel_error=0.0000 max_abs_error=0 [validated]
2026-08-07 10:01:46 [INFO] src.analysis.validate_pot: [ValidatePoT] PTQ resnet50_no_weights/CIFAR10 layer3.4.conv2 (Conv2d): rel_error=0.0000 max_abs_error=0 [validated]
2026-08-07 10:01:46 [INFO] src.analysis.validate_pot: [ValidatePoT] PTQ resnet50_no_weights/CIFAR10 layer3.4.conv3 (Conv2d): rel_error=0.0000 max_abs_error=0 [validated]
2026-08-07 10:01:46 [INFO] src.analysis.validate_pot: [ValidatePoT] PTQ resnet50_no_weights/CIFAR10 layer3.5.conv1 (Conv2d): rel_error=0.0000 max_abs_error=0 [validated]
2026-08-07 10:01:46 [INFO] src.analysis.validate_pot: [ValidatePoT] PTQ resnet50_no_weights/CIFAR10 layer3.5.conv2 (Conv2d): rel_error=0.0000 max_abs_error=0 [validated]
2026-08-07 10:01:46 [INFO] src.analysis.validate_pot: [ValidatePoT] PTQ resnet50_no_weights/CIFAR10 layer3.5.conv3 (Conv2d): rel_error=0.0000 max_abs_error=0 [validated]
2026-08-07 10:01:46 [INFO] src.analysis.validate_pot: [ValidatePoT] PTQ resnet50_no_weights/CIFAR10 layer4.0.conv1 (Conv2d): rel_error=0.0000 max_abs_error=0 [validated]
2026-08-07 10:01:46 [INFO] src.analysis.validate_pot: [ValidatePoT] PTQ resnet50_no_weights/CIFAR10 layer4.0.conv2 (Conv2d): rel_error=0.0000 max_abs_error=0 [validated]
2026-08-07 10:01:46 [INFO] src.analysis.validate_pot: [ValidatePoT] PTQ resnet50_no_weights/CIFAR10 layer4.0.conv3 (Conv2d): rel_error=0.0000 max_abs_error=0 [validated]
2026-08-07 10:01:46 [INFO] src.analysis.validate_pot: [ValidatePoT] PTQ resnet50_no_weights/CIFAR10 layer4.0.downsample.0 (Conv2d): rel_error=0.0000 max_abs_error=0 [validated]
2026-08-07 10:01:46 [INFO] src.analysis.validate_pot: [ValidatePoT] PTQ resnet50_no_weights/CIFAR10 layer4.1.conv1 (Conv2d): rel_error=0.0000 max_abs_error=0 [validated]
2026-08-07 10:01:46 [INFO] src.analysis.validate_pot: [ValidatePoT] PTQ resnet50_no_weights/CIFAR10 layer4.1.conv2 (Conv2d): rel_error=0.0000 max_abs_error=0 [validated]
2026-08-07 10:01:46 [INFO] src.analysis.validate_pot: [ValidatePoT] PTQ resnet50_no_weights/CIFAR10 layer4.1.conv3 (Conv2d): rel_error=0.0000 max_abs_error=0 [validated]
2026-08-07 10:01:46 [INFO] src.analysis.validate_pot: [ValidatePoT] PTQ resnet50_no_weights/CIFAR10 layer4.2.conv1 (Conv2d): rel_error=0.0000 max_abs_error=0 [validated]
2026-08-07 10:01:46 [INFO] src.analysis.validate_pot: [ValidatePoT] PTQ resnet50_no_weights/CIFAR10 layer4.2.conv2 (Conv2d): rel_error=0.0000 max_abs_error=0 [validated]
2026-08-07 10:01:46 [INFO] src.analysis.validate_pot: [ValidatePoT] PTQ resnet50_no_weights/CIFAR10 layer4.2.conv3 (Conv2d): rel_error=0.0000 max_abs_error=0 [validated]
2026-08-07 10:01:46 [INFO] src.analysis.validate_pot: [ValidatePoT] PTQ resnet50_no_weights/CIFAR10 fc (Linear): rel_error=0.0257 max_abs_error=0.2623 [validated]
2026-08-07 10:01:46 [INFO] src.analysis.validate_pot: [ValidatePoT] PTQ resnet50_no_weights/CIFAR10 summary: 54/54 (100.0%) layers validated | worst layer: fc (rel_error=0.0257, status=validated)
2026-08-07 10:01:47 [INFO] __main__: 
--- Validate-PoT-Int8 QAT resnet50_no_weights on CIFAR10 ---
conv1 <class 'torch.nn.parameter.Parameter'>
2026-08-07 10:01:48 [INFO] src.analysis.validate_pot: [ValidatePoT] QAT resnet50_no_weights/CIFAR10 conv1 (Conv2d): rel_error=0.0000 max_abs_error=0 [validated]
2026-08-07 10:01:48 [INFO] src.analysis.validate_pot: [ValidatePoT] QAT resnet50_no_weights/CIFAR10 layer1.0.conv1 (Conv2d): rel_error=0.0000 max_abs_error=0 [validated]
2026-08-07 10:01:48 [INFO] src.analysis.validate_pot: [ValidatePoT] QAT resnet50_no_weights/CIFAR10 layer1.0.conv2 (Conv2d): rel_error=0.0000 max_abs_error=0 [validated]
2026-08-07 10:01:48 [INFO] src.analysis.validate_pot: [ValidatePoT] QAT resnet50_no_weights/CIFAR10 layer1.0.conv3 (Conv2d): rel_error=0.0000 max_abs_error=0 [validated]
2026-08-07 10:01:48 [INFO] src.analysis.validate_pot: [ValidatePoT] QAT resnet50_no_weights/CIFAR10 layer1.0.downsample.0 (Conv2d): rel_error=0.0000 max_abs_error=0 [validated]
2026-08-07 10:01:48 [INFO] src.analysis.validate_pot: [ValidatePoT] QAT resnet50_no_weights/CIFAR10 layer1.1.conv1 (Conv2d): rel_error=0.0000 max_abs_error=0 [validated]
2026-08-07 10:01:48 [INFO] src.analysis.validate_pot: [ValidatePoT] QAT resnet50_no_weights/CIFAR10 layer1.1.conv2 (Conv2d): rel_error=0.0000 max_abs_error=0 [validated]
2026-08-07 10:01:48 [INFO] src.analysis.validate_pot: [ValidatePoT] QAT resnet50_no_weights/CIFAR10 layer1.1.conv3 (Conv2d): rel_error=0.0000 max_abs_error=0 [validated]
2026-08-07 10:01:48 [INFO] src.analysis.validate_pot: [ValidatePoT] QAT resnet50_no_weights/CIFAR10 layer1.2.conv1 (Conv2d): rel_error=0.0000 max_abs_error=0 [validated]
2026-08-07 10:01:48 [INFO] src.analysis.validate_pot: [ValidatePoT] QAT resnet50_no_weights/CIFAR10 layer1.2.conv2 (Conv2d): rel_error=0.0000 max_abs_error=0 [validated]
2026-08-07 10:01:48 [INFO] src.analysis.validate_pot: [ValidatePoT] QAT resnet50_no_weights/CIFAR10 layer1.2.conv3 (Conv2d): rel_error=0.0000 max_abs_error=0 [validated]
2026-08-07 10:01:48 [INFO] src.analysis.validate_pot: [ValidatePoT] QAT resnet50_no_weights/CIFAR10 layer2.0.conv1 (Conv2d): rel_error=0.0000 max_abs_error=0 [validated]
2026-08-07 10:01:48 [INFO] src.analysis.validate_pot: [ValidatePoT] QAT resnet50_no_weights/CIFAR10 layer2.0.conv2 (Conv2d): rel_error=0.0000 max_abs_error=0 [validated]
2026-08-07 10:01:48 [INFO] src.analysis.validate_pot: [ValidatePoT] QAT resnet50_no_weights/CIFAR10 layer2.0.conv3 (Conv2d): rel_error=0.0000 max_abs_error=0 [validated]
2026-08-07 10:01:48 [INFO] src.analysis.validate_pot: [ValidatePoT] QAT resnet50_no_weights/CIFAR10 layer2.0.downsample.0 (Conv2d): rel_error=0.0000 max_abs_error=0 [validated]
2026-08-07 10:01:48 [INFO] src.analysis.validate_pot: [ValidatePoT] QAT resnet50_no_weights/CIFAR10 layer2.1.conv1 (Conv2d): rel_error=0.0000 max_abs_error=0 [validated]
2026-08-07 10:01:48 [INFO] src.analysis.validate_pot: [ValidatePoT] QAT resnet50_no_weights/CIFAR10 layer2.1.conv2 (Conv2d): rel_error=0.0000 max_abs_error=0 [validated]
2026-08-07 10:01:48 [INFO] src.analysis.validate_pot: [ValidatePoT] QAT resnet50_no_weights/CIFAR10 layer2.1.conv3 (Conv2d): rel_error=0.0000 max_abs_error=0 [validated]
2026-08-07 10:01:48 [INFO] src.analysis.validate_pot: [ValidatePoT] QAT resnet50_no_weights/CIFAR10 layer2.2.conv1 (Conv2d): rel_error=0.0000 max_abs_error=0 [validated]
2026-08-07 10:01:48 [INFO] src.analysis.validate_pot: [ValidatePoT] QAT resnet50_no_weights/CIFAR10 layer2.2.conv2 (Conv2d): rel_error=0.0000 max_abs_error=0 [validated]
2026-08-07 10:01:48 [INFO] src.analysis.validate_pot: [ValidatePoT] QAT resnet50_no_weights/CIFAR10 layer2.2.conv3 (Conv2d): rel_error=0.0000 max_abs_error=0 [validated]
2026-08-07 10:01:48 [INFO] src.analysis.validate_pot: [ValidatePoT] QAT resnet50_no_weights/CIFAR10 layer2.3.conv1 (Conv2d): rel_error=0.0000 max_abs_error=0 [validated]
2026-08-07 10:01:48 [INFO] src.analysis.validate_pot: [ValidatePoT] QAT resnet50_no_weights/CIFAR10 layer2.3.conv2 (Conv2d): rel_error=0.0000 max_abs_error=0 [validated]
2026-08-07 10:01:48 [INFO] src.analysis.validate_pot: [ValidatePoT] QAT resnet50_no_weights/CIFAR10 layer2.3.conv3 (Conv2d): rel_error=0.0000 max_abs_error=0 [validated]
2026-08-07 10:01:48 [INFO] src.analysis.validate_pot: [ValidatePoT] QAT resnet50_no_weights/CIFAR10 layer3.0.conv1 (Conv2d): rel_error=0.0000 max_abs_error=0 [validated]
2026-08-07 10:01:48 [INFO] src.analysis.validate_pot: [ValidatePoT] QAT resnet50_no_weights/CIFAR10 layer3.0.conv2 (Conv2d): rel_error=0.0000 max_abs_error=0 [validated]
2026-08-07 10:01:48 [INFO] src.analysis.validate_pot: [ValidatePoT] QAT resnet50_no_weights/CIFAR10 layer3.0.conv3 (Conv2d): rel_error=0.0000 max_abs_error=0 [validated]
2026-08-07 10:01:48 [INFO] src.analysis.validate_pot: [ValidatePoT] QAT resnet50_no_weights/CIFAR10 layer3.0.downsample.0 (Conv2d): rel_error=0.0000 max_abs_error=0 [validated]
2026-08-07 10:01:48 [INFO] src.analysis.validate_pot: [ValidatePoT] QAT resnet50_no_weights/CIFAR10 layer3.1.conv1 (Conv2d): rel_error=0.0000 max_abs_error=0 [validated]
2026-08-07 10:01:48 [INFO] src.analysis.validate_pot: [ValidatePoT] QAT resnet50_no_weights/CIFAR10 layer3.1.conv2 (Conv2d): rel_error=0.0000 max_abs_error=0 [validated]
2026-08-07 10:01:48 [INFO] src.analysis.validate_pot: [ValidatePoT] QAT resnet50_no_weights/CIFAR10 layer3.1.conv3 (Conv2d): rel_error=0.0000 max_abs_error=0 [validated]
2026-08-07 10:01:48 [INFO] src.analysis.validate_pot: [ValidatePoT] QAT resnet50_no_weights/CIFAR10 layer3.2.conv1 (Conv2d): rel_error=0.0000 max_abs_error=0 [validated]
2026-08-07 10:01:48 [INFO] src.analysis.validate_pot: [ValidatePoT] QAT resnet50_no_weights/CIFAR10 layer3.2.conv2 (Conv2d): rel_error=0.0000 max_abs_error=0 [validated]
2026-08-07 10:01:48 [INFO] src.analysis.validate_pot: [ValidatePoT] QAT resnet50_no_weights/CIFAR10 layer3.2.conv3 (Conv2d): rel_error=0.0000 max_abs_error=0 [validated]
2026-08-07 10:01:48 [INFO] src.analysis.validate_pot: [ValidatePoT] QAT resnet50_no_weights/CIFAR10 layer3.3.conv1 (Conv2d): rel_error=0.0000 max_abs_error=0 [validated]
2026-08-07 10:01:48 [INFO] src.analysis.validate_pot: [ValidatePoT] QAT resnet50_no_weights/CIFAR10 layer3.3.conv2 (Conv2d): rel_error=0.0000 max_abs_error=0 [validated]
2026-08-07 10:01:48 [INFO] src.analysis.validate_pot: [ValidatePoT] QAT resnet50_no_weights/CIFAR10 layer3.3.conv3 (Conv2d): rel_error=0.0000 max_abs_error=0 [validated]
2026-08-07 10:01:48 [INFO] src.analysis.validate_pot: [ValidatePoT] QAT resnet50_no_weights/CIFAR10 layer3.4.conv1 (Conv2d): rel_error=0.0000 max_abs_error=0 [validated]
2026-08-07 10:01:48 [INFO] src.analysis.validate_pot: [ValidatePoT] QAT resnet50_no_weights/CIFAR10 layer3.4.conv2 (Conv2d): rel_error=0.0000 max_abs_error=0 [validated]
2026-08-07 10:01:48 [INFO] src.analysis.validate_pot: [ValidatePoT] QAT resnet50_no_weights/CIFAR10 layer3.4.conv3 (Conv2d): rel_error=0.0000 max_abs_error=0 [validated]
2026-08-07 10:01:48 [INFO] src.analysis.validate_pot: [ValidatePoT] QAT resnet50_no_weights/CIFAR10 layer3.5.conv1 (Conv2d): rel_error=0.0000 max_abs_error=0 [validated]
2026-08-07 10:01:48 [INFO] src.analysis.validate_pot: [ValidatePoT] QAT resnet50_no_weights/CIFAR10 layer3.5.conv2 (Conv2d): rel_error=0.0000 max_abs_error=0 [validated]
2026-08-07 10:01:48 [INFO] src.analysis.validate_pot: [ValidatePoT] QAT resnet50_no_weights/CIFAR10 layer3.5.conv3 (Conv2d): rel_error=0.0000 max_abs_error=0 [validated]
2026-08-07 10:01:48 [INFO] src.analysis.validate_pot: [ValidatePoT] QAT resnet50_no_weights/CIFAR10 layer4.0.conv1 (Conv2d): rel_error=0.0000 max_abs_error=0 [validated]
2026-08-07 10:01:48 [INFO] src.analysis.validate_pot: [ValidatePoT] QAT resnet50_no_weights/CIFAR10 layer4.0.conv2 (Conv2d): rel_error=0.0000 max_abs_error=0 [validated]
2026-08-07 10:01:48 [INFO] src.analysis.validate_pot: [ValidatePoT] QAT resnet50_no_weights/CIFAR10 layer4.0.conv3 (Conv2d): rel_error=0.0000 max_abs_error=0 [validated]
2026-08-07 10:01:48 [INFO] src.analysis.validate_pot: [ValidatePoT] QAT resnet50_no_weights/CIFAR10 layer4.0.downsample.0 (Conv2d): rel_error=0.0000 max_abs_error=0 [validated]
2026-08-07 10:01:48 [INFO] src.analysis.validate_pot: [ValidatePoT] QAT resnet50_no_weights/CIFAR10 layer4.1.conv1 (Conv2d): rel_error=0.0000 max_abs_error=0 [validated]
2026-08-07 10:01:48 [INFO] src.analysis.validate_pot: [ValidatePoT] QAT resnet50_no_weights/CIFAR10 layer4.1.conv2 (Conv2d): rel_error=0.0000 max_abs_error=0 [validated]
2026-08-07 10:01:48 [INFO] src.analysis.validate_pot: [ValidatePoT] QAT resnet50_no_weights/CIFAR10 layer4.1.conv3 (Conv2d): rel_error=0.0000 max_abs_error=0 [validated]
2026-08-07 10:01:48 [INFO] src.analysis.validate_pot: [ValidatePoT] QAT resnet50_no_weights/CIFAR10 layer4.2.conv1 (Conv2d): rel_error=0.0000 max_abs_error=0 [validated]
2026-08-07 10:01:48 [INFO] src.analysis.validate_pot: [ValidatePoT] QAT resnet50_no_weights/CIFAR10 layer4.2.conv2 (Conv2d): rel_error=0.0000 max_abs_error=0 [validated]
2026-08-07 10:01:48 [INFO] src.analysis.validate_pot: [ValidatePoT] QAT resnet50_no_weights/CIFAR10 layer4.2.conv3 (Conv2d): rel_error=0.0000 max_abs_error=0 [validated]
2026-08-07 10:01:48 [INFO] src.analysis.validate_pot: [ValidatePoT] QAT resnet50_no_weights/CIFAR10 fc (Linear): rel_error=0.0261 max_abs_error=0.2453 [validated]
2026-08-07 10:01:48 [INFO] src.analysis.validate_pot: [ValidatePoT] QAT resnet50_no_weights/CIFAR10 summary: 54/54 (100.0%) layers validated | worst layer: fc (rel_error=0.0261, status=validated)
2026-08-07 10:01:48 [INFO] __main__: 
--- Validate-PoT-Int8 PTQ cnn on IMAGENET100 ---
conv1 <class 'torch.nn.parameter.Parameter'>
2026-08-07 10:01:49 [INFO] src.analysis.validate_pot: [ValidatePoT] PTQ cnn/IMAGENET100 conv1 (Conv2d): rel_error=0.0000 max_abs_error=0 [validated]
2026-08-07 10:01:49 [INFO] src.analysis.validate_pot: [ValidatePoT] PTQ cnn/IMAGENET100 conv2 (Conv2d): rel_error=0.0000 max_abs_error=0 [validated]
2026-08-07 10:01:49 [INFO] src.analysis.validate_pot: [ValidatePoT] PTQ cnn/IMAGENET100 conv3 (Conv2d): rel_error=0.0000 max_abs_error=0 [validated]
2026-08-07 10:01:49 [INFO] src.analysis.validate_pot: [ValidatePoT] PTQ cnn/IMAGENET100 conv4 (Conv2d): rel_error=0.0000 max_abs_error=0 [validated]
2026-08-07 10:01:49 [INFO] src.analysis.validate_pot: [ValidatePoT] PTQ cnn/IMAGENET100 fc1 (Linear): rel_error=0.0088 max_abs_error=0.05155 [validated]
2026-08-07 10:01:49 [INFO] src.analysis.validate_pot: [ValidatePoT] PTQ cnn/IMAGENET100 fc2 (Linear): rel_error=0.0085 max_abs_error=0.07969 [validated]
2026-08-07 10:01:49 [INFO] src.analysis.validate_pot: [ValidatePoT] PTQ cnn/IMAGENET100 summary: 6/6 (100.0%) layers validated | worst layer: fc1 (rel_error=0.0088, status=validated)
2026-08-07 10:01:49 [INFO] __main__: 
--- Validate-PoT-Int8 QAT cnn on IMAGENET100 ---
conv1 <class 'torch.nn.parameter.Parameter'>
2026-08-07 10:01:49 [INFO] src.analysis.validate_pot: [ValidatePoT] QAT cnn/IMAGENET100 conv1 (Conv2d): rel_error=0.0000 max_abs_error=0 [validated]
2026-08-07 10:01:49 [INFO] src.analysis.validate_pot: [ValidatePoT] QAT cnn/IMAGENET100 conv2 (Conv2d): rel_error=0.0000 max_abs_error=0 [validated]
2026-08-07 10:01:49 [INFO] src.analysis.validate_pot: [ValidatePoT] QAT cnn/IMAGENET100 conv3 (Conv2d): rel_error=0.0000 max_abs_error=0 [validated]
2026-08-07 10:01:49 [INFO] src.analysis.validate_pot: [ValidatePoT] QAT cnn/IMAGENET100 conv4 (Conv2d): rel_error=0.0000 max_abs_error=0 [validated]
2026-08-07 10:01:49 [INFO] src.analysis.validate_pot: [ValidatePoT] QAT cnn/IMAGENET100 fc1 (Linear): rel_error=0.0088 max_abs_error=0.05269 [validated]
2026-08-07 10:01:49 [INFO] src.analysis.validate_pot: [ValidatePoT] QAT cnn/IMAGENET100 fc2 (Linear): rel_error=0.0085 max_abs_error=0.08036 [validated]
2026-08-07 10:01:49 [INFO] src.analysis.validate_pot: [ValidatePoT] QAT cnn/IMAGENET100 summary: 6/6 (100.0%) layers validated | worst layer: fc1 (rel_error=0.0088, status=validated)
2026-08-07 10:01:49 [INFO] __main__: 
--- Validate-PoT-Int8 PTQ resnet18_no_weights on IMAGENET100 ---
conv1 <class 'torch.nn.parameter.Parameter'>
2026-08-07 10:01:49 [INFO] src.analysis.validate_pot: [ValidatePoT] PTQ resnet18_no_weights/IMAGENET100 conv1 (Conv2d): rel_error=0.0000 max_abs_error=0 [validated]
2026-08-07 10:01:49 [INFO] src.analysis.validate_pot: [ValidatePoT] PTQ resnet18_no_weights/IMAGENET100 layer1.0.conv1 (Conv2d): rel_error=0.0000 max_abs_error=0 [validated]
2026-08-07 10:01:49 [INFO] src.analysis.validate_pot: [ValidatePoT] PTQ resnet18_no_weights/IMAGENET100 layer1.0.conv2 (Conv2d): rel_error=0.0000 max_abs_error=0 [validated]
2026-08-07 10:01:49 [INFO] src.analysis.validate_pot: [ValidatePoT] PTQ resnet18_no_weights/IMAGENET100 layer1.1.conv1 (Conv2d): rel_error=0.0000 max_abs_error=0 [validated]
2026-08-07 10:01:49 [INFO] src.analysis.validate_pot: [ValidatePoT] PTQ resnet18_no_weights/IMAGENET100 layer1.1.conv2 (Conv2d): rel_error=0.0000 max_abs_error=0 [validated]
2026-08-07 10:01:49 [INFO] src.analysis.validate_pot: [ValidatePoT] PTQ resnet18_no_weights/IMAGENET100 layer2.0.conv1 (Conv2d): rel_error=0.0000 max_abs_error=0 [validated]
2026-08-07 10:01:49 [INFO] src.analysis.validate_pot: [ValidatePoT] PTQ resnet18_no_weights/IMAGENET100 layer2.0.conv2 (Conv2d): rel_error=0.0000 max_abs_error=0 [validated]
2026-08-07 10:01:49 [INFO] src.analysis.validate_pot: [ValidatePoT] PTQ resnet18_no_weights/IMAGENET100 layer2.0.downsample.0 (Conv2d): rel_error=0.0000 max_abs_error=0 [validated]
2026-08-07 10:01:49 [INFO] src.analysis.validate_pot: [ValidatePoT] PTQ resnet18_no_weights/IMAGENET100 layer2.1.conv1 (Conv2d): rel_error=0.0000 max_abs_error=0 [validated]
2026-08-07 10:01:49 [INFO] src.analysis.validate_pot: [ValidatePoT] PTQ resnet18_no_weights/IMAGENET100 layer2.1.conv2 (Conv2d): rel_error=0.0000 max_abs_error=0 [validated]
2026-08-07 10:01:49 [INFO] src.analysis.validate_pot: [ValidatePoT] PTQ resnet18_no_weights/IMAGENET100 layer3.0.conv1 (Conv2d): rel_error=0.0000 max_abs_error=0 [validated]
2026-08-07 10:01:49 [INFO] src.analysis.validate_pot: [ValidatePoT] PTQ resnet18_no_weights/IMAGENET100 layer3.0.conv2 (Conv2d): rel_error=0.0000 max_abs_error=0 [validated]
2026-08-07 10:01:49 [INFO] src.analysis.validate_pot: [ValidatePoT] PTQ resnet18_no_weights/IMAGENET100 layer3.0.downsample.0 (Conv2d): rel_error=0.0000 max_abs_error=0 [validated]
2026-08-07 10:01:49 [INFO] src.analysis.validate_pot: [ValidatePoT] PTQ resnet18_no_weights/IMAGENET100 layer3.1.conv1 (Conv2d): rel_error=0.0000 max_abs_error=0 [validated]
2026-08-07 10:01:49 [INFO] src.analysis.validate_pot: [ValidatePoT] PTQ resnet18_no_weights/IMAGENET100 layer3.1.conv2 (Conv2d): rel_error=0.0000 max_abs_error=0 [validated]
2026-08-07 10:01:49 [INFO] src.analysis.validate_pot: [ValidatePoT] PTQ resnet18_no_weights/IMAGENET100 layer4.0.conv1 (Conv2d): rel_error=0.0000 max_abs_error=0 [validated]
2026-08-07 10:01:49 [INFO] src.analysis.validate_pot: [ValidatePoT] PTQ resnet18_no_weights/IMAGENET100 layer4.0.conv2 (Conv2d): rel_error=0.0000 max_abs_error=0 [validated]
2026-08-07 10:01:49 [INFO] src.analysis.validate_pot: [ValidatePoT] PTQ resnet18_no_weights/IMAGENET100 layer4.0.downsample.0 (Conv2d): rel_error=0.0000 max_abs_error=0 [validated]
2026-08-07 10:01:49 [INFO] src.analysis.validate_pot: [ValidatePoT] PTQ resnet18_no_weights/IMAGENET100 layer4.1.conv1 (Conv2d): rel_error=0.0000 max_abs_error=0 [validated]
2026-08-07 10:01:49 [INFO] src.analysis.validate_pot: [ValidatePoT] PTQ resnet18_no_weights/IMAGENET100 layer4.1.conv2 (Conv2d): rel_error=0.0000 max_abs_error=0 [validated]
2026-08-07 10:01:49 [INFO] src.analysis.validate_pot: [ValidatePoT] PTQ resnet18_no_weights/IMAGENET100 fc (Linear): rel_error=0.0141 max_abs_error=0.1074 [validated]
2026-08-07 10:01:49 [INFO] src.analysis.validate_pot: [ValidatePoT] PTQ resnet18_no_weights/IMAGENET100 summary: 21/21 (100.0%) layers validated | worst layer: fc (rel_error=0.0141, status=validated)
2026-08-07 10:01:49 [INFO] __main__: 
--- Validate-PoT-Int8 QAT resnet18_no_weights on IMAGENET100 ---
conv1 <class 'torch.nn.parameter.Parameter'>
2026-08-07 10:01:50 [INFO] src.analysis.validate_pot: [ValidatePoT] QAT resnet18_no_weights/IMAGENET100 conv1 (Conv2d): rel_error=0.0000 max_abs_error=0 [validated]
2026-08-07 10:01:50 [INFO] src.analysis.validate_pot: [ValidatePoT] QAT resnet18_no_weights/IMAGENET100 layer1.0.conv1 (Conv2d): rel_error=0.0000 max_abs_error=0 [validated]
2026-08-07 10:01:50 [INFO] src.analysis.validate_pot: [ValidatePoT] QAT resnet18_no_weights/IMAGENET100 layer1.0.conv2 (Conv2d): rel_error=0.0000 max_abs_error=0 [validated]
2026-08-07 10:01:50 [INFO] src.analysis.validate_pot: [ValidatePoT] QAT resnet18_no_weights/IMAGENET100 layer1.1.conv1 (Conv2d): rel_error=0.0000 max_abs_error=0 [validated]
2026-08-07 10:01:50 [INFO] src.analysis.validate_pot: [ValidatePoT] QAT resnet18_no_weights/IMAGENET100 layer1.1.conv2 (Conv2d): rel_error=0.0000 max_abs_error=0 [validated]
2026-08-07 10:01:50 [INFO] src.analysis.validate_pot: [ValidatePoT] QAT resnet18_no_weights/IMAGENET100 layer2.0.conv1 (Conv2d): rel_error=0.0000 max_abs_error=0 [validated]
2026-08-07 10:01:50 [INFO] src.analysis.validate_pot: [ValidatePoT] QAT resnet18_no_weights/IMAGENET100 layer2.0.conv2 (Conv2d): rel_error=0.0000 max_abs_error=0 [validated]
2026-08-07 10:01:50 [INFO] src.analysis.validate_pot: [ValidatePoT] QAT resnet18_no_weights/IMAGENET100 layer2.0.downsample.0 (Conv2d): rel_error=0.0000 max_abs_error=0 [validated]
2026-08-07 10:01:50 [INFO] src.analysis.validate_pot: [ValidatePoT] QAT resnet18_no_weights/IMAGENET100 layer2.1.conv1 (Conv2d): rel_error=0.0000 max_abs_error=0 [validated]
2026-08-07 10:01:50 [INFO] src.analysis.validate_pot: [ValidatePoT] QAT resnet18_no_weights/IMAGENET100 layer2.1.conv2 (Conv2d): rel_error=0.0000 max_abs_error=0 [validated]
2026-08-07 10:01:50 [INFO] src.analysis.validate_pot: [ValidatePoT] QAT resnet18_no_weights/IMAGENET100 layer3.0.conv1 (Conv2d): rel_error=0.0000 max_abs_error=0 [validated]
2026-08-07 10:01:50 [INFO] src.analysis.validate_pot: [ValidatePoT] QAT resnet18_no_weights/IMAGENET100 layer3.0.conv2 (Conv2d): rel_error=0.0000 max_abs_error=0 [validated]
2026-08-07 10:01:50 [INFO] src.analysis.validate_pot: [ValidatePoT] QAT resnet18_no_weights/IMAGENET100 layer3.0.downsample.0 (Conv2d): rel_error=0.0000 max_abs_error=0 [validated]
2026-08-07 10:01:50 [INFO] src.analysis.validate_pot: [ValidatePoT] QAT resnet18_no_weights/IMAGENET100 layer3.1.conv1 (Conv2d): rel_error=0.0000 max_abs_error=0 [validated]
2026-08-07 10:01:50 [INFO] src.analysis.validate_pot: [ValidatePoT] QAT resnet18_no_weights/IMAGENET100 layer3.1.conv2 (Conv2d): rel_error=0.0000 max_abs_error=0 [validated]
2026-08-07 10:01:50 [INFO] src.analysis.validate_pot: [ValidatePoT] QAT resnet18_no_weights/IMAGENET100 layer4.0.conv1 (Conv2d): rel_error=0.0000 max_abs_error=0 [validated]
2026-08-07 10:01:50 [INFO] src.analysis.validate_pot: [ValidatePoT] QAT resnet18_no_weights/IMAGENET100 layer4.0.conv2 (Conv2d): rel_error=0.0000 max_abs_error=0 [validated]
2026-08-07 10:01:50 [INFO] src.analysis.validate_pot: [ValidatePoT] QAT resnet18_no_weights/IMAGENET100 layer4.0.downsample.0 (Conv2d): rel_error=0.0000 max_abs_error=0 [validated]
2026-08-07 10:01:50 [INFO] src.analysis.validate_pot: [ValidatePoT] QAT resnet18_no_weights/IMAGENET100 layer4.1.conv1 (Conv2d): rel_error=0.0000 max_abs_error=0 [validated]
2026-08-07 10:01:50 [INFO] src.analysis.validate_pot: [ValidatePoT] QAT resnet18_no_weights/IMAGENET100 layer4.1.conv2 (Conv2d): rel_error=0.0000 max_abs_error=0 [validated]
2026-08-07 10:01:50 [INFO] src.analysis.validate_pot: [ValidatePoT] QAT resnet18_no_weights/IMAGENET100 fc (Linear): rel_error=0.0142 max_abs_error=0.1045 [validated]
2026-08-07 10:01:50 [INFO] src.analysis.validate_pot: [ValidatePoT] QAT resnet18_no_weights/IMAGENET100 summary: 21/21 (100.0%) layers validated | worst layer: fc (rel_error=0.0142, status=validated)
2026-08-07 10:01:50 [INFO] __main__: 
--- Validate-PoT-Int8 PTQ resnet50_no_weights on IMAGENET100 ---
conv1 <class 'torch.nn.parameter.Parameter'>
2026-08-07 10:01:52 [INFO] src.analysis.validate_pot: [ValidatePoT] PTQ resnet50_no_weights/IMAGENET100 conv1 (Conv2d): rel_error=0.0000 max_abs_error=0 [validated]
2026-08-07 10:01:52 [INFO] src.analysis.validate_pot: [ValidatePoT] PTQ resnet50_no_weights/IMAGENET100 layer1.0.conv1 (Conv2d): rel_error=0.0000 max_abs_error=0 [validated]
2026-08-07 10:01:52 [INFO] src.analysis.validate_pot: [ValidatePoT] PTQ resnet50_no_weights/IMAGENET100 layer1.0.conv2 (Conv2d): rel_error=0.0000 max_abs_error=0 [validated]
2026-08-07 10:01:52 [INFO] src.analysis.validate_pot: [ValidatePoT] PTQ resnet50_no_weights/IMAGENET100 layer1.0.conv3 (Conv2d): rel_error=0.0000 max_abs_error=0 [validated]
2026-08-07 10:01:52 [INFO] src.analysis.validate_pot: [ValidatePoT] PTQ resnet50_no_weights/IMAGENET100 layer1.0.downsample.0 (Conv2d): rel_error=0.0000 max_abs_error=0 [validated]
2026-08-07 10:01:52 [INFO] src.analysis.validate_pot: [ValidatePoT] PTQ resnet50_no_weights/IMAGENET100 layer1.1.conv1 (Conv2d): rel_error=0.0000 max_abs_error=0 [validated]
2026-08-07 10:01:52 [INFO] src.analysis.validate_pot: [ValidatePoT] PTQ resnet50_no_weights/IMAGENET100 layer1.1.conv2 (Conv2d): rel_error=0.0000 max_abs_error=0 [validated]
2026-08-07 10:01:52 [INFO] src.analysis.validate_pot: [ValidatePoT] PTQ resnet50_no_weights/IMAGENET100 layer1.1.conv3 (Conv2d): rel_error=0.0000 max_abs_error=0 [validated]
2026-08-07 10:01:52 [INFO] src.analysis.validate_pot: [ValidatePoT] PTQ resnet50_no_weights/IMAGENET100 layer1.2.conv1 (Conv2d): rel_error=0.0000 max_abs_error=0 [validated]
2026-08-07 10:01:52 [INFO] src.analysis.validate_pot: [ValidatePoT] PTQ resnet50_no_weights/IMAGENET100 layer1.2.conv2 (Conv2d): rel_error=0.0000 max_abs_error=0 [validated]
2026-08-07 10:01:52 [INFO] src.analysis.validate_pot: [ValidatePoT] PTQ resnet50_no_weights/IMAGENET100 layer1.2.conv3 (Conv2d): rel_error=0.0000 max_abs_error=0 [validated]
2026-08-07 10:01:52 [INFO] src.analysis.validate_pot: [ValidatePoT] PTQ resnet50_no_weights/IMAGENET100 layer2.0.conv1 (Conv2d): rel_error=0.0000 max_abs_error=0 [validated]
2026-08-07 10:01:52 [INFO] src.analysis.validate_pot: [ValidatePoT] PTQ resnet50_no_weights/IMAGENET100 layer2.0.conv2 (Conv2d): rel_error=0.0000 max_abs_error=0 [validated]
2026-08-07 10:01:52 [INFO] src.analysis.validate_pot: [ValidatePoT] PTQ resnet50_no_weights/IMAGENET100 layer2.0.conv3 (Conv2d): rel_error=0.0000 max_abs_error=0 [validated]
2026-08-07 10:01:52 [INFO] src.analysis.validate_pot: [ValidatePoT] PTQ resnet50_no_weights/IMAGENET100 layer2.0.downsample.0 (Conv2d): rel_error=0.0000 max_abs_error=0 [validated]
2026-08-07 10:01:52 [INFO] src.analysis.validate_pot: [ValidatePoT] PTQ resnet50_no_weights/IMAGENET100 layer2.1.conv1 (Conv2d): rel_error=0.0000 max_abs_error=0 [validated]
2026-08-07 10:01:52 [INFO] src.analysis.validate_pot: [ValidatePoT] PTQ resnet50_no_weights/IMAGENET100 layer2.1.conv2 (Conv2d): rel_error=0.0000 max_abs_error=0 [validated]
2026-08-07 10:01:52 [INFO] src.analysis.validate_pot: [ValidatePoT] PTQ resnet50_no_weights/IMAGENET100 layer2.1.conv3 (Conv2d): rel_error=0.0000 max_abs_error=0 [validated]
2026-08-07 10:01:52 [INFO] src.analysis.validate_pot: [ValidatePoT] PTQ resnet50_no_weights/IMAGENET100 layer2.2.conv1 (Conv2d): rel_error=0.0000 max_abs_error=0 [validated]
2026-08-07 10:01:52 [INFO] src.analysis.validate_pot: [ValidatePoT] PTQ resnet50_no_weights/IMAGENET100 layer2.2.conv2 (Conv2d): rel_error=0.0000 max_abs_error=0 [validated]
2026-08-07 10:01:52 [INFO] src.analysis.validate_pot: [ValidatePoT] PTQ resnet50_no_weights/IMAGENET100 layer2.2.conv3 (Conv2d): rel_error=0.0000 max_abs_error=0 [validated]
2026-08-07 10:01:52 [INFO] src.analysis.validate_pot: [ValidatePoT] PTQ resnet50_no_weights/IMAGENET100 layer2.3.conv1 (Conv2d): rel_error=0.0000 max_abs_error=0 [validated]
2026-08-07 10:01:52 [INFO] src.analysis.validate_pot: [ValidatePoT] PTQ resnet50_no_weights/IMAGENET100 layer2.3.conv2 (Conv2d): rel_error=0.0000 max_abs_error=0 [validated]
2026-08-07 10:01:52 [INFO] src.analysis.validate_pot: [ValidatePoT] PTQ resnet50_no_weights/IMAGENET100 layer2.3.conv3 (Conv2d): rel_error=0.0000 max_abs_error=0 [validated]
2026-08-07 10:01:52 [INFO] src.analysis.validate_pot: [ValidatePoT] PTQ resnet50_no_weights/IMAGENET100 layer3.0.conv1 (Conv2d): rel_error=0.0000 max_abs_error=0 [validated]
2026-08-07 10:01:52 [INFO] src.analysis.validate_pot: [ValidatePoT] PTQ resnet50_no_weights/IMAGENET100 layer3.0.conv2 (Conv2d): rel_error=0.0000 max_abs_error=0 [validated]
2026-08-07 10:01:52 [INFO] src.analysis.validate_pot: [ValidatePoT] PTQ resnet50_no_weights/IMAGENET100 layer3.0.conv3 (Conv2d): rel_error=0.0000 max_abs_error=0 [validated]
2026-08-07 10:01:52 [INFO] src.analysis.validate_pot: [ValidatePoT] PTQ resnet50_no_weights/IMAGENET100 layer3.0.downsample.0 (Conv2d): rel_error=0.0000 max_abs_error=0 [validated]
2026-08-07 10:01:52 [INFO] src.analysis.validate_pot: [ValidatePoT] PTQ resnet50_no_weights/IMAGENET100 layer3.1.conv1 (Conv2d): rel_error=0.0000 max_abs_error=0 [validated]
2026-08-07 10:01:52 [INFO] src.analysis.validate_pot: [ValidatePoT] PTQ resnet50_no_weights/IMAGENET100 layer3.1.conv2 (Conv2d): rel_error=0.0000 max_abs_error=0 [validated]
2026-08-07 10:01:52 [INFO] src.analysis.validate_pot: [ValidatePoT] PTQ resnet50_no_weights/IMAGENET100 layer3.1.conv3 (Conv2d): rel_error=0.0000 max_abs_error=0 [validated]
2026-08-07 10:01:52 [INFO] src.analysis.validate_pot: [ValidatePoT] PTQ resnet50_no_weights/IMAGENET100 layer3.2.conv1 (Conv2d): rel_error=0.0000 max_abs_error=0 [validated]
2026-08-07 10:01:52 [INFO] src.analysis.validate_pot: [ValidatePoT] PTQ resnet50_no_weights/IMAGENET100 layer3.2.conv2 (Conv2d): rel_error=0.0000 max_abs_error=0 [validated]
2026-08-07 10:01:52 [INFO] src.analysis.validate_pot: [ValidatePoT] PTQ resnet50_no_weights/IMAGENET100 layer3.2.conv3 (Conv2d): rel_error=0.0000 max_abs_error=0 [validated]
2026-08-07 10:01:52 [INFO] src.analysis.validate_pot: [ValidatePoT] PTQ resnet50_no_weights/IMAGENET100 layer3.3.conv1 (Conv2d): rel_error=0.0000 max_abs_error=0 [validated]
2026-08-07 10:01:52 [INFO] src.analysis.validate_pot: [ValidatePoT] PTQ resnet50_no_weights/IMAGENET100 layer3.3.conv2 (Conv2d): rel_error=0.0000 max_abs_error=0 [validated]
2026-08-07 10:01:52 [INFO] src.analysis.validate_pot: [ValidatePoT] PTQ resnet50_no_weights/IMAGENET100 layer3.3.conv3 (Conv2d): rel_error=0.0000 max_abs_error=0 [validated]
2026-08-07 10:01:52 [INFO] src.analysis.validate_pot: [ValidatePoT] PTQ resnet50_no_weights/IMAGENET100 layer3.4.conv1 (Conv2d): rel_error=0.0000 max_abs_error=0 [validated]
2026-08-07 10:01:52 [INFO] src.analysis.validate_pot: [ValidatePoT] PTQ resnet50_no_weights/IMAGENET100 layer3.4.conv2 (Conv2d): rel_error=0.0000 max_abs_error=0 [validated]
2026-08-07 10:01:52 [INFO] src.analysis.validate_pot: [ValidatePoT] PTQ resnet50_no_weights/IMAGENET100 layer3.4.conv3 (Conv2d): rel_error=0.0000 max_abs_error=0 [validated]
2026-08-07 10:01:52 [INFO] src.analysis.validate_pot: [ValidatePoT] PTQ resnet50_no_weights/IMAGENET100 layer3.5.conv1 (Conv2d): rel_error=0.0000 max_abs_error=0 [validated]
2026-08-07 10:01:52 [INFO] src.analysis.validate_pot: [ValidatePoT] PTQ resnet50_no_weights/IMAGENET100 layer3.5.conv2 (Conv2d): rel_error=0.0000 max_abs_error=0 [validated]
2026-08-07 10:01:52 [INFO] src.analysis.validate_pot: [ValidatePoT] PTQ resnet50_no_weights/IMAGENET100 layer3.5.conv3 (Conv2d): rel_error=0.0000 max_abs_error=0 [validated]
2026-08-07 10:01:52 [INFO] src.analysis.validate_pot: [ValidatePoT] PTQ resnet50_no_weights/IMAGENET100 layer4.0.conv1 (Conv2d): rel_error=0.0000 max_abs_error=0 [validated]
2026-08-07 10:01:52 [INFO] src.analysis.validate_pot: [ValidatePoT] PTQ resnet50_no_weights/IMAGENET100 layer4.0.conv2 (Conv2d): rel_error=0.0000 max_abs_error=0 [validated]
2026-08-07 10:01:52 [INFO] src.analysis.validate_pot: [ValidatePoT] PTQ resnet50_no_weights/IMAGENET100 layer4.0.conv3 (Conv2d): rel_error=0.0000 max_abs_error=0 [validated]
2026-08-07 10:01:52 [INFO] src.analysis.validate_pot: [ValidatePoT] PTQ resnet50_no_weights/IMAGENET100 layer4.0.downsample.0 (Conv2d): rel_error=0.0000 max_abs_error=0 [validated]
2026-08-07 10:01:52 [INFO] src.analysis.validate_pot: [ValidatePoT] PTQ resnet50_no_weights/IMAGENET100 layer4.1.conv1 (Conv2d): rel_error=0.0000 max_abs_error=0 [validated]
2026-08-07 10:01:52 [INFO] src.analysis.validate_pot: [ValidatePoT] PTQ resnet50_no_weights/IMAGENET100 layer4.1.conv2 (Conv2d): rel_error=0.0000 max_abs_error=0 [validated]
2026-08-07 10:01:52 [INFO] src.analysis.validate_pot: [ValidatePoT] PTQ resnet50_no_weights/IMAGENET100 layer4.1.conv3 (Conv2d): rel_error=0.0000 max_abs_error=0 [validated]
2026-08-07 10:01:52 [INFO] src.analysis.validate_pot: [ValidatePoT] PTQ resnet50_no_weights/IMAGENET100 layer4.2.conv1 (Conv2d): rel_error=0.0000 max_abs_error=0 [validated]
2026-08-07 10:01:52 [INFO] src.analysis.validate_pot: [ValidatePoT] PTQ resnet50_no_weights/IMAGENET100 layer4.2.conv2 (Conv2d): rel_error=0.0000 max_abs_error=0 [validated]
2026-08-07 10:01:52 [INFO] src.analysis.validate_pot: [ValidatePoT] PTQ resnet50_no_weights/IMAGENET100 layer4.2.conv3 (Conv2d): rel_error=0.0000 max_abs_error=0 [validated]
2026-08-07 10:01:52 [INFO] src.analysis.validate_pot: [ValidatePoT] PTQ resnet50_no_weights/IMAGENET100 fc (Linear): rel_error=0.0304 max_abs_error=0.3348 [validated]
2026-08-07 10:01:52 [INFO] src.analysis.validate_pot: [ValidatePoT] PTQ resnet50_no_weights/IMAGENET100 summary: 54/54 (100.0%) layers validated | worst layer: fc (rel_error=0.0304, status=validated)
2026-08-07 10:01:52 [INFO] __main__: 
--- Validate-PoT-Int8 QAT resnet50_no_weights on IMAGENET100 ---
conv1 <class 'torch.nn.parameter.Parameter'>
2026-08-07 10:01:53 [INFO] src.analysis.validate_pot: [ValidatePoT] QAT resnet50_no_weights/IMAGENET100 conv1 (Conv2d): rel_error=0.0000 max_abs_error=0 [validated]
2026-08-07 10:01:53 [INFO] src.analysis.validate_pot: [ValidatePoT] QAT resnet50_no_weights/IMAGENET100 layer1.0.conv1 (Conv2d): rel_error=0.0000 max_abs_error=0 [validated]
2026-08-07 10:01:53 [INFO] src.analysis.validate_pot: [ValidatePoT] QAT resnet50_no_weights/IMAGENET100 layer1.0.conv2 (Conv2d): rel_error=0.0000 max_abs_error=0 [validated]
2026-08-07 10:01:53 [INFO] src.analysis.validate_pot: [ValidatePoT] QAT resnet50_no_weights/IMAGENET100 layer1.0.conv3 (Conv2d): rel_error=0.0000 max_abs_error=0 [validated]
2026-08-07 10:01:53 [INFO] src.analysis.validate_pot: [ValidatePoT] QAT resnet50_no_weights/IMAGENET100 layer1.0.downsample.0 (Conv2d): rel_error=0.0000 max_abs_error=0 [validated]
2026-08-07 10:01:53 [INFO] src.analysis.validate_pot: [ValidatePoT] QAT resnet50_no_weights/IMAGENET100 layer1.1.conv1 (Conv2d): rel_error=0.0000 max_abs_error=0 [validated]
2026-08-07 10:01:53 [INFO] src.analysis.validate_pot: [ValidatePoT] QAT resnet50_no_weights/IMAGENET100 layer1.1.conv2 (Conv2d): rel_error=0.0000 max_abs_error=0 [validated]
2026-08-07 10:01:53 [INFO] src.analysis.validate_pot: [ValidatePoT] QAT resnet50_no_weights/IMAGENET100 layer1.1.conv3 (Conv2d): rel_error=0.0000 max_abs_error=0 [validated]
2026-08-07 10:01:53 [INFO] src.analysis.validate_pot: [ValidatePoT] QAT resnet50_no_weights/IMAGENET100 layer1.2.conv1 (Conv2d): rel_error=0.0000 max_abs_error=0 [validated]
2026-08-07 10:01:53 [INFO] src.analysis.validate_pot: [ValidatePoT] QAT resnet50_no_weights/IMAGENET100 layer1.2.conv2 (Conv2d): rel_error=0.0000 max_abs_error=0 [validated]
2026-08-07 10:01:53 [INFO] src.analysis.validate_pot: [ValidatePoT] QAT resnet50_no_weights/IMAGENET100 layer1.2.conv3 (Conv2d): rel_error=0.0000 max_abs_error=0 [validated]
2026-08-07 10:01:53 [INFO] src.analysis.validate_pot: [ValidatePoT] QAT resnet50_no_weights/IMAGENET100 layer2.0.conv1 (Conv2d): rel_error=0.0000 max_abs_error=0 [validated]
2026-08-07 10:01:53 [INFO] src.analysis.validate_pot: [ValidatePoT] QAT resnet50_no_weights/IMAGENET100 layer2.0.conv2 (Conv2d): rel_error=0.0000 max_abs_error=0 [validated]
2026-08-07 10:01:53 [INFO] src.analysis.validate_pot: [ValidatePoT] QAT resnet50_no_weights/IMAGENET100 layer2.0.conv3 (Conv2d): rel_error=0.0000 max_abs_error=0 [validated]
2026-08-07 10:01:53 [INFO] src.analysis.validate_pot: [ValidatePoT] QAT resnet50_no_weights/IMAGENET100 layer2.0.downsample.0 (Conv2d): rel_error=0.0000 max_abs_error=0 [validated]
2026-08-07 10:01:53 [INFO] src.analysis.validate_pot: [ValidatePoT] QAT resnet50_no_weights/IMAGENET100 layer2.1.conv1 (Conv2d): rel_error=0.0000 max_abs_error=0 [validated]
2026-08-07 10:01:53 [INFO] src.analysis.validate_pot: [ValidatePoT] QAT resnet50_no_weights/IMAGENET100 layer2.1.conv2 (Conv2d): rel_error=0.0000 max_abs_error=0 [validated]
2026-08-07 10:01:53 [INFO] src.analysis.validate_pot: [ValidatePoT] QAT resnet50_no_weights/IMAGENET100 layer2.1.conv3 (Conv2d): rel_error=0.0000 max_abs_error=0 [validated]
2026-08-07 10:01:53 [INFO] src.analysis.validate_pot: [ValidatePoT] QAT resnet50_no_weights/IMAGENET100 layer2.2.conv1 (Conv2d): rel_error=0.0000 max_abs_error=0 [validated]
2026-08-07 10:01:53 [INFO] src.analysis.validate_pot: [ValidatePoT] QAT resnet50_no_weights/IMAGENET100 layer2.2.conv2 (Conv2d): rel_error=0.0000 max_abs_error=0 [validated]
2026-08-07 10:01:53 [INFO] src.analysis.validate_pot: [ValidatePoT] QAT resnet50_no_weights/IMAGENET100 layer2.2.conv3 (Conv2d): rel_error=0.0000 max_abs_error=0 [validated]
2026-08-07 10:01:53 [INFO] src.analysis.validate_pot: [ValidatePoT] QAT resnet50_no_weights/IMAGENET100 layer2.3.conv1 (Conv2d): rel_error=0.0000 max_abs_error=0 [validated]
2026-08-07 10:01:53 [INFO] src.analysis.validate_pot: [ValidatePoT] QAT resnet50_no_weights/IMAGENET100 layer2.3.conv2 (Conv2d): rel_error=0.0000 max_abs_error=0 [validated]
2026-08-07 10:01:53 [INFO] src.analysis.validate_pot: [ValidatePoT] QAT resnet50_no_weights/IMAGENET100 layer2.3.conv3 (Conv2d): rel_error=0.0000 max_abs_error=0 [validated]
2026-08-07 10:01:53 [INFO] src.analysis.validate_pot: [ValidatePoT] QAT resnet50_no_weights/IMAGENET100 layer3.0.conv1 (Conv2d): rel_error=0.0000 max_abs_error=0 [validated]
2026-08-07 10:01:53 [INFO] src.analysis.validate_pot: [ValidatePoT] QAT resnet50_no_weights/IMAGENET100 layer3.0.conv2 (Conv2d): rel_error=0.0000 max_abs_error=0 [validated]
2026-08-07 10:01:53 [INFO] src.analysis.validate_pot: [ValidatePoT] QAT resnet50_no_weights/IMAGENET100 layer3.0.conv3 (Conv2d): rel_error=0.0000 max_abs_error=0 [validated]
2026-08-07 10:01:53 [INFO] src.analysis.validate_pot: [ValidatePoT] QAT resnet50_no_weights/IMAGENET100 layer3.0.downsample.0 (Conv2d): rel_error=0.0000 max_abs_error=0 [validated]
2026-08-07 10:01:53 [INFO] src.analysis.validate_pot: [ValidatePoT] QAT resnet50_no_weights/IMAGENET100 layer3.1.conv1 (Conv2d): rel_error=0.0000 max_abs_error=0 [validated]
2026-08-07 10:01:53 [INFO] src.analysis.validate_pot: [ValidatePoT] QAT resnet50_no_weights/IMAGENET100 layer3.1.conv2 (Conv2d): rel_error=0.0000 max_abs_error=0 [validated]
2026-08-07 10:01:53 [INFO] src.analysis.validate_pot: [ValidatePoT] QAT resnet50_no_weights/IMAGENET100 layer3.1.conv3 (Conv2d): rel_error=0.0000 max_abs_error=0 [validated]
2026-08-07 10:01:53 [INFO] src.analysis.validate_pot: [ValidatePoT] QAT resnet50_no_weights/IMAGENET100 layer3.2.conv1 (Conv2d): rel_error=0.0000 max_abs_error=0 [validated]
2026-08-07 10:01:53 [INFO] src.analysis.validate_pot: [ValidatePoT] QAT resnet50_no_weights/IMAGENET100 layer3.2.conv2 (Conv2d): rel_error=0.0000 max_abs_error=0 [validated]
2026-08-07 10:01:53 [INFO] src.analysis.validate_pot: [ValidatePoT] QAT resnet50_no_weights/IMAGENET100 layer3.2.conv3 (Conv2d): rel_error=0.0000 max_abs_error=0 [validated]
2026-08-07 10:01:53 [INFO] src.analysis.validate_pot: [ValidatePoT] QAT resnet50_no_weights/IMAGENET100 layer3.3.conv1 (Conv2d): rel_error=0.0000 max_abs_error=0 [validated]
2026-08-07 10:01:53 [INFO] src.analysis.validate_pot: [ValidatePoT] QAT resnet50_no_weights/IMAGENET100 layer3.3.conv2 (Conv2d): rel_error=0.0000 max_abs_error=0 [validated]
2026-08-07 10:01:53 [INFO] src.analysis.validate_pot: [ValidatePoT] QAT resnet50_no_weights/IMAGENET100 layer3.3.conv3 (Conv2d): rel_error=0.0000 max_abs_error=0 [validated]
2026-08-07 10:01:53 [INFO] src.analysis.validate_pot: [ValidatePoT] QAT resnet50_no_weights/IMAGENET100 layer3.4.conv1 (Conv2d): rel_error=0.0000 max_abs_error=0 [validated]
2026-08-07 10:01:53 [INFO] src.analysis.validate_pot: [ValidatePoT] QAT resnet50_no_weights/IMAGENET100 layer3.4.conv2 (Conv2d): rel_error=0.0000 max_abs_error=0 [validated]
2026-08-07 10:01:53 [INFO] src.analysis.validate_pot: [ValidatePoT] QAT resnet50_no_weights/IMAGENET100 layer3.4.conv3 (Conv2d): rel_error=0.0000 max_abs_error=0 [validated]
2026-08-07 10:01:53 [INFO] src.analysis.validate_pot: [ValidatePoT] QAT resnet50_no_weights/IMAGENET100 layer3.5.conv1 (Conv2d): rel_error=0.0000 max_abs_error=0 [validated]
2026-08-07 10:01:53 [INFO] src.analysis.validate_pot: [ValidatePoT] QAT resnet50_no_weights/IMAGENET100 layer3.5.conv2 (Conv2d): rel_error=0.0000 max_abs_error=0 [validated]
2026-08-07 10:01:53 [INFO] src.analysis.validate_pot: [ValidatePoT] QAT resnet50_no_weights/IMAGENET100 layer3.5.conv3 (Conv2d): rel_error=0.0000 max_abs_error=0 [validated]
2026-08-07 10:01:53 [INFO] src.analysis.validate_pot: [ValidatePoT] QAT resnet50_no_weights/IMAGENET100 layer4.0.conv1 (Conv2d): rel_error=0.0000 max_abs_error=0 [validated]
2026-08-07 10:01:53 [INFO] src.analysis.validate_pot: [ValidatePoT] QAT resnet50_no_weights/IMAGENET100 layer4.0.conv2 (Conv2d): rel_error=0.0000 max_abs_error=0 [validated]
2026-08-07 10:01:53 [INFO] src.analysis.validate_pot: [ValidatePoT] QAT resnet50_no_weights/IMAGENET100 layer4.0.conv3 (Conv2d): rel_error=0.0000 max_abs_error=0 [validated]
2026-08-07 10:01:53 [INFO] src.analysis.validate_pot: [ValidatePoT] QAT resnet50_no_weights/IMAGENET100 layer4.0.downsample.0 (Conv2d): rel_error=0.0000 max_abs_error=0 [validated]
2026-08-07 10:01:53 [INFO] src.analysis.validate_pot: [ValidatePoT] QAT resnet50_no_weights/IMAGENET100 layer4.1.conv1 (Conv2d): rel_error=0.0000 max_abs_error=0 [validated]
2026-08-07 10:01:53 [INFO] src.analysis.validate_pot: [ValidatePoT] QAT resnet50_no_weights/IMAGENET100 layer4.1.conv2 (Conv2d): rel_error=0.0000 max_abs_error=0 [validated]
2026-08-07 10:01:53 [INFO] src.analysis.validate_pot: [ValidatePoT] QAT resnet50_no_weights/IMAGENET100 layer4.1.conv3 (Conv2d): rel_error=0.0000 max_abs_error=0 [validated]
2026-08-07 10:01:53 [INFO] src.analysis.validate_pot: [ValidatePoT] QAT resnet50_no_weights/IMAGENET100 layer4.2.conv1 (Conv2d): rel_error=0.0000 max_abs_error=0 [validated]
2026-08-07 10:01:53 [INFO] src.analysis.validate_pot: [ValidatePoT] QAT resnet50_no_weights/IMAGENET100 layer4.2.conv2 (Conv2d): rel_error=0.0000 max_abs_error=0 [validated]
2026-08-07 10:01:53 [INFO] src.analysis.validate_pot: [ValidatePoT] QAT resnet50_no_weights/IMAGENET100 layer4.2.conv3 (Conv2d): rel_error=0.0000 max_abs_error=0 [validated]
2026-08-07 10:01:53 [INFO] src.analysis.validate_pot: [ValidatePoT] QAT resnet50_no_weights/IMAGENET100 fc (Linear): rel_error=0.0303 max_abs_error=0.3417 [validated]
2026-08-07 10:01:53 [INFO] src.analysis.validate_pot: [ValidatePoT] QAT resnet50_no_weights/IMAGENET100 summary: 54/54 (100.0%) layers validated | worst layer: fc (rel_error=0.0303, status=validated)
2026-08-07 10:01:53 [INFO] __main__: Summary saved → /scratch/dominic/Forschungsprojekt/results/20260807_100132_27815/csv/pot_validation.csv
2026-08-07 10:01:53 [INFO] __main__: === Validate-PoT-Int8 complete ===
