W0808 20:18:12.599000 3709222 .conda/lib/python3.12/site-packages/torch/utils/_pytree.py:630] <enum 'KernelPreference'> is an Enum subclass and is now natively supported by torch.compile as an opaque value type. Calling register_constant() on Enum subclasses is deprecated and will be an error in a future release.
/scratch/dominic/Forschungsprojekt/.conda/lib/python3.12/site-packages/torch/distributed/c10d_logger.py:83: UserWarning: barrier(): using the device under current context. You can specify `device_id` in `init_process_group` to mute this warning.
  return func(*args, **kwargs)
/scratch/dominic/Forschungsprojekt/.conda/lib/python3.12/site-packages/torch/autograd/graph.py:882: UserWarning: Using backward() with create_graph=True will create a reference cycle between the parameter and its gradient which can cause a memory leak. We recommend using autograd.grad when creating the graph to avoid this. If you have to use this function, make sure to reset the .grad fields of your parameters to None after use to break the cycle and avoid the leak. (Triggered internally at /pytorch/torch/csrc/autograd/engine.cpp:1299.)
  return Variable._execution_engine.run_backward(  # Calls into the C++ engine to run the backward pass
/scratch/dominic/Forschungsprojekt/.conda/lib/python3.12/site-packages/torch/_inductor/select_algorithm.py:4628: UserWarning: TypedStorage is deprecated. It will be removed in the future and UntypedStorage will be the only storage class. This should only matter to you if you are using storages directly.  To access UntypedStorage directly, use tensor.untyped_storage() instead of tensor.storage()
  current_out_size = out_base.storage().size()
Autotune Choices Stats:
{"num_choices": 10, "num_triton_choices": 9, "best_kernel": "triton_convolution2d_0", "best_kernel_desc": "ALLOW_TF32=False, BLOCK_K=16, BLOCK_M=64, BLOCK_N=32, GROUPS=1, KERNEL_H=3, KERNEL_W=3, PADDING_H=1, PADDING_W=1, STRIDE_H=1, STRIDE_W=1, UNROLL=False, num_stages=2, num_warps=4", "best_time": 0.05427199974656105, "best_triton_pos": 0}
AUTOTUNE convolution(1x3x32x32, 32x3x3x3)
strides: [3072, 1, 96, 3], [27, 1, 9, 3]
dtypes: torch.float32, torch.float32
  triton_convolution2d_0 0.0543 ms 100.0% ALLOW_TF32=False, BLOCK_K=16, BLOCK_M=64, BLOCK_N=32, GROUPS=1, KERNEL_H=3, KERNEL_W=3, PADDING_H=1, PADDING_W=1, STRIDE_H=1, STRIDE_W=1, UNROLL=False, num_stages=2, num_warps=4
  triton_convolution2d_7 0.0543 ms 100.0% ALLOW_TF32=False, BLOCK_K=16, BLOCK_M=64, BLOCK_N=32, GROUPS=1, KERNEL_H=3, KERNEL_W=3, PADDING_H=1, PADDING_W=1, STRIDE_H=1, STRIDE_W=1, UNROLL=False, num_stages=4, num_warps=4
  triton_convolution2d_4 0.0573 ms 94.6% ALLOW_TF32=False, BLOCK_K=16, BLOCK_M=64, BLOCK_N=32, GROUPS=1, KERNEL_H=3, KERNEL_W=3, PADDING_H=1, PADDING_W=1, STRIDE_H=1, STRIDE_W=1, UNROLL=False, num_stages=2, num_warps=8
  triton_convolution2d_8 0.0604 ms 89.8% ALLOW_TF32=False, BLOCK_K=16, BLOCK_M=128, BLOCK_N=32, GROUPS=1, KERNEL_H=3, KERNEL_W=3, PADDING_H=1, PADDING_W=1, STRIDE_H=1, STRIDE_W=1, UNROLL=False, num_stages=4, num_warps=4
  convolution 0.0717 ms 75.7% 
  triton_convolution2d_6 0.0717 ms 75.7% ALLOW_TF32=False, BLOCK_K=16, BLOCK_M=128, BLOCK_N=32, GROUPS=1, KERNEL_H=3, KERNEL_W=3, PADDING_H=1, PADDING_W=1, STRIDE_H=1, STRIDE_W=1, UNROLL=False, num_stages=3, num_warps=8
  triton_convolution2d_3 0.0737 ms 73.6% ALLOW_TF32=False, BLOCK_K=16, BLOCK_M=128, BLOCK_N=32, GROUPS=1, KERNEL_H=3, KERNEL_W=3, PADDING_H=1, PADDING_W=1, STRIDE_H=1, STRIDE_W=1, UNROLL=False, num_stages=2, num_warps=8
  triton_convolution2d_1 0.0768 ms 70.7% ALLOW_TF32=False, BLOCK_K=16, BLOCK_M=256, BLOCK_N=32, GROUPS=1, KERNEL_H=3, KERNEL_W=3, PADDING_H=1, PADDING_W=1, STRIDE_H=1, STRIDE_W=1, UNROLL=False, num_stages=2, num_warps=4
  triton_convolution2d_5 0.0819 ms 66.3% ALLOW_TF32=False, BLOCK_K=16, BLOCK_M=256, BLOCK_N=32, GROUPS=1, KERNEL_H=3, KERNEL_W=3, PADDING_H=1, PADDING_W=1, STRIDE_H=1, STRIDE_W=1, UNROLL=False, num_stages=2, num_warps=8
  triton_convolution2d_2 0.0952 ms 57.0% ALLOW_TF32=False, BLOCK_K=16, BLOCK_M=1024, BLOCK_N=16, GROUPS=1, KERNEL_H=3, KERNEL_W=3, PADDING_H=1, PADDING_W=1, STRIDE_H=1, STRIDE_W=1, UNROLL=False, num_stages=1, num_warps=8
SingleProcess AUTOTUNE benchmarking takes 0.2116 seconds and 1.0524 seconds precompiling for 10 choices
Autotune Choices Stats:
{"num_choices": 11, "num_triton_choices": 10, "best_kernel": "triton_convolution2d_9", "best_kernel_desc": "ALLOW_TF32=False, BLOCK_K=16, BLOCK_M=64, BLOCK_N=64, GROUPS=1, KERNEL_H=3, KERNEL_W=3, PADDING_H=1, PADDING_W=1, STRIDE_H=1, STRIDE_W=1, UNROLL=False, num_stages=2, num_warps=4", "best_time": 0.08294399827718735, "best_triton_pos": 0}
AUTOTUNE convolution(1x32x16x16, 64x32x3x3)
strides: [32*s16*s82, s16*s82, s82, 1], [288, 9, 3, 1]
dtypes: torch.float32, torch.float32
  triton_convolution2d_9 0.0829 ms 100.0% ALLOW_TF32=False, BLOCK_K=16, BLOCK_M=64, BLOCK_N=64, GROUPS=1, KERNEL_H=3, KERNEL_W=3, PADDING_H=1, PADDING_W=1, STRIDE_H=1, STRIDE_W=1, UNROLL=False, num_stages=2, num_warps=4
  triton_convolution2d_14 0.0911 ms 91.0% ALLOW_TF32=False, BLOCK_K=32, BLOCK_M=64, BLOCK_N=64, GROUPS=1, KERNEL_H=3, KERNEL_W=3, PADDING_H=1, PADDING_W=1, STRIDE_H=1, STRIDE_W=1, UNROLL=False, num_stages=2, num_warps=8
  triton_convolution2d_13 0.0922 ms 90.0% ALLOW_TF32=False, BLOCK_K=32, BLOCK_M=64, BLOCK_N=64, GROUPS=1, KERNEL_H=3, KERNEL_W=3, PADDING_H=1, PADDING_W=1, STRIDE_H=1, STRIDE_W=1, UNROLL=False, num_stages=2, num_warps=4
  convolution 0.0932 ms 89.0% 
  triton_convolution2d_11 0.0983 ms 84.4% ALLOW_TF32=False, BLOCK_K=16, BLOCK_M=256, BLOCK_N=16, GROUPS=1, KERNEL_H=3, KERNEL_W=3, PADDING_H=1, PADDING_W=1, STRIDE_H=1, STRIDE_W=1, UNROLL=False, num_stages=1, num_warps=8
  triton_convolution2d_17 0.0993 ms 83.5% ALLOW_TF32=False, BLOCK_K=32, BLOCK_M=64, BLOCK_N=64, GROUPS=1, KERNEL_H=3, KERNEL_W=3, PADDING_H=1, PADDING_W=1, STRIDE_H=1, STRIDE_W=1, UNROLL=False, num_stages=4, num_warps=4
  triton_convolution2d_12 0.1280 ms 64.8% ALLOW_TF32=False, BLOCK_K=32, BLOCK_M=128, BLOCK_N=64, GROUPS=1, KERNEL_H=3, KERNEL_W=3, PADDING_H=1, PADDING_W=1, STRIDE_H=1, STRIDE_W=1, UNROLL=False, num_stages=2, num_warps=8
  triton_convolution2d_16 0.1321 ms 62.8% ALLOW_TF32=False, BLOCK_K=32, BLOCK_M=128, BLOCK_N=64, GROUPS=1, KERNEL_H=3, KERNEL_W=3, PADDING_H=1, PADDING_W=1, STRIDE_H=1, STRIDE_W=1, UNROLL=False, num_stages=3, num_warps=8
  triton_convolution2d_18 0.1608 ms 51.6% ALLOW_TF32=False, BLOCK_K=32, BLOCK_M=128, BLOCK_N=64, GROUPS=1, KERNEL_H=3, KERNEL_W=3, PADDING_H=1, PADDING_W=1, STRIDE_H=1, STRIDE_W=1, UNROLL=False, num_stages=4, num_warps=4
  triton_convolution2d_15 0.2099 ms 39.5% ALLOW_TF32=False, BLOCK_K=32, BLOCK_M=256, BLOCK_N=64, GROUPS=1, KERNEL_H=3, KERNEL_W=3, PADDING_H=1, PADDING_W=1, STRIDE_H=1, STRIDE_W=1, UNROLL=False, num_stages=2, num_warps=8
SingleProcess AUTOTUNE benchmarking takes 17.4294 seconds and 6.9837 seconds precompiling for 11 choices
Autotune Choices Stats:
{"num_choices": 11, "num_triton_choices": 10, "best_kernel": "triton_convolution2d_21", "best_kernel_desc": "ALLOW_TF32=False, BLOCK_K=16, BLOCK_M=64, BLOCK_N=16, GROUPS=1, KERNEL_H=3, KERNEL_W=3, PADDING_H=1, PADDING_W=1, STRIDE_H=1, STRIDE_W=1, UNROLL=False, num_stages=1, num_warps=4", "best_time": 0.07475200295448303, "best_triton_pos": 0}
AUTOTUNE convolution(1x64x8x8, 128x64x3x3)
strides: [64*s16*s82, s16*s82, s82, 1], [576, 9, 3, 1]
dtypes: torch.float32, torch.float32
  triton_convolution2d_21 0.0748 ms 100.0% ALLOW_TF32=False, BLOCK_K=16, BLOCK_M=64, BLOCK_N=16, GROUPS=1, KERNEL_H=3, KERNEL_W=3, PADDING_H=1, PADDING_W=1, STRIDE_H=1, STRIDE_W=1, UNROLL=False, num_stages=1, num_warps=4
  convolution 0.1147 ms 65.2% 
  triton_convolution2d_20 0.1280 ms 58.4% ALLOW_TF32=False, BLOCK_K=16, BLOCK_M=64, BLOCK_N=64, GROUPS=1, KERNEL_H=3, KERNEL_W=3, PADDING_H=1, PADDING_W=1, STRIDE_H=1, STRIDE_W=1, UNROLL=False, num_stages=2, num_warps=4
  triton_convolution2d_24 0.1382 ms 54.1% ALLOW_TF32=False, BLOCK_K=32, BLOCK_M=64, BLOCK_N=64, GROUPS=1, KERNEL_H=3, KERNEL_W=3, PADDING_H=1, PADDING_W=1, STRIDE_H=1, STRIDE_W=1, UNROLL=False, num_stages=2, num_warps=8
  triton_convolution2d_23 0.1393 ms 53.7% ALLOW_TF32=False, BLOCK_K=32, BLOCK_M=64, BLOCK_N=64, GROUPS=1, KERNEL_H=3, KERNEL_W=3, PADDING_H=1, PADDING_W=1, STRIDE_H=1, STRIDE_W=1, UNROLL=False, num_stages=2, num_warps=4
  triton_convolution2d_27 0.1628 ms 45.9% ALLOW_TF32=False, BLOCK_K=64, BLOCK_M=64, BLOCK_N=64, GROUPS=1, KERNEL_H=3, KERNEL_W=3, PADDING_H=1, PADDING_W=1, STRIDE_H=1, STRIDE_W=1, UNROLL=False, num_stages=4, num_warps=4
  triton_convolution2d_19 0.1894 ms 39.5% ALLOW_TF32=False, BLOCK_K=16, BLOCK_M=64, BLOCK_N=128, GROUPS=1, KERNEL_H=3, KERNEL_W=3, PADDING_H=1, PADDING_W=1, STRIDE_H=1, STRIDE_W=1, UNROLL=False, num_stages=2, num_warps=4
  triton_convolution2d_22 0.2017 ms 37.1% ALLOW_TF32=False, BLOCK_K=32, BLOCK_M=64, BLOCK_N=128, GROUPS=1, KERNEL_H=3, KERNEL_W=3, PADDING_H=1, PADDING_W=1, STRIDE_H=1, STRIDE_W=1, UNROLL=False, num_stages=2, num_warps=8
  triton_convolution2d_28 0.2099 ms 35.6% ALLOW_TF32=False, BLOCK_K=64, BLOCK_M=64, BLOCK_N=128, GROUPS=1, KERNEL_H=3, KERNEL_W=3, PADDING_H=1, PADDING_W=1, STRIDE_H=1, STRIDE_W=1, UNROLL=False, num_stages=2, num_warps=8
  triton_convolution2d_25 0.2417 ms 30.9% ALLOW_TF32=False, BLOCK_K=64, BLOCK_M=64, BLOCK_N=128, GROUPS=1, KERNEL_H=3, KERNEL_W=3, PADDING_H=1, PADDING_W=1, STRIDE_H=1, STRIDE_W=1, UNROLL=False, num_stages=3, num_warps=8
SingleProcess AUTOTUNE benchmarking takes 12.5809 seconds and 3.7650 seconds precompiling for 11 choices
[rank0]:E0808 20:22:05.449000 3709222 .conda/lib/python3.12/site-packages/torch/_inductor/select_algorithm.py:4888] [1/3_1] Runtime error during autotuning: 
[rank0]:E0808 20:22:05.449000 3709222 .conda/lib/python3.12/site-packages/torch/_inductor/select_algorithm.py:4888] [1/3_1] No valid triton configs. OutOfMemoryError: out of resource: triton_convolution2d Required: 221184 Hardware limit:166912 Reducing block sizes or `num_stages` may help.. 
[rank0]:E0808 20:22:05.449000 3709222 .conda/lib/python3.12/site-packages/torch/_inductor/select_algorithm.py:4888] [1/3_1] Ignoring this choice.
Autotune Choices Stats:
{"num_choices": 16, "num_triton_choices": 15, "best_kernel": "triton_convolution2d_31", "best_kernel_desc": "ALLOW_TF32=False, BLOCK_K=16, BLOCK_M=16, BLOCK_N=16, GROUPS=1, KERNEL_H=3, KERNEL_W=3, PADDING_H=1, PADDING_W=1, STRIDE_H=1, STRIDE_W=1, UNROLL=False, num_stages=1, num_warps=1", "best_time": 0.1013759970664978, "best_triton_pos": 0}
AUTOTUNE convolution(1x128x4x4, 256x128x3x3)
strides: [128*s16*s82, s16*s82, s82, 1], [1152, 9, 3, 1]
dtypes: torch.float32, torch.float32
  triton_convolution2d_31 0.1014 ms 100.0% ALLOW_TF32=False, BLOCK_K=16, BLOCK_M=16, BLOCK_N=16, GROUPS=1, KERNEL_H=3, KERNEL_W=3, PADDING_H=1, PADDING_W=1, STRIDE_H=1, STRIDE_W=1, UNROLL=False, num_stages=1, num_warps=1
  convolution 0.1188 ms 85.3% 
  triton_convolution2d_33 0.1423 ms 71.2% ALLOW_TF32=False, BLOCK_K=32, BLOCK_M=16, BLOCK_N=64, GROUPS=1, KERNEL_H=3, KERNEL_W=3, PADDING_H=1, PADDING_W=1, STRIDE_H=1, STRIDE_W=1, UNROLL=False, num_stages=2, num_warps=4
  triton_convolution2d_30 0.1485 ms 68.3% ALLOW_TF32=False, BLOCK_K=16, BLOCK_M=16, BLOCK_N=64, GROUPS=1, KERNEL_H=3, KERNEL_W=3, PADDING_H=1, PADDING_W=1, STRIDE_H=1, STRIDE_W=1, UNROLL=False, num_stages=2, num_warps=4
  triton_convolution2d_37 0.1526 ms 66.4% ALLOW_TF32=False, BLOCK_K=64, BLOCK_M=16, BLOCK_N=64, GROUPS=1, KERNEL_H=3, KERNEL_W=3, PADDING_H=1, PADDING_W=1, STRIDE_H=1, STRIDE_W=1, UNROLL=False, num_stages=4, num_warps=4
  triton_convolution2d_32 0.2232 ms 45.4% ALLOW_TF32=False, BLOCK_K=32, BLOCK_M=16, BLOCK_N=128, GROUPS=1, KERNEL_H=3, KERNEL_W=3, PADDING_H=1, PADDING_W=1, STRIDE_H=1, STRIDE_W=1, UNROLL=False, num_stages=2, num_warps=8
  triton_convolution2d_36 0.2642 ms 38.4% ALLOW_TF32=False, BLOCK_K=64, BLOCK_M=16, BLOCK_N=128, GROUPS=1, KERNEL_H=3, KERNEL_W=3, PADDING_H=1, PADDING_W=1, STRIDE_H=1, STRIDE_W=1, UNROLL=False, num_stages=4, num_warps=4
  triton_convolution2d_35 0.2703 ms 37.5% ALLOW_TF32=False, BLOCK_K=64, BLOCK_M=16, BLOCK_N=128, GROUPS=1, KERNEL_H=3, KERNEL_W=3, PADDING_H=1, PADDING_W=1, STRIDE_H=1, STRIDE_W=1, UNROLL=False, num_stages=3, num_warps=8
  triton_convolution2d_38 0.2744 ms 36.9% ALLOW_TF32=False, BLOCK_K=64, BLOCK_M=16, BLOCK_N=128, GROUPS=1, KERNEL_H=3, KERNEL_W=3, PADDING_H=1, PADDING_W=1, STRIDE_H=1, STRIDE_W=1, UNROLL=False, num_stages=2, num_warps=8
  triton_convolution2d_40 0.2806 ms 36.1% ALLOW_TF32=False, BLOCK_K=128, BLOCK_M=16, BLOCK_N=128, GROUPS=1, KERNEL_H=3, KERNEL_W=3, PADDING_H=1, PADDING_W=1, STRIDE_H=1, STRIDE_W=1, UNROLL=False, num_stages=2, num_warps=8
SingleProcess AUTOTUNE benchmarking takes 11.8164 seconds and 1.8096 seconds precompiling for 16 choices
/scratch/dominic/Forschungsprojekt/.conda/lib/python3.12/site-packages/torch/_inductor/compile_fx.py:320: UserWarning: TensorFloat32 tensor cores for float32 matrix multiplication available but not enabled. Consider setting `torch.set_float32_matmul_precision('high')` for better performance.
  warnings.warn(
[rank0]:E0808 20:22:18.853000 3709222 .conda/lib/python3.12/site-packages/torch/_inductor/select_algorithm.py:4888] [7/0_1] Runtime error during autotuning: 
[rank0]:E0808 20:22:18.853000 3709222 .conda/lib/python3.12/site-packages/torch/_inductor/select_algorithm.py:4888] [7/0_1] No valid triton configs. OutOfMemoryError: out of resource: triton_mm Required: 221184 Hardware limit:166912 Reducing block sizes or `num_stages` may help.. 
[rank0]:E0808 20:22:18.853000 3709222 .conda/lib/python3.12/site-packages/torch/_inductor/select_algorithm.py:4888] [7/0_1] Ignoring this choice.
[rank0]:E0808 20:22:21.029000 3709222 .conda/lib/python3.12/site-packages/torch/_inductor/select_algorithm.py:4888] [7/0_1] Runtime error during autotuning: 
[rank0]:E0808 20:22:21.029000 3709222 .conda/lib/python3.12/site-packages/torch/_inductor/select_algorithm.py:4888] [7/0_1] No valid triton configs. OutOfMemoryError: out of resource: triton_mm Required: 221184 Hardware limit:166912 Reducing block sizes or `num_stages` may help.. 
[rank0]:E0808 20:22:21.029000 3709222 .conda/lib/python3.12/site-packages/torch/_inductor/select_algorithm.py:4888] [7/0_1] Ignoring this choice.
Autotune Choices Stats:
{"num_choices": 19, "num_triton_choices": 18, "best_kernel": "triton_mm_48", "best_kernel_desc": "ACC_TYPE='tl.float32', ALLOW_TF32=False, BLOCK_K=128, BLOCK_M=16, BLOCK_N=32, EVEN_K=True, GROUP_M=8, OUT_DTYPE='tl.float32', USE_FAST_ACCUM=False, num_stages=5, num_warps=2", "best_time": 0.07065600156784058, "best_triton_pos": 0}
AUTOTUNE addmm(1x1024, 1x1024, 1024x1024)
strides: [0, 1], [1024, 1], [1, 1024]
dtypes: torch.float32, torch.float32, torch.float32
  triton_mm_48 0.0707 ms 100.0% ACC_TYPE='tl.float32', ALLOW_TF32=False, BLOCK_K=128, BLOCK_M=16, BLOCK_N=32, EVEN_K=True, GROUP_M=8, OUT_DTYPE='tl.float32', USE_FAST_ACCUM=False, num_stages=5, num_warps=2
  triton_mm_47 0.0727 ms 97.2% ACC_TYPE='tl.float32', ALLOW_TF32=False, BLOCK_K=32, BLOCK_M=16, BLOCK_N=32, EVEN_K=True, GROUP_M=8, OUT_DTYPE='tl.float32', USE_FAST_ACCUM=False, num_stages=5, num_warps=2
  triton_mm_45 0.0768 ms 92.0% ACC_TYPE='tl.float32', ALLOW_TF32=False, BLOCK_K=128, BLOCK_M=16, BLOCK_N=32, EVEN_K=True, GROUP_M=8, OUT_DTYPE='tl.float32', USE_FAST_ACCUM=False, num_stages=2, num_warps=2
  addmm 0.0850 ms 83.1% 
  triton_mm_46 0.1065 ms 66.3% ACC_TYPE='tl.float32', ALLOW_TF32=False, BLOCK_K=32, BLOCK_M=16, BLOCK_N=64, EVEN_K=True, GROUP_M=8, OUT_DTYPE='tl.float32', USE_FAST_ACCUM=False, num_stages=5, num_warps=4
  triton_mm_58 0.1075 ms 65.7% ACC_TYPE='tl.float32', ALLOW_TF32=False, BLOCK_K=32, BLOCK_M=16, BLOCK_N=64, EVEN_K=True, GROUP_M=8, OUT_DTYPE='tl.float32', USE_FAST_ACCUM=False, num_stages=4, num_warps=4
  triton_mm_57 0.1085 ms 65.1% ACC_TYPE='tl.float32', ALLOW_TF32=False, BLOCK_K=32, BLOCK_M=16, BLOCK_N=64, EVEN_K=True, GROUP_M=8, OUT_DTYPE='tl.float32', USE_FAST_ACCUM=False, num_stages=3, num_warps=4
  triton_mm_51 0.1106 ms 63.9% ACC_TYPE='tl.float32', ALLOW_TF32=False, BLOCK_K=64, BLOCK_M=16, BLOCK_N=64, EVEN_K=True, GROUP_M=8, OUT_DTYPE='tl.float32', USE_FAST_ACCUM=False, num_stages=3, num_warps=4
  triton_mm_52 0.1126 ms 62.7% ACC_TYPE='tl.float32', ALLOW_TF32=False, BLOCK_K=128, BLOCK_M=16, BLOCK_N=64, EVEN_K=True, GROUP_M=8, OUT_DTYPE='tl.float32', USE_FAST_ACCUM=False, num_stages=5, num_warps=4
  triton_mm_44 0.1157 ms 61.1% ACC_TYPE='tl.float32', ALLOW_TF32=False, BLOCK_K=16, BLOCK_M=16, BLOCK_N=32, EVEN_K=True, GROUP_M=8, OUT_DTYPE='tl.float32', USE_FAST_ACCUM=False, num_stages=1, num_warps=2
SingleProcess AUTOTUNE benchmarking takes 9.2994 seconds and 1.5400 seconds precompiling for 19 choices
Autotune Choices Stats:
{"num_choices": 12, "num_triton_choices": 11, "best_kernel": "triton_mm_64", "best_kernel_desc": "ACC_TYPE='tl.float32', ALLOW_TF32=False, BLOCK_K=32, BLOCK_M=16, BLOCK_N=16, EVEN_K=True, GROUP_M=8, OUT_DTYPE='tl.float32', USE_FAST_ACCUM=False, num_stages=5, num_warps=1", "best_time": 0.07577600330114365, "best_triton_pos": 0}
AUTOTUNE addmm(1x10, 1x1024, 1024x10)
strides: [0, 1], [1024, 1], [1, 1024]
dtypes: torch.float32, torch.float32, torch.float32
  triton_mm_64 0.0758 ms 100.0% ACC_TYPE='tl.float32', ALLOW_TF32=False, BLOCK_K=32, BLOCK_M=16, BLOCK_N=16, EVEN_K=True, GROUP_M=8, OUT_DTYPE='tl.float32', USE_FAST_ACCUM=False, num_stages=5, num_warps=1
  triton_mm_69 0.0758 ms 100.0% ACC_TYPE='tl.float32', ALLOW_TF32=False, BLOCK_K=32, BLOCK_M=16, BLOCK_N=16, EVEN_K=True, GROUP_M=8, OUT_DTYPE='tl.float32', USE_FAST_ACCUM=False, num_stages=3, num_warps=1
  triton_mm_70 0.0758 ms 100.0% ACC_TYPE='tl.float32', ALLOW_TF32=False, BLOCK_K=32, BLOCK_M=16, BLOCK_N=16, EVEN_K=True, GROUP_M=8, OUT_DTYPE='tl.float32', USE_FAST_ACCUM=False, num_stages=4, num_warps=1
  triton_mm_72 0.0758 ms 100.0% ACC_TYPE='tl.float32', ALLOW_TF32=False, BLOCK_K=64, BLOCK_M=16, BLOCK_N=16, EVEN_K=True, GROUP_M=8, OUT_DTYPE='tl.float32', USE_FAST_ACCUM=False, num_stages=5, num_warps=1
  triton_mm_65 0.0768 ms 98.7% ACC_TYPE='tl.float32', ALLOW_TF32=False, BLOCK_K=128, BLOCK_M=16, BLOCK_N=16, EVEN_K=True, GROUP_M=8, OUT_DTYPE='tl.float32', USE_FAST_ACCUM=False, num_stages=5, num_warps=1
  triton_mm_68 0.0768 ms 98.7% ACC_TYPE='tl.float32', ALLOW_TF32=False, BLOCK_K=64, BLOCK_M=16, BLOCK_N=16, EVEN_K=True, GROUP_M=8, OUT_DTYPE='tl.float32', USE_FAST_ACCUM=False, num_stages=3, num_warps=1
  triton_mm_71 0.0778 ms 97.4% ACC_TYPE='tl.float32', ALLOW_TF32=False, BLOCK_K=128, BLOCK_M=16, BLOCK_N=16, EVEN_K=True, GROUP_M=8, OUT_DTYPE='tl.float32', USE_FAST_ACCUM=False, num_stages=4, num_warps=1
  triton_mm_63 0.0809 ms 93.7% ACC_TYPE='tl.float32', ALLOW_TF32=False, BLOCK_K=128, BLOCK_M=16, BLOCK_N=16, EVEN_K=True, GROUP_M=8, OUT_DTYPE='tl.float32', USE_FAST_ACCUM=False, num_stages=2, num_warps=1
  triton_mm_67 0.0911 ms 83.1% ACC_TYPE='tl.float32', ALLOW_TF32=False, BLOCK_K=32, BLOCK_M=16, BLOCK_N=16, EVEN_K=True, GROUP_M=8, OUT_DTYPE='tl.float32', USE_FAST_ACCUM=False, num_stages=2, num_warps=1
  addmm 0.0922 ms 82.2% 
SingleProcess AUTOTUNE benchmarking takes 4.8939 seconds and 0.9549 seconds precompiling for 12 choices
/scratch/dominic/Forschungsprojekt/.conda/lib/python3.12/site-packages/torch/distributed/c10d_logger.py:83: UserWarning: barrier(): using the device under current context. You can specify `device_id` in `init_process_group` to mute this warning.
  return func(*args, **kwargs)
/scratch/dominic/Forschungsprojekt/.conda/lib/python3.12/site-packages/torch/distributed/c10d_logger.py:83: UserWarning: barrier(): using the device under current context. You can specify `device_id` in `init_process_group` to mute this warning.
  return func(*args, **kwargs)
Autotune Choices Stats:
{"num_choices": 10, "num_triton_choices": 9, "best_kernel": "triton_convolution2d_73", "best_kernel_desc": "ALLOW_TF32=False, BLOCK_K=16, BLOCK_M=64, BLOCK_N=64, GROUPS=1, KERNEL_H=3, KERNEL_W=3, PADDING_H=1, PADDING_W=1, STRIDE_H=1, STRIDE_W=1, UNROLL=False, num_stages=2, num_warps=4", "best_time": 0.055296000093221664, "best_triton_pos": 0}
AUTOTUNE convolution(1x3x32x32, 64x3x3x3)
strides: [3*s16*s82, s16*s82, s82, 1], [27, 9, 3, 1]
dtypes: torch.float32, torch.float32
  triton_convolution2d_73 0.0553 ms 100.0% ALLOW_TF32=False, BLOCK_K=16, BLOCK_M=64, BLOCK_N=64, GROUPS=1, KERNEL_H=3, KERNEL_W=3, PADDING_H=1, PADDING_W=1, STRIDE_H=1, STRIDE_W=1, UNROLL=False, num_stages=2, num_warps=4
  triton_convolution2d_77 0.0553 ms 100.0% ALLOW_TF32=False, BLOCK_K=16, BLOCK_M=64, BLOCK_N=64, GROUPS=1, KERNEL_H=3, KERNEL_W=3, PADDING_H=1, PADDING_W=1, STRIDE_H=1, STRIDE_W=1, UNROLL=False, num_stages=2, num_warps=8
  triton_convolution2d_80 0.0553 ms 100.0% ALLOW_TF32=False, BLOCK_K=16, BLOCK_M=64, BLOCK_N=64, GROUPS=1, KERNEL_H=3, KERNEL_W=3, PADDING_H=1, PADDING_W=1, STRIDE_H=1, STRIDE_W=1, UNROLL=False, num_stages=4, num_warps=4
  triton_convolution2d_76 0.0686 ms 80.6% ALLOW_TF32=False, BLOCK_K=16, BLOCK_M=128, BLOCK_N=64, GROUPS=1, KERNEL_H=3, KERNEL_W=3, PADDING_H=1, PADDING_W=1, STRIDE_H=1, STRIDE_W=1, UNROLL=False, num_stages=2, num_warps=8
  triton_convolution2d_79 0.0696 ms 79.4% ALLOW_TF32=False, BLOCK_K=16, BLOCK_M=128, BLOCK_N=64, GROUPS=1, KERNEL_H=3, KERNEL_W=3, PADDING_H=1, PADDING_W=1, STRIDE_H=1, STRIDE_W=1, UNROLL=False, num_stages=3, num_warps=8
  triton_convolution2d_81 0.0768 ms 72.0% ALLOW_TF32=False, BLOCK_K=16, BLOCK_M=128, BLOCK_N=64, GROUPS=1, KERNEL_H=3, KERNEL_W=3, PADDING_H=1, PADDING_W=1, STRIDE_H=1, STRIDE_W=1, UNROLL=False, num_stages=4, num_warps=4
  convolution 0.0973 ms 56.8% 
  triton_convolution2d_78 0.1065 ms 51.9% ALLOW_TF32=False, BLOCK_K=16, BLOCK_M=256, BLOCK_N=64, GROUPS=1, KERNEL_H=3, KERNEL_W=3, PADDING_H=1, PADDING_W=1, STRIDE_H=1, STRIDE_W=1, UNROLL=False, num_stages=2, num_warps=8
  triton_convolution2d_75 0.1516 ms 36.5% ALLOW_TF32=False, BLOCK_K=16, BLOCK_M=1024, BLOCK_N=16, GROUPS=1, KERNEL_H=3, KERNEL_W=3, PADDING_H=1, PADDING_W=1, STRIDE_H=1, STRIDE_W=1, UNROLL=False, num_stages=1, num_warps=8
  triton_convolution2d_74 0.1751 ms 31.6% ALLOW_TF32=False, BLOCK_K=16, BLOCK_M=256, BLOCK_N=64, GROUPS=1, KERNEL_H=3, KERNEL_W=3, PADDING_H=1, PADDING_W=1, STRIDE_H=1, STRIDE_W=1, UNROLL=False, num_stages=2, num_warps=4
SingleProcess AUTOTUNE benchmarking takes 15.3043 seconds and 6.9814 seconds precompiling for 10 choices
Autotune Choices Stats:
{"num_choices": 13, "num_triton_choices": 12, "best_kernel": "convolution", "best_time": 0.11468800157308578, "best_triton_pos": 1, "best_triton_time": 0.130048006772995, "best_triton_kernel": "triton_convolution2d_82", "best_triton_kernel_desc": "ALLOW_TF32=False, BLOCK_K=16, BLOCK_M=64, BLOCK_N=64, GROUPS=1, KERNEL_H=3, KERNEL_W=3, PADDING_H=1, PADDING_W=1, STRIDE_H=1, STRIDE_W=1, UNROLL=False, num_stages=2, num_warps=4"}
AUTOTUNE convolution(1x64x32x32, 64x64x3x3)
strides: [64*s16*s82, s16*s82, s82, 1], [576, 9, 3, 1]
dtypes: torch.float32, torch.float32
  convolution 0.1147 ms 100.0% 
  triton_convolution2d_82 0.1300 ms 88.2% ALLOW_TF32=False, BLOCK_K=16, BLOCK_M=64, BLOCK_N=64, GROUPS=1, KERNEL_H=3, KERNEL_W=3, PADDING_H=1, PADDING_W=1, STRIDE_H=1, STRIDE_W=1, UNROLL=False, num_stages=2, num_warps=4
  triton_convolution2d_87 0.1403 ms 81.8% ALLOW_TF32=False, BLOCK_K=32, BLOCK_M=64, BLOCK_N=64, GROUPS=1, KERNEL_H=3, KERNEL_W=3, PADDING_H=1, PADDING_W=1, STRIDE_H=1, STRIDE_W=1, UNROLL=False, num_stages=2, num_warps=8
  triton_convolution2d_86 0.1423 ms 80.6% ALLOW_TF32=False, BLOCK_K=32, BLOCK_M=64, BLOCK_N=64, GROUPS=1, KERNEL_H=3, KERNEL_W=3, PADDING_H=1, PADDING_W=1, STRIDE_H=1, STRIDE_W=1, UNROLL=False, num_stages=2, num_warps=4
  triton_convolution2d_90 0.1659 ms 69.1% ALLOW_TF32=False, BLOCK_K=64, BLOCK_M=64, BLOCK_N=64, GROUPS=1, KERNEL_H=3, KERNEL_W=3, PADDING_H=1, PADDING_W=1, STRIDE_H=1, STRIDE_W=1, UNROLL=False, num_stages=4, num_warps=4
  triton_convolution2d_85 0.2068 ms 55.4% ALLOW_TF32=False, BLOCK_K=32, BLOCK_M=128, BLOCK_N=64, GROUPS=1, KERNEL_H=3, KERNEL_W=3, PADDING_H=1, PADDING_W=1, STRIDE_H=1, STRIDE_W=1, UNROLL=False, num_stages=2, num_warps=8
  triton_convolution2d_93 0.2099 ms 54.6% ALLOW_TF32=False, BLOCK_K=64, BLOCK_M=128, BLOCK_N=64, GROUPS=1, KERNEL_H=3, KERNEL_W=3, PADDING_H=1, PADDING_W=1, STRIDE_H=1, STRIDE_W=1, UNROLL=False, num_stages=2, num_warps=8
  triton_convolution2d_89 0.2181 ms 52.6% ALLOW_TF32=False, BLOCK_K=64, BLOCK_M=128, BLOCK_N=64, GROUPS=1, KERNEL_H=3, KERNEL_W=3, PADDING_H=1, PADDING_W=1, STRIDE_H=1, STRIDE_W=1, UNROLL=False, num_stages=3, num_warps=8
  triton_convolution2d_91 0.3512 ms 32.7% ALLOW_TF32=False, BLOCK_K=64, BLOCK_M=128, BLOCK_N=64, GROUPS=1, KERNEL_H=3, KERNEL_W=3, PADDING_H=1, PADDING_W=1, STRIDE_H=1, STRIDE_W=1, UNROLL=False, num_stages=4, num_warps=4
  triton_convolution2d_88 0.3543 ms 32.4% ALLOW_TF32=False, BLOCK_K=32, BLOCK_M=256, BLOCK_N=64, GROUPS=1, KERNEL_H=3, KERNEL_W=3, PADDING_H=1, PADDING_W=1, STRIDE_H=1, STRIDE_W=1, UNROLL=False, num_stages=2, num_warps=8
SingleProcess AUTOTUNE benchmarking takes 26.5065 seconds and 7.0166 seconds precompiling for 13 choices
[rank0]:W0808 20:29:00.294000 3709222 .conda/lib/python3.12/site-packages/torch/_inductor/cudagraph_utils.py:298] [__cudagraphs] skipping cudagraphs due to mutated inputs (1 instances). Found from : 
[rank0]:W0808 20:29:00.294000 3709222 .conda/lib/python3.12/site-packages/torch/_inductor/cudagraph_utils.py:298] [__cudagraphs]    File "/scratch/dominic/Forschungsprojekt/.conda/lib/python3.12/site-packages/torchvision/models/resnet.py", line 102, in torch_dynamo_resume_in_forward_at_96
[rank0]:W0808 20:29:00.294000 3709222 .conda/lib/python3.12/site-packages/torch/_inductor/cudagraph_utils.py:298] [__cudagraphs]     out += identity
[rank0]:W0808 20:29:00.294000 3709222 .conda/lib/python3.12/site-packages/torch/_inductor/cudagraph_utils.py:298] [__cudagraphs] 
Autotune Choices Stats:
{"num_choices": 13, "num_triton_choices": 12, "best_kernel": "convolution", "best_time": 0.11161600053310394, "best_triton_pos": 1, "best_triton_time": 0.14233599603176117, "best_triton_kernel": "triton_convolution2d_98", "best_triton_kernel_desc": "ALLOW_TF32=False, BLOCK_K=32, BLOCK_M=64, BLOCK_N=64, GROUPS=1, KERNEL_H=3, KERNEL_W=3, PADDING_H=1, PADDING_W=1, STRIDE_H=2, STRIDE_W=2, UNROLL=False, num_stages=2, num_warps=4"}
AUTOTUNE convolution(1x64x32x32, 128x64x3x3)
strides: [64*s16*s82, s16*s82, s82, 1], [576, 9, 3, 1]
dtypes: torch.float32, torch.float32
  convolution 0.1116 ms 100.0% 
  triton_convolution2d_98 0.1423 ms 78.4% ALLOW_TF32=False, BLOCK_K=32, BLOCK_M=64, BLOCK_N=64, GROUPS=1, KERNEL_H=3, KERNEL_W=3, PADDING_H=1, PADDING_W=1, STRIDE_H=2, STRIDE_W=2, UNROLL=False, num_stages=2, num_warps=4
  triton_convolution2d_94 0.1935 ms 57.7% ALLOW_TF32=False, BLOCK_K=16, BLOCK_M=64, BLOCK_N=128, GROUPS=1, KERNEL_H=3, KERNEL_W=3, PADDING_H=1, PADDING_W=1, STRIDE_H=2, STRIDE_W=2, UNROLL=False, num_stages=2, num_warps=4
  triton_convolution2d_99 0.2109 ms 52.9% ALLOW_TF32=False, BLOCK_K=32, BLOCK_M=64, BLOCK_N=128, GROUPS=1, KERNEL_H=3, KERNEL_W=3, PADDING_H=1, PADDING_W=1, STRIDE_H=2, STRIDE_W=2, UNROLL=False, num_stages=2, num_warps=8
  triton_convolution2d_97 0.3031 ms 36.8% ALLOW_TF32=False, BLOCK_K=32, BLOCK_M=128, BLOCK_N=128, GROUPS=1, KERNEL_H=3, KERNEL_W=3, PADDING_H=1, PADDING_W=1, STRIDE_H=2, STRIDE_W=2, UNROLL=False, num_stages=2, num_warps=8
  triton_convolution2d_102 0.3103 ms 36.0% ALLOW_TF32=False, BLOCK_K=64, BLOCK_M=64, BLOCK_N=128, GROUPS=1, KERNEL_H=3, KERNEL_W=3, PADDING_H=1, PADDING_W=1, STRIDE_H=2, STRIDE_W=2, UNROLL=False, num_stages=4, num_warps=4
  triton_convolution2d_103 0.3492 ms 32.0% ALLOW_TF32=False, BLOCK_K=64, BLOCK_M=128, BLOCK_N=64, GROUPS=1, KERNEL_H=3, KERNEL_W=3, PADDING_H=1, PADDING_W=1, STRIDE_H=2, STRIDE_W=2, UNROLL=False, num_stages=4, num_warps=4
  triton_convolution2d_105 0.3707 ms 30.1% ALLOW_TF32=False, BLOCK_K=64, BLOCK_M=128, BLOCK_N=128, GROUPS=1, KERNEL_H=3, KERNEL_W=3, PADDING_H=1, PADDING_W=1, STRIDE_H=2, STRIDE_W=2, UNROLL=False, num_stages=2, num_warps=8
  triton_convolution2d_100 0.3830 ms 29.1% ALLOW_TF32=False, BLOCK_K=32, BLOCK_M=256, BLOCK_N=64, GROUPS=1, KERNEL_H=3, KERNEL_W=3, PADDING_H=1, PADDING_W=1, STRIDE_H=2, STRIDE_W=2, UNROLL=False, num_stages=2, num_warps=8
  triton_convolution2d_101 0.3881 ms 28.8% ALLOW_TF32=False, BLOCK_K=64, BLOCK_M=128, BLOCK_N=128, GROUPS=1, KERNEL_H=3, KERNEL_W=3, PADDING_H=1, PADDING_W=1, STRIDE_H=2, STRIDE_W=2, UNROLL=False, num_stages=3, num_warps=8
SingleProcess AUTOTUNE benchmarking takes 36.8309 seconds and 9.3499 seconds precompiling for 13 choices
[rank0]:E0808 20:31:04.764000 3709222 .conda/lib/python3.12/site-packages/torch/_inductor/select_algorithm.py:4888] [1/7_1] Runtime error during autotuning: 
[rank0]:E0808 20:31:04.764000 3709222 .conda/lib/python3.12/site-packages/torch/_inductor/select_algorithm.py:4888] [1/7_1] No valid triton configs. OutOfMemoryError: out of resource: triton_convolution2d Required: 262144 Hardware limit:166912 Reducing block sizes or `num_stages` may help.. 
[rank0]:E0808 20:31:04.764000 3709222 .conda/lib/python3.12/site-packages/torch/_inductor/select_algorithm.py:4888] [1/7_1] Ignoring this choice.
[rank0]:E0808 20:31:11.765000 3709222 .conda/lib/python3.12/site-packages/torch/_inductor/select_algorithm.py:4888] [1/7_1] Runtime error during autotuning: 
[rank0]:E0808 20:31:11.765000 3709222 .conda/lib/python3.12/site-packages/torch/_inductor/select_algorithm.py:4888] [1/7_1] No valid triton configs. OutOfMemoryError: out of resource: triton_convolution2d Required: 294912 Hardware limit:166912 Reducing block sizes or `num_stages` may help.. 
[rank0]:E0808 20:31:11.765000 3709222 .conda/lib/python3.12/site-packages/torch/_inductor/select_algorithm.py:4888] [1/7_1] Ignoring this choice.
[rank0]:E0808 20:31:30.133000 3709222 .conda/lib/python3.12/site-packages/torch/_inductor/select_algorithm.py:4888] [1/7_1] Runtime error during autotuning: 
[rank0]:E0808 20:31:30.133000 3709222 .conda/lib/python3.12/site-packages/torch/_inductor/select_algorithm.py:4888] [1/7_1] No valid triton configs. OutOfMemoryError: out of resource: triton_convolution2d Required: 196608 Hardware limit:166912 Reducing block sizes or `num_stages` may help.. 
[rank0]:E0808 20:31:30.133000 3709222 .conda/lib/python3.12/site-packages/torch/_inductor/select_algorithm.py:4888] [1/7_1] Ignoring this choice.
Autotune Choices Stats:
{"num_choices": 17, "num_triton_choices": 16, "best_kernel": "convolution", "best_time": 0.1157120019197464, "best_triton_pos": 1, "best_triton_time": 0.23552000522613525, "best_triton_kernel": "triton_convolution2d_110", "best_triton_kernel_desc": "ALLOW_TF32=False, BLOCK_K=32, BLOCK_M=64, BLOCK_N=64, GROUPS=1, KERNEL_H=3, KERNEL_W=3, PADDING_H=1, PADDING_W=1, STRIDE_H=1, STRIDE_W=1, UNROLL=False, num_stages=2, num_warps=4"}
AUTOTUNE convolution(1x128x16x16, 128x128x3x3)
strides: [128*s16*s82, s16*s82, s82, 1], [1152, 9, 3, 1]
dtypes: torch.float32, torch.float32
  convolution 0.1157 ms 100.0% 
  triton_convolution2d_110 0.2355 ms 49.1% ALLOW_TF32=False, BLOCK_K=32, BLOCK_M=64, BLOCK_N=64, GROUPS=1, KERNEL_H=3, KERNEL_W=3, PADDING_H=1, PADDING_W=1, STRIDE_H=1, STRIDE_W=1, UNROLL=False, num_stages=2, num_warps=4
  triton_convolution2d_108 0.2898 ms 39.9% ALLOW_TF32=False, BLOCK_K=16, BLOCK_M=256, BLOCK_N=16, GROUPS=1, KERNEL_H=3, KERNEL_W=3, PADDING_H=1, PADDING_W=1, STRIDE_H=1, STRIDE_W=1, UNROLL=False, num_stages=1, num_warps=8
  triton_convolution2d_106 0.3267 ms 35.4% ALLOW_TF32=False, BLOCK_K=16, BLOCK_M=64, BLOCK_N=128, GROUPS=1, KERNEL_H=3, KERNEL_W=3, PADDING_H=1, PADDING_W=1, STRIDE_H=1, STRIDE_W=1, UNROLL=False, num_stages=2, num_warps=4
  triton_convolution2d_111 0.3564 ms 32.5% ALLOW_TF32=False, BLOCK_K=32, BLOCK_M=64, BLOCK_N=128, GROUPS=1, KERNEL_H=3, KERNEL_W=3, PADDING_H=1, PADDING_W=1, STRIDE_H=1, STRIDE_W=1, UNROLL=False, num_stages=2, num_warps=8
  triton_convolution2d_114 0.5079 ms 22.8% ALLOW_TF32=False, BLOCK_K=64, BLOCK_M=64, BLOCK_N=128, GROUPS=1, KERNEL_H=3, KERNEL_W=3, PADDING_H=1, PADDING_W=1, STRIDE_H=1, STRIDE_W=1, UNROLL=False, num_stages=4, num_warps=4
  triton_convolution2d_109 0.5376 ms 21.5% ALLOW_TF32=False, BLOCK_K=32, BLOCK_M=128, BLOCK_N=128, GROUPS=1, KERNEL_H=3, KERNEL_W=3, PADDING_H=1, PADDING_W=1, STRIDE_H=1, STRIDE_W=1, UNROLL=False, num_stages=2, num_warps=8
  triton_convolution2d_115 0.6359 ms 18.2% ALLOW_TF32=False, BLOCK_K=64, BLOCK_M=128, BLOCK_N=64, GROUPS=1, KERNEL_H=3, KERNEL_W=3, PADDING_H=1, PADDING_W=1, STRIDE_H=1, STRIDE_W=1, UNROLL=False, num_stages=4, num_warps=4
  triton_convolution2d_117 0.6543 ms 17.7% ALLOW_TF32=False, BLOCK_K=64, BLOCK_M=128, BLOCK_N=128, GROUPS=1, KERNEL_H=3, KERNEL_W=3, PADDING_H=1, PADDING_W=1, STRIDE_H=1, STRIDE_W=1, UNROLL=False, num_stages=2, num_warps=8
  triton_convolution2d_112 0.6656 ms 17.4% ALLOW_TF32=False, BLOCK_K=32, BLOCK_M=256, BLOCK_N=64, GROUPS=1, KERNEL_H=3, KERNEL_W=3, PADDING_H=1, PADDING_W=1, STRIDE_H=1, STRIDE_W=1, UNROLL=False, num_stages=2, num_warps=8
SingleProcess AUTOTUNE benchmarking takes 79.3061 seconds and 20.3880 seconds precompiling for 17 choices
[rank0]:W0808 20:31:32.244000 3709222 .conda/lib/python3.12/site-packages/torch/_dynamo/convert_frame.py:1853] [1/8] torch._dynamo hit config.recompile_limit (8)
[rank0]:W0808 20:31:32.244000 3709222 .conda/lib/python3.12/site-packages/torch/_dynamo/convert_frame.py:1853] [1/8]    function: 'forward' (/scratch/dominic/Forschungsprojekt/src/quantization/quantizer.py:52)
[rank0]:W0808 20:31:32.244000 3709222 .conda/lib/python3.12/site-packages/torch/_dynamo/convert_frame.py:1853] [1/8]    last reason: 1/7: tensor 'input' size mismatch at index 1. expected 128, actual 64
[rank0]:W0808 20:31:32.244000 3709222 .conda/lib/python3.12/site-packages/torch/_dynamo/convert_frame.py:1853] [1/8] To log all recompilation reasons, use TORCH_LOGS="recompiles".
[rank0]:W0808 20:31:32.244000 3709222 .conda/lib/python3.12/site-packages/torch/_dynamo/convert_frame.py:1853] [1/8] To diagnose recompilation issues, see https://docs.pytorch.org/docs/main/user_guide/torch_compiler/compile/programming_model.recompilation.html
[rank0]:W0808 20:31:32.550000 3709222 .conda/lib/python3.12/site-packages/torch/_inductor/cudagraph_utils.py:298] [__cudagraphs] skipping cudagraphs due to mutated inputs (1 instances). Found from : 
[rank0]:W0808 20:31:32.550000 3709222 .conda/lib/python3.12/site-packages/torch/_inductor/cudagraph_utils.py:298] [__cudagraphs]    File "/scratch/dominic/Forschungsprojekt/.conda/lib/python3.12/site-packages/torchvision/models/resnet.py", line 102, in torch_dynamo_resume_in_forward_at_100
[rank0]:W0808 20:31:32.550000 3709222 .conda/lib/python3.12/site-packages/torch/_inductor/cudagraph_utils.py:298] [__cudagraphs]     out += identity
[rank0]:W0808 20:31:32.550000 3709222 .conda/lib/python3.12/site-packages/torch/_inductor/cudagraph_utils.py:298] [__cudagraphs] 
[rank0]:W0808 20:31:33.542000 3709222 .conda/lib/python3.12/site-packages/torch/_inductor/cudagraph_utils.py:298] [__cudagraphs] skipping cudagraphs due to mutated inputs (1 instances). Found from : 
[rank0]:W0808 20:31:33.542000 3709222 .conda/lib/python3.12/site-packages/torch/_inductor/cudagraph_utils.py:298] [__cudagraphs]    File "/scratch/dominic/Forschungsprojekt/.conda/lib/python3.12/site-packages/torchvision/models/resnet.py", line 102, in torch_dynamo_resume_in_forward_at_96
[rank0]:W0808 20:31:33.542000 3709222 .conda/lib/python3.12/site-packages/torch/_inductor/cudagraph_utils.py:298] [__cudagraphs]     out += identity
[rank0]:W0808 20:31:33.542000 3709222 .conda/lib/python3.12/site-packages/torch/_inductor/cudagraph_utils.py:298] [__cudagraphs] 
[rank0]:W0808 20:31:35.018000 3709222 .conda/lib/python3.12/site-packages/torch/_inductor/cudagraph_utils.py:298] [__cudagraphs] skipping cudagraphs due to mutated inputs (1 instances). Found from : 
[rank0]:W0808 20:31:35.018000 3709222 .conda/lib/python3.12/site-packages/torch/_inductor/cudagraph_utils.py:298] [__cudagraphs]    File "/scratch/dominic/Forschungsprojekt/.conda/lib/python3.12/site-packages/torchvision/models/resnet.py", line 102, in torch_dynamo_resume_in_forward_at_100
[rank0]:W0808 20:31:35.018000 3709222 .conda/lib/python3.12/site-packages/torch/_inductor/cudagraph_utils.py:298] [__cudagraphs]     out += identity
[rank0]:W0808 20:31:35.018000 3709222 .conda/lib/python3.12/site-packages/torch/_inductor/cudagraph_utils.py:298] [__cudagraphs] 
[rank0]:W0808 20:31:35.720000 3709222 .conda/lib/python3.12/site-packages/torch/_inductor/cudagraph_utils.py:298] [__cudagraphs] skipping cudagraphs due to mutated inputs (1 instances). Found from : 
[rank0]:W0808 20:31:35.720000 3709222 .conda/lib/python3.12/site-packages/torch/_inductor/cudagraph_utils.py:298] [__cudagraphs]    File "/scratch/dominic/Forschungsprojekt/.conda/lib/python3.12/site-packages/torchvision/models/resnet.py", line 102, in torch_dynamo_resume_in_forward_at_96
[rank0]:W0808 20:31:35.720000 3709222 .conda/lib/python3.12/site-packages/torch/_inductor/cudagraph_utils.py:298] [__cudagraphs]     out += identity
[rank0]:W0808 20:31:35.720000 3709222 .conda/lib/python3.12/site-packages/torch/_inductor/cudagraph_utils.py:298] [__cudagraphs] 
[rank0]:W0808 20:31:35.818000 3709222 .conda/lib/python3.12/site-packages/torch/_inductor/cudagraph_utils.py:298] [__cudagraphs] skipping cudagraphs due to mutated inputs (1 instances). Found from : 
[rank0]:W0808 20:31:35.818000 3709222 .conda/lib/python3.12/site-packages/torch/_inductor/cudagraph_utils.py:298] [__cudagraphs]    File "/scratch/dominic/Forschungsprojekt/.conda/lib/python3.12/site-packages/torchvision/models/resnet.py", line 102, in torch_dynamo_resume_in_forward_at_100
[rank0]:W0808 20:31:35.818000 3709222 .conda/lib/python3.12/site-packages/torch/_inductor/cudagraph_utils.py:298] [__cudagraphs]     out += identity
[rank0]:W0808 20:31:35.818000 3709222 .conda/lib/python3.12/site-packages/torch/_inductor/cudagraph_utils.py:298] [__cudagraphs] 
[rank0]:W0808 20:31:35.823000 3709222 .conda/lib/python3.12/site-packages/torch/_inductor/cudagraph_utils.py:298] [__cudagraphs] skipping cudagraphs due to mutated inputs (1 instances). Found from : 
[rank0]:W0808 20:31:35.823000 3709222 .conda/lib/python3.12/site-packages/torch/_inductor/cudagraph_utils.py:298] [__cudagraphs]    File "/scratch/dominic/Forschungsprojekt/.conda/lib/python3.12/site-packages/torchvision/models/resnet.py", line 102, in torch_dynamo_resume_in_forward_at_96
[rank0]:W0808 20:31:35.823000 3709222 .conda/lib/python3.12/site-packages/torch/_inductor/cudagraph_utils.py:298] [__cudagraphs]     out += identity
[rank0]:W0808 20:31:35.823000 3709222 .conda/lib/python3.12/site-packages/torch/_inductor/cudagraph_utils.py:298] [__cudagraphs] 
Autotune Choices Stats:
{"num_choices": 12, "num_triton_choices": 11, "best_kernel": "triton_mm_125", "best_kernel_desc": "ACC_TYPE='tl.float32', ALLOW_TF32=False, BLOCK_K=128, BLOCK_M=16, BLOCK_N=16, EVEN_K=True, GROUP_M=8, OUT_DTYPE='tl.float32', USE_FAST_ACCUM=False, num_stages=5, num_warps=1", "best_time": 0.055296000093221664, "best_triton_pos": 0}
AUTOTUNE addmm(1x10, 1x512, 512x10)
strides: [0, 1], [512, 1], [1, 512]
dtypes: torch.float32, torch.float32, torch.float32
  triton_mm_125 0.0553 ms 100.0% ACC_TYPE='tl.float32', ALLOW_TF32=False, BLOCK_K=128, BLOCK_M=16, BLOCK_N=16, EVEN_K=True, GROUP_M=8, OUT_DTYPE='tl.float32', USE_FAST_ACCUM=False, num_stages=5, num_warps=1
  triton_mm_130 0.0553 ms 100.0% ACC_TYPE='tl.float32', ALLOW_TF32=False, BLOCK_K=32, BLOCK_M=16, BLOCK_N=16, EVEN_K=True, GROUP_M=8, OUT_DTYPE='tl.float32', USE_FAST_ACCUM=False, num_stages=4, num_warps=1
  triton_mm_131 0.0553 ms 100.0% ACC_TYPE='tl.float32', ALLOW_TF32=False, BLOCK_K=128, BLOCK_M=16, BLOCK_N=16, EVEN_K=True, GROUP_M=8, OUT_DTYPE='tl.float32', USE_FAST_ACCUM=False, num_stages=4, num_warps=1
  triton_mm_124 0.0563 ms 98.2% ACC_TYPE='tl.float32', ALLOW_TF32=False, BLOCK_K=32, BLOCK_M=16, BLOCK_N=16, EVEN_K=True, GROUP_M=8, OUT_DTYPE='tl.float32', USE_FAST_ACCUM=False, num_stages=5, num_warps=1
  triton_mm_128 0.0563 ms 98.2% ACC_TYPE='tl.float32', ALLOW_TF32=False, BLOCK_K=64, BLOCK_M=16, BLOCK_N=16, EVEN_K=True, GROUP_M=8, OUT_DTYPE='tl.float32', USE_FAST_ACCUM=False, num_stages=3, num_warps=1
  triton_mm_129 0.0563 ms 98.2% ACC_TYPE='tl.float32', ALLOW_TF32=False, BLOCK_K=32, BLOCK_M=16, BLOCK_N=16, EVEN_K=True, GROUP_M=8, OUT_DTYPE='tl.float32', USE_FAST_ACCUM=False, num_stages=3, num_warps=1
  triton_mm_132 0.0563 ms 98.2% ACC_TYPE='tl.float32', ALLOW_TF32=False, BLOCK_K=64, BLOCK_M=16, BLOCK_N=16, EVEN_K=True, GROUP_M=8, OUT_DTYPE='tl.float32', USE_FAST_ACCUM=False, num_stages=5, num_warps=1
  triton_mm_123 0.0573 ms 96.4% ACC_TYPE='tl.float32', ALLOW_TF32=False, BLOCK_K=128, BLOCK_M=16, BLOCK_N=16, EVEN_K=True, GROUP_M=8, OUT_DTYPE='tl.float32', USE_FAST_ACCUM=False, num_stages=2, num_warps=1
  triton_mm_127 0.0635 ms 87.1% ACC_TYPE='tl.float32', ALLOW_TF32=False, BLOCK_K=32, BLOCK_M=16, BLOCK_N=16, EVEN_K=True, GROUP_M=8, OUT_DTYPE='tl.float32', USE_FAST_ACCUM=False, num_stages=2, num_warps=1
  triton_mm_126 0.0717 ms 77.1% ACC_TYPE='tl.float32', ALLOW_TF32=False, BLOCK_K=16, BLOCK_M=16, BLOCK_N=16, EVEN_K=True, GROUP_M=8, OUT_DTYPE='tl.float32', USE_FAST_ACCUM=False, num_stages=2, num_warps=1
SingleProcess AUTOTUNE benchmarking takes 5.0935 seconds and 1.0641 seconds precompiling for 12 choices
[rank0]:W0808 20:31:45.538000 3709222 .conda/lib/python3.12/site-packages/torch/_inductor/cudagraph_utils.py:298] [__cudagraphs] skipping cudagraphs due to mutated inputs (1 instances). Found from : 
[rank0]:W0808 20:31:45.538000 3709222 .conda/lib/python3.12/site-packages/torch/_inductor/cudagraph_utils.py:298] [__cudagraphs]    File "/scratch/dominic/Forschungsprojekt/.conda/lib/python3.12/site-packages/torchvision/models/resnet.py", line 102, in torch_dynamo_resume_in_forward_at_96
[rank0]:W0808 20:31:45.538000 3709222 .conda/lib/python3.12/site-packages/torch/_inductor/cudagraph_utils.py:298] [__cudagraphs]     out += identity
[rank0]:W0808 20:31:45.538000 3709222 .conda/lib/python3.12/site-packages/torch/_inductor/cudagraph_utils.py:298] [__cudagraphs] 
[rank0]:W0808 20:31:45.546000 3709222 .conda/lib/python3.12/site-packages/torch/_inductor/cudagraph_utils.py:298] [__cudagraphs] skipping cudagraphs due to mutated inputs (1 instances). Found from : 
[rank0]:W0808 20:31:45.546000 3709222 .conda/lib/python3.12/site-packages/torch/_inductor/cudagraph_utils.py:298] [__cudagraphs]    File "/scratch/dominic/Forschungsprojekt/.conda/lib/python3.12/site-packages/torchvision/models/resnet.py", line 102, in torch_dynamo_resume_in_forward_at_100
[rank0]:W0808 20:31:45.546000 3709222 .conda/lib/python3.12/site-packages/torch/_inductor/cudagraph_utils.py:298] [__cudagraphs]     out += identity
[rank0]:W0808 20:31:45.546000 3709222 .conda/lib/python3.12/site-packages/torch/_inductor/cudagraph_utils.py:298] [__cudagraphs] 
/scratch/dominic/Forschungsprojekt/.conda/lib/python3.12/site-packages/torch/distributed/c10d_logger.py:83: UserWarning: barrier(): using the device under current context. You can specify `device_id` in `init_process_group` to mute this warning.
  return func(*args, **kwargs)
/scratch/dominic/Forschungsprojekt/.conda/lib/python3.12/site-packages/torch/distributed/c10d_logger.py:83: UserWarning: barrier(): using the device under current context. You can specify `device_id` in `init_process_group` to mute this warning.
  return func(*args, **kwargs)
Autotune Choices Stats:
{"num_choices": 12, "num_triton_choices": 11, "best_kernel": "addmm", "best_time": 0.09318400174379349, "best_triton_pos": 1, "best_triton_time": 0.1157120019197464, "best_triton_kernel": "triton_mm_135", "best_triton_kernel_desc": "ACC_TYPE='tl.float32', ALLOW_TF32=False, BLOCK_K=32, BLOCK_M=16, BLOCK_N=16, EVEN_K=True, GROUP_M=8, OUT_DTYPE='tl.float32', USE_FAST_ACCUM=False, num_stages=5, num_warps=1"}
AUTOTUNE addmm(1x10, 1x2048, 2048x10)
strides: [0, 1], [2048, 1], [1, 2048]
dtypes: torch.float32, torch.float32, torch.float32
  addmm 0.0932 ms 100.0% 
  triton_mm_135 0.1157 ms 80.5% ACC_TYPE='tl.float32', ALLOW_TF32=False, BLOCK_K=32, BLOCK_M=16, BLOCK_N=16, EVEN_K=True, GROUP_M=8, OUT_DTYPE='tl.float32', USE_FAST_ACCUM=False, num_stages=5, num_warps=1
  triton_mm_140 0.1157 ms 80.5% ACC_TYPE='tl.float32', ALLOW_TF32=False, BLOCK_K=32, BLOCK_M=16, BLOCK_N=16, EVEN_K=True, GROUP_M=8, OUT_DTYPE='tl.float32', USE_FAST_ACCUM=False, num_stages=3, num_warps=1
  triton_mm_141 0.1157 ms 80.5% ACC_TYPE='tl.float32', ALLOW_TF32=False, BLOCK_K=32, BLOCK_M=16, BLOCK_N=16, EVEN_K=True, GROUP_M=8, OUT_DTYPE='tl.float32', USE_FAST_ACCUM=False, num_stages=4, num_warps=1
  triton_mm_139 0.1167 ms 79.8% ACC_TYPE='tl.float32', ALLOW_TF32=False, BLOCK_K=64, BLOCK_M=16, BLOCK_N=16, EVEN_K=True, GROUP_M=8, OUT_DTYPE='tl.float32', USE_FAST_ACCUM=False, num_stages=3, num_warps=1
  triton_mm_143 0.1167 ms 79.8% ACC_TYPE='tl.float32', ALLOW_TF32=False, BLOCK_K=64, BLOCK_M=16, BLOCK_N=16, EVEN_K=True, GROUP_M=8, OUT_DTYPE='tl.float32', USE_FAST_ACCUM=False, num_stages=5, num_warps=1
  triton_mm_136 0.1188 ms 78.4% ACC_TYPE='tl.float32', ALLOW_TF32=False, BLOCK_K=128, BLOCK_M=16, BLOCK_N=16, EVEN_K=True, GROUP_M=8, OUT_DTYPE='tl.float32', USE_FAST_ACCUM=False, num_stages=5, num_warps=1
  triton_mm_142 0.1198 ms 77.8% ACC_TYPE='tl.float32', ALLOW_TF32=False, BLOCK_K=128, BLOCK_M=16, BLOCK_N=16, EVEN_K=True, GROUP_M=8, OUT_DTYPE='tl.float32', USE_FAST_ACCUM=False, num_stages=4, num_warps=1
  triton_mm_134 0.1260 ms 74.0% ACC_TYPE='tl.float32', ALLOW_TF32=False, BLOCK_K=128, BLOCK_M=16, BLOCK_N=16, EVEN_K=True, GROUP_M=8, OUT_DTYPE='tl.float32', USE_FAST_ACCUM=False, num_stages=2, num_warps=1
  triton_mm_138 0.1464 ms 63.6% ACC_TYPE='tl.float32', ALLOW_TF32=False, BLOCK_K=32, BLOCK_M=16, BLOCK_N=16, EVEN_K=True, GROUP_M=8, OUT_DTYPE='tl.float32', USE_FAST_ACCUM=False, num_stages=2, num_warps=1
SingleProcess AUTOTUNE benchmarking takes 4.9888 seconds and 0.9754 seconds precompiling for 12 choices
/scratch/dominic/Forschungsprojekt/.conda/lib/python3.12/site-packages/torch/distributed/c10d_logger.py:83: UserWarning: barrier(): using the device under current context. You can specify `device_id` in `init_process_group` to mute this warning.
  return func(*args, **kwargs)
/scratch/dominic/Forschungsprojekt/.conda/lib/python3.12/site-packages/torch/distributed/c10d_logger.py:83: UserWarning: barrier(): using the device under current context. You can specify `device_id` in `init_process_group` to mute this warning.
  return func(*args, **kwargs)
[rank0]:E0809 12:42:01.542000 3709222 .conda/lib/python3.12/site-packages/torch/_inductor/select_algorithm.py:4888] [7/4_1] Runtime error during autotuning: 
[rank0]:E0809 12:42:01.542000 3709222 .conda/lib/python3.12/site-packages/torch/_inductor/select_algorithm.py:4888] [7/4_1] No valid triton configs. OutOfMemoryError: out of resource: triton_mm Required: 221184 Hardware limit:166912 Reducing block sizes or `num_stages` may help.. 
[rank0]:E0809 12:42:01.542000 3709222 .conda/lib/python3.12/site-packages/torch/_inductor/select_algorithm.py:4888] [7/4_1] Ignoring this choice.
[rank0]:E0809 12:42:03.772000 3709222 .conda/lib/python3.12/site-packages/torch/_inductor/select_algorithm.py:4888] [7/4_1] Runtime error during autotuning: 
[rank0]:E0809 12:42:03.772000 3709222 .conda/lib/python3.12/site-packages/torch/_inductor/select_algorithm.py:4888] [7/4_1] No valid triton configs. OutOfMemoryError: out of resource: triton_mm Required: 221184 Hardware limit:166912 Reducing block sizes or `num_stages` may help.. 
[rank0]:E0809 12:42:03.772000 3709222 .conda/lib/python3.12/site-packages/torch/_inductor/select_algorithm.py:4888] [7/4_1] Ignoring this choice.
Autotune Choices Stats:
{"num_choices": 19, "num_triton_choices": 18, "best_kernel": "triton_mm_148", "best_kernel_desc": "ACC_TYPE='tl.float32', ALLOW_TF32=False, BLOCK_K=128, BLOCK_M=16, BLOCK_N=32, EVEN_K=True, GROUP_M=8, OUT_DTYPE='tl.float32', USE_FAST_ACCUM=False, num_stages=5, num_warps=2", "best_time": 0.07680000364780426, "best_triton_pos": 0}
AUTOTUNE addmm(1x100, 1x1024, 1024x100)
strides: [0, 1], [1024, 1], [1, 1024]
dtypes: torch.float32, torch.float32, torch.float32
  triton_mm_148 0.0768 ms 100.0% ACC_TYPE='tl.float32', ALLOW_TF32=False, BLOCK_K=128, BLOCK_M=16, BLOCK_N=32, EVEN_K=True, GROUP_M=8, OUT_DTYPE='tl.float32', USE_FAST_ACCUM=False, num_stages=5, num_warps=2
  triton_mm_145 0.0788 ms 97.4% ACC_TYPE='tl.float32', ALLOW_TF32=False, BLOCK_K=128, BLOCK_M=16, BLOCK_N=32, EVEN_K=True, GROUP_M=8, OUT_DTYPE='tl.float32', USE_FAST_ACCUM=False, num_stages=2, num_warps=2
  triton_mm_147 0.0809 ms 94.9% ACC_TYPE='tl.float32', ALLOW_TF32=False, BLOCK_K=32, BLOCK_M=16, BLOCK_N=32, EVEN_K=True, GROUP_M=8, OUT_DTYPE='tl.float32', USE_FAST_ACCUM=False, num_stages=5, num_warps=2
  addmm 0.0911 ms 84.3% 
  triton_mm_146 0.1075 ms 71.4% ACC_TYPE='tl.float32', ALLOW_TF32=False, BLOCK_K=32, BLOCK_M=16, BLOCK_N=64, EVEN_K=True, GROUP_M=8, OUT_DTYPE='tl.float32', USE_FAST_ACCUM=False, num_stages=5, num_warps=4
  triton_mm_152 0.1075 ms 71.4% ACC_TYPE='tl.float32', ALLOW_TF32=False, BLOCK_K=128, BLOCK_M=16, BLOCK_N=64, EVEN_K=True, GROUP_M=8, OUT_DTYPE='tl.float32', USE_FAST_ACCUM=False, num_stages=5, num_warps=4
  triton_mm_157 0.1085 ms 70.8% ACC_TYPE='tl.float32', ALLOW_TF32=False, BLOCK_K=32, BLOCK_M=16, BLOCK_N=64, EVEN_K=True, GROUP_M=8, OUT_DTYPE='tl.float32', USE_FAST_ACCUM=False, num_stages=3, num_warps=4
  triton_mm_158 0.1085 ms 70.8% ACC_TYPE='tl.float32', ALLOW_TF32=False, BLOCK_K=32, BLOCK_M=16, BLOCK_N=64, EVEN_K=True, GROUP_M=8, OUT_DTYPE='tl.float32', USE_FAST_ACCUM=False, num_stages=4, num_warps=4
  triton_mm_151 0.1106 ms 69.4% ACC_TYPE='tl.float32', ALLOW_TF32=False, BLOCK_K=64, BLOCK_M=16, BLOCK_N=64, EVEN_K=True, GROUP_M=8, OUT_DTYPE='tl.float32', USE_FAST_ACCUM=False, num_stages=3, num_warps=4
  triton_mm_144 0.1188 ms 64.7% ACC_TYPE='tl.float32', ALLOW_TF32=False, BLOCK_K=16, BLOCK_M=16, BLOCK_N=32, EVEN_K=True, GROUP_M=8, OUT_DTYPE='tl.float32', USE_FAST_ACCUM=False, num_stages=1, num_warps=2
SingleProcess AUTOTUNE benchmarking takes 9.2169 seconds and 1.8047 seconds precompiling for 19 choices
/scratch/dominic/Forschungsprojekt/.conda/lib/python3.12/site-packages/torch/distributed/c10d_logger.py:83: UserWarning: barrier(): using the device under current context. You can specify `device_id` in `init_process_group` to mute this warning.
  return func(*args, **kwargs)
slurmstepd-kiwinode01: error: *** JOB 27832 ON kiwinode01 CANCELLED AT 2026-08-09T20:18:11 DUE TO TIME LIMIT ***
