This is pdfTeX, Version 3.141592653-2.6-1.40.29 (TeX Live 2026/Arch Linux) (preloaded format=pdflatex 2026.9.8)  12 SEP 2026 11:38
entering extended mode
 restricted \write18 enabled.
 %&-line parsing enabled.
**main.tex
(./main.tex
LaTeX2e <2025-11-01>
L3 programming layer <2026-01-19>
(/usr/share/texmf-dist/tex/latex/base/article.cls
Document Class: article 2025/01/22 v1.4n Standard LaTeX document class
(/usr/share/texmf-dist/tex/latex/base/size11.clo
File: size11.clo 2025/01/22 v1.4n Standard LaTeX file (size option)
)
\c@part=\count275
\c@section=\count276
\c@subsection=\count277
\c@subsubsection=\count278
\c@paragraph=\count279
\c@subparagraph=\count280
\c@figure=\count281
\c@table=\count282
\abovecaptionskip=\skip49
\belowcaptionskip=\skip50
\bibindent=\dimen148
)
(/usr/share/texmf-dist/tex/latex/base/inputenc.sty
Package: inputenc 2024/02/08 v1.3d Input encoding file
\inpenc@prehook=\toks17
\inpenc@posthook=\toks18
)
(/usr/share/texmf-dist/tex/latex/base/fontenc.sty
Package: fontenc 2025/07/18 v2.1d Standard LaTeX package
)
(/usr/share/texmf-dist/tex/generic/babel/babel.sty
Package: babel 2026/02/14 v26.3 The multilingual framework for LuaLaTeX, pdfLaT
eX and XeLaTeX
\babel@savecnt=\count283
LaTeX Encoding Info:    Redeclaring text command \ij (encoding OT1) on input li
ne 2078.
LaTeX Encoding Info:    Redeclaring text command \IJ (encoding OT1) on input li
ne 2080.
LaTeX Encoding Info:    Redeclaring text command \ij (encoding T1) on input lin
e 2082.
LaTeX Encoding Info:    Redeclaring text command \IJ (encoding T1) on input lin
e 2083.
LaTeX Encoding Info:    Ignoring declaration for text command \ij (encoding ?) 
on input line 2084.
LaTeX Encoding Info:    Ignoring declaration for text command \IJ (encoding ?) 
on input line 2086.
LaTeX Encoding Info:    Ignoring declaration for text command \SS (encoding ?) 
on input line 2111.
\U@D=\dimen149
\l@unhyphenated=\language8

(/usr/share/texmf-dist/tex/generic/babel/txtbabel.def)
\bbl@readstream=\read2
\bbl@dirlevel=\count284

(/usr/share/texmf-dist/tex/generic/babel/locale/invalid/babel-ngerman.tex)
Package babel Info: Importing font and identification data for ngerman
(babel)             from babel-de.ini. Reported on input line 4330.

(/usr/share/texmf-dist/tex/generic/babel-german/ngerman.ldf
Language: ngerman 

(/usr/share/texmf-dist/tex/generic/babel-german/babel-german.def
Package babel Info: Making " an active character on input line 470.
)))
(/usr/share/texmf-dist/tex/latex/csquotes/csquotes.sty
Package: csquotes 2024-04-04 v5.2o context-sensitive quotations (JAW)

(/usr/share/texmf-dist/tex/latex/etoolbox/etoolbox.sty
Package: etoolbox 2025/10/02 v2.5m e-TeX tools for LaTeX (JAW)
\etb@tempcnta=\count285
)
(/usr/share/texmf-dist/tex/latex/graphics/keyval.sty
Package: keyval 2022/05/29 v1.15 key=value parser (DPC)
\KV@toks@=\toks19
)
\csq@reset=\count286
\csq@gtype=\count287
\csq@glevel=\count288
\csq@qlevel=\count289
\csq@maxlvl=\count290
\csq@tshold=\count291
\csq@ltx@everypar=\toks20

(/usr/share/texmf-dist/tex/latex/csquotes/csquotes.def
File: csquotes.def 2024-04-04 v5.2o csquotes generic definitions (JAW)
)
Package csquotes Info: Trying to load configuration file 'csquotes.cfg'...
Package csquotes Info: ... configuration file loaded successfully.

(/usr/share/texmf-dist/tex/latex/csquotes/csquotes.cfg
File: csquotes.cfg 
))
(/usr/share/texmf-dist/tex/latex/amsmath/amsmath.sty
Package: amsmath 2025/07/09 v2.17z AMS math features
\@mathmargin=\skip51

For additional information on amsmath, use the `?' option.
(/usr/share/texmf-dist/tex/latex/amsmath/amstext.sty
Package: amstext 2024/11/17 v2.01 AMS text

(/usr/share/texmf-dist/tex/latex/amsmath/amsgen.sty
File: amsgen.sty 1999/11/30 v2.0 generic functions
\@emptytoks=\toks21
\ex@=\dimen150
))
(/usr/share/texmf-dist/tex/latex/amsmath/amsbsy.sty
Package: amsbsy 1999/11/29 v1.2d Bold Symbols
\pmbraise@=\dimen151
)
(/usr/share/texmf-dist/tex/latex/amsmath/amsopn.sty
Package: amsopn 2022/04/08 v2.04 operator names
)
\inf@bad=\count292
LaTeX Info: Redefining \frac on input line 233.
\uproot@=\count293
\leftroot@=\count294
LaTeX Info: Redefining \overline on input line 398.
LaTeX Info: Redefining \colon on input line 409.
\classnum@=\count295
\DOTSCASE@=\count296
LaTeX Info: Redefining \ldots on input line 495.
LaTeX Info: Redefining \dots on input line 498.
LaTeX Info: Redefining \cdots on input line 619.
\Mathstrutbox@=\box53
\strutbox@=\box54
LaTeX Info: Redefining \big on input line 721.
LaTeX Info: Redefining \Big on input line 722.
LaTeX Info: Redefining \bigg on input line 723.
LaTeX Info: Redefining \Bigg on input line 724.
\big@size=\dimen152
LaTeX Font Info:    Redeclaring font encoding OML on input line 742.
LaTeX Font Info:    Redeclaring font encoding OMS on input line 743.
\macc@depth=\count297
LaTeX Info: Redefining \bmod on input line 904.
LaTeX Info: Redefining \pmod on input line 909.
LaTeX Info: Redefining \smash on input line 939.
LaTeX Info: Redefining \relbar on input line 969.
LaTeX Info: Redefining \Relbar on input line 970.
\c@MaxMatrixCols=\count298
\dotsspace@=\muskip17
\c@parentequation=\count299
\dspbrk@lvl=\count300
\tag@help=\toks22
\row@=\count301
\column@=\count302
\maxfields@=\count303
\andhelp@=\toks23
\eqnshift@=\dimen153
\alignsep@=\dimen154
\tagshift@=\dimen155
\tagwidth@=\dimen156
\totwidth@=\dimen157
\lineht@=\dimen158
\@envbody=\toks24
\multlinegap=\skip52
\multlinetaggap=\skip53
\mathdisplay@stack=\toks25
LaTeX Info: Redefining \[ on input line 2950.
LaTeX Info: Redefining \] on input line 2951.
)
(/usr/share/texmf-dist/tex/latex/amsfonts/amssymb.sty
Package: amssymb 2013/01/14 v3.01 AMS font symbols

(/usr/share/texmf-dist/tex/latex/amsfonts/amsfonts.sty
Package: amsfonts 2013/01/14 v3.01 Basic AMSFonts support
\symAMSa=\mathgroup4
\symAMSb=\mathgroup5
LaTeX Font Info:    Redeclaring math symbol \hbar on input line 98.
LaTeX Font Info:    Overwriting math alphabet `\mathfrak' in version `bold'
(Font)                  U/euf/m/n --> U/euf/b/n on input line 106.
))
(/usr/share/texmf-dist/tex/latex/graphics/graphicx.sty
Package: graphicx 2024/12/31 v1.2e Enhanced LaTeX Graphics (DPC,SPQR)

(/usr/share/texmf-dist/tex/latex/graphics/graphics.sty
Package: graphics 2024/08/06 v1.4g Standard LaTeX Graphics (DPC,SPQR)

(/usr/share/texmf-dist/tex/latex/graphics/trig.sty
Package: trig 2023/12/02 v1.11 sin cos tan (DPC)
)
(/usr/share/texmf-dist/tex/latex/graphics-cfg/graphics.cfg
File: graphics.cfg 2016/06/04 v1.11 sample graphics configuration
)
Package graphics Info: Driver file: pdftex.def on input line 106.

(/usr/share/texmf-dist/tex/latex/graphics-def/pdftex.def
File: pdftex.def 2025/09/29 v1.2d Graphics/color driver for pdftex
))
\Gin@req@height=\dimen159
\Gin@req@width=\dimen160
)
(/usr/share/texmf-dist/tex/latex/booktabs/booktabs.sty
Package: booktabs 2020/01/12 v1.61803398 Publication quality tables
\heavyrulewidth=\dimen161
\lightrulewidth=\dimen162
\cmidrulewidth=\dimen163
\belowrulesep=\dimen164
\belowbottomsep=\dimen165
\aboverulesep=\dimen166
\abovetopsep=\dimen167
\cmidrulesep=\dimen168
\cmidrulekern=\dimen169
\defaultaddspace=\dimen170
\@cmidla=\count304
\@cmidlb=\count305
\@aboverulesep=\dimen171
\@belowrulesep=\dimen172
\@thisruleclass=\count306
\@lastruleclass=\count307
\@thisrulewidth=\dimen173
)
(/usr/share/texmf-dist/tex/latex/hyperref/hyperref.sty
Package: hyperref 2026-01-29 v7.01p Hypertext links for LaTeX

(/usr/share/texmf-dist/tex/generic/iftex/iftex.sty
Package: iftex 2024/12/12 v1.0g TeX engine tests
)
(/usr/share/texmf-dist/tex/latex/kvsetkeys/kvsetkeys.sty
Package: kvsetkeys 2022-10-05 v1.19 Key value parser (HO)
)
(/usr/share/texmf-dist/tex/generic/kvdefinekeys/kvdefinekeys.sty
Package: kvdefinekeys 2019-12-19 v1.6 Define keys (HO)
)
(/usr/share/texmf-dist/tex/generic/pdfescape/pdfescape.sty
Package: pdfescape 2019/12/09 v1.15 Implements pdfTeX's escape features (HO)

(/usr/share/texmf-dist/tex/generic/ltxcmds/ltxcmds.sty
Package: ltxcmds 2023-12-04 v1.26 LaTeX kernel commands for general use (HO)
)
(/usr/share/texmf-dist/tex/generic/pdftexcmds/pdftexcmds.sty
Package: pdftexcmds 2020-06-27 v0.33 Utility functions of pdfTeX for LuaTeX (HO
)

(/usr/share/texmf-dist/tex/generic/infwarerr/infwarerr.sty
Package: infwarerr 2019/12/03 v1.5 Providing info/warning/error messages (HO)
)
Package pdftexcmds Info: \pdf@primitive is available.
Package pdftexcmds Info: \pdf@ifprimitive is available.
Package pdftexcmds Info: \pdfdraftmode found.
))
(/usr/share/texmf-dist/tex/latex/hycolor/hycolor.sty
Package: hycolor 2020-01-27 v1.10 Color options for hyperref/bookmark (HO)
)
(/usr/share/texmf-dist/tex/latex/hyperref/nameref.sty
Package: nameref 2026-01-29 v2.58 Cross-referencing by name of section

(/usr/share/texmf-dist/tex/latex/refcount/refcount.sty
Package: refcount 2019/12/15 v3.6 Data extraction from label references (HO)
)
(/usr/share/texmf-dist/tex/generic/gettitlestring/gettitlestring.sty
Package: gettitlestring 2019/12/15 v1.6 Cleanup title references (HO)

(/usr/share/texmf-dist/tex/latex/kvoptions/kvoptions.sty
Package: kvoptions 2022-06-15 v3.15 Key value format for package options (HO)
))
\c@section@level=\count308
)
(/usr/share/texmf-dist/tex/generic/stringenc/stringenc.sty
Package: stringenc 2019/11/29 v1.12 Convert strings between diff. encodings (HO
)
)
\@linkdim=\dimen174
\Hy@linkcounter=\count309
\Hy@pagecounter=\count310

(/usr/share/texmf-dist/tex/latex/hyperref/pd1enc.def
File: pd1enc.def 2026-01-29 v7.01p Hyperref: PDFDocEncoding definition (HO)
Now handling font encoding PD1 ...
... no UTF-8 mapping file for font encoding PD1
)
(/usr/share/texmf-dist/tex/generic/intcalc/intcalc.sty
Package: intcalc 2019/12/15 v1.3 Expandable calculations with integers (HO)
)
\Hy@SavedSpaceFactor=\count311

(/usr/share/texmf-dist/tex/latex/hyperref/puenc.def
File: puenc.def 2026-01-29 v7.01p Hyperref: PDF Unicode definition (HO)
Now handling font encoding PU ...
... no UTF-8 mapping file for font encoding PU
)
Package hyperref Info: Hyper figures OFF on input line 4201.
Package hyperref Info: Link nesting OFF on input line 4206.
Package hyperref Info: Hyper index ON on input line 4209.
Package hyperref Info: Plain pages OFF on input line 4216.
Package hyperref Info: Backreferencing OFF on input line 4221.
Package hyperref Info: Implicit mode ON; LaTeX internals redefined.
Package hyperref Info: Bookmarks ON on input line 4468.
\c@Hy@tempcnt=\count312

(/usr/share/texmf-dist/tex/latex/url/url.sty
\Urlmuskip=\muskip18
Package: url 2013/09/16  ver 3.4  Verb mode for urls, etc.
)
LaTeX Info: Redefining \url on input line 4807.
\XeTeXLinkMargin=\dimen175

(/usr/share/texmf-dist/tex/generic/bitset/bitset.sty
Package: bitset 2019/12/09 v1.3 Handle bit-vector datatype (HO)

(/usr/share/texmf-dist/tex/generic/bigintcalc/bigintcalc.sty
Package: bigintcalc 2019/12/15 v1.5 Expandable calculations on big integers (HO
)
))
\Fld@menulength=\count313
\Field@Width=\dimen176
\Fld@charsize=\dimen177
Package hyperref Info: Hyper figures OFF on input line 6084.
Package hyperref Info: Link nesting OFF on input line 6089.
Package hyperref Info: Hyper index ON on input line 6092.
Package hyperref Info: backreferencing OFF on input line 6099.
Package hyperref Info: Link coloring OFF on input line 6104.
Package hyperref Info: Link coloring with OCG OFF on input line 6109.
Package hyperref Info: PDF/A mode OFF on input line 6114.
\Hy@abspage=\count314
\c@Item=\count315
\c@Hfootnote=\count316
)
Package hyperref Info: Driver (autodetected): hpdftex.

(/usr/share/texmf-dist/tex/latex/hyperref/hpdftex.def
File: hpdftex.def 2026-01-29 v7.01p Hyperref driver for pdfTeX
\Fld@listcount=\count317
\c@bookmark@seq@number=\count318

(/usr/share/texmf-dist/tex/latex/rerunfilecheck/rerunfilecheck.sty
Package: rerunfilecheck 2025-06-21 v1.11 Rerun checks for auxiliary files (HO)

(/usr/share/texmf-dist/tex/generic/uniquecounter/uniquecounter.sty
Package: uniquecounter 2019/12/15 v1.4 Provide unlimited unique counter (HO)
)
Package uniquecounter Info: New unique counter `rerunfilecheck' on input line 2
84.
)
\Hy@SectionHShift=\skip54
)
(/usr/share/texmf-dist/tex/latex/caption/subcaption.sty
Package: subcaption 2023/07/28 v1.6b Sub-captions (AR)

(/usr/share/texmf-dist/tex/latex/caption/caption.sty
Package: caption 2023/08/05 v3.6o Customizing captions (AR)

(/usr/share/texmf-dist/tex/latex/caption/caption3.sty
Package: caption3 2023/07/31 v2.4d caption3 kernel (AR)
\caption@tempdima=\dimen178
\captionmargin=\dimen179
\caption@leftmargin=\dimen180
\caption@rightmargin=\dimen181
\caption@width=\dimen182
\caption@indent=\dimen183
\caption@parindent=\dimen184
\caption@hangindent=\dimen185
Package caption Info: Standard document class detected.
)
\c@caption@flags=\count319
\c@continuedfloat=\count320
Package caption Info: hyperref package is loaded.
)
Package caption Info: New subtype `subfigure' on input line 238.
\c@subfigure=\count321
Package caption Info: New subtype `subtable' on input line 238.
\c@subtable=\count322
)
(/usr/share/texmf-dist/tex/latex/siunitx/siunitx.sty
Package: siunitx 2025-07-09 v3.4.14 A comprehensive (SI) units package
\l__siunitx_number_uncert_offset_int=\count323
\l__siunitx_number_exponent_fixed_int=\count324
\l__siunitx_number_min_decimal_int=\count325
\l__siunitx_number_min_integer_int=\count326
\l__siunitx_number_round_precision_int=\count327
\l__siunitx_number_lower_threshold_int=\count328
\l__siunitx_number_upper_threshold_int=\count329
\l__siunitx_number_group_first_int=\count330
\l__siunitx_number_group_size_int=\count331
\l__siunitx_number_group_minimum_int=\count332
\l__siunitx_angle_tmp_dim=\dimen186
\l__siunitx_angle_marker_box=\box55
\l__siunitx_angle_unit_box=\box56
\l__siunitx_compound_count_int=\count333

(/usr/share/texmf-dist/tex/latex/translations/translations.sty
Package: translations 2022/02/05 v1.12 internationalization of LaTeX2e packages
 (CN)
)
\l__siunitx_table_tmp_box=\box57
\l__siunitx_table_tmp_dim=\dimen187
\l__siunitx_table_column_width_dim=\dimen188
\l__siunitx_table_integer_box=\box58
\l__siunitx_table_decimal_box=\box59
\l__siunitx_table_uncert_box=\box60
\l__siunitx_table_before_box=\box61
\l__siunitx_table_after_box=\box62
\l__siunitx_table_before_dim=\dimen189
\l__siunitx_table_carry_dim=\dimen190
\l__siunitx_unit_tmp_int=\count334
\l__siunitx_unit_position_int=\count335
\l__siunitx_unit_total_int=\count336

(/usr/share/texmf-dist/tex/latex/tools/array.sty
Package: array 2025/09/25 v2.6n Tabular extension package (FMi)
\col@sep=\dimen191
\ar@mcellbox=\box63
\extrarowheight=\dimen192
\NC@list=\toks26
\extratabsurround=\skip55
\backup@length=\skip56
\ar@cellbox=\box64
))
(/usr/share/texmf-dist/tex/latex/float/float.sty
Package: float 2001/11/08 v1.3d Float enhancements (AL)
\c@float@type=\count337
\float@exts=\toks27
\float@box=\box65
\@float@everytoks=\toks28
\@floatcapt=\box66
)
(/usr/share/texmf-dist/tex/latex/listings/listings.sty
\lst@mode=\count338
\lst@gtempboxa=\box67
\lst@token=\toks29
\lst@length=\count339
\lst@currlwidth=\dimen193
\lst@column=\count340
\lst@pos=\count341
\lst@lostspace=\dimen194
\lst@width=\dimen195
\lst@newlines=\count342
\lst@lineno=\count343
\lst@maxwidth=\dimen196

(/usr/share/texmf-dist/tex/latex/listings/lstpatch.sty
File: lstpatch.sty 2025/11/14 1.11b (Carsten Heinz)
)
(/usr/share/texmf-dist/tex/latex/listings/lstmisc.sty
File: lstmisc.sty 2025/11/14 1.11b (Carsten Heinz)
\c@lstnumber=\count344
\lst@skipnumbers=\count345
\lst@framebox=\box68
)
(/usr/share/texmf-dist/tex/latex/listings/listings.cfg
File: listings.cfg 2025/11/14 1.11b listings configuration
))
Package: listings 2025/11/14 1.11b (Carsten Heinz)

==> First Aid for listings.sty no longer applied!
    Expected:
        2024/09/23 1.10c (Carsten Heinz)
    but found:
        2025/11/14 1.11b (Carsten Heinz)
    so I'm assuming it got fixed.
(/usr/share/texmf-dist/tex/latex/tools/tabularx.sty
Package: tabularx 2023/12/11 v2.12a `tabularx' package (DPC)
\TX@col@width=\dimen197
\TX@old@table=\dimen198
\TX@old@col=\dimen199
\TX@target=\dimen256
\TX@delta=\dimen257
\TX@cols=\count346
\TX@ftn=\toks30
)
(/usr/share/texmf-dist/tex/latex/geometry/geometry.sty
Package: geometry 2020/01/02 v5.9 Page Geometry

(/usr/share/texmf-dist/tex/generic/iftex/ifvtex.sty
Package: ifvtex 2019/10/25 v1.7 ifvtex legacy package. Use iftex instead.
)
\Gm@cnth=\count347
\Gm@cntv=\count348
\c@Gm@tempcnt=\count349
\Gm@bindingoffset=\dimen258
\Gm@wd@mp=\dimen259
\Gm@odd@mp=\dimen260
\Gm@even@mp=\dimen261
\Gm@layoutwidth=\dimen262
\Gm@layoutheight=\dimen263
\Gm@layouthoffset=\dimen264
\Gm@layoutvoffset=\dimen265
\Gm@dimlist=\toks31
)
(/usr/share/texmf-dist/tex/latex/biblatex/biblatex.sty
Package: biblatex 2025/07/10 v3.21 programmable bibliographies (PK/MW)

(/usr/share/texmf-dist/tex/latex/logreq/logreq.sty
Package: logreq 2010/08/04 v1.0 xml request logger
\lrq@indent=\count350

(/usr/share/texmf-dist/tex/latex/logreq/logreq.def
File: logreq.def 2010/08/04 v1.0 logreq spec v1.0
))
(/usr/share/texmf-dist/tex/latex/base/ifthen.sty
Package: ifthen 2024/03/16 v1.1e Standard LaTeX ifthen package (DPC)
)
\c@tabx@nest=\count351
\c@listtotal=\count352
\c@listcount=\count353
\c@liststart=\count354
\c@liststop=\count355
\c@citecount=\count356
\c@citetotal=\count357
\c@multicitecount=\count358
\c@multicitetotal=\count359
\c@instcount=\count360
\c@maxnames=\count361
\c@minnames=\count362
\c@maxitems=\count363
\c@minitems=\count364
\c@citecounter=\count365
\c@maxcitecounter=\count366
\c@savedcitecounter=\count367
\c@uniquelist=\count368
\c@uniquename=\count369
\c@refsection=\count370
\c@refsegment=\count371
\c@maxextratitle=\count372
\c@maxextratitleyear=\count373
\c@maxextraname=\count374
\c@maxextradate=\count375
\c@maxextraalpha=\count376
\c@abbrvpenalty=\count377
\c@highnamepenalty=\count378
\c@lownamepenalty=\count379
\c@maxparens=\count380
\c@parenlevel=\count381
\blx@tempcnta=\count382
\blx@tempcntb=\count383
\blx@tempcntc=\count384
\c@blx@maxsection=\count385
\blx@maxsegment@0=\count386
\blx@notetype=\count387
\blx@parenlevel@text=\count388
\blx@parenlevel@foot=\count389
\blx@sectionciteorder@0=\count390
\blx@sectionciteorderinternal@0=\count391
\blx@entrysetcounter=\count392
\blx@biblioinstance=\count393
\labelnumberwidth=\skip57
\labelalphawidth=\skip58
\biblabelsep=\skip59
\bibitemsep=\skip60
\bibnamesep=\skip61
\bibinitsep=\skip62
\bibparsep=\skip63
\bibhang=\skip64
\blx@bcfin=\read3
\blx@bcfout=\write3
\blx@langwohyphens=\language9
\c@mincomprange=\count394
\c@maxcomprange=\count395
\c@mincompwidth=\count396
Package biblatex Info: Trying to load biblatex default data model...
Package biblatex Info: ... file 'blx-dm.def' found.

(/usr/share/texmf-dist/tex/latex/biblatex/blx-dm.def
File: blx-dm.def 2025/07/10 v3.21 biblatex datamodel (PK/MW)
)
Package biblatex Info: Trying to load biblatex style data model...
Package biblatex Info: ... file 'numeric.dbx' not found.
Package biblatex Info: Trying to load biblatex custom data model...
Package biblatex Info: ... file 'biblatex-dm.cfg' not found.
\c@afterword=\count397
\c@savedafterword=\count398
\c@annotator=\count399
\c@savedannotator=\count400
\c@author=\count401
\c@savedauthor=\count402
\c@bookauthor=\count403
\c@savedbookauthor=\count404
\c@commentator=\count405
\c@savedcommentator=\count406
\c@editor=\count407
\c@savededitor=\count408
\c@editora=\count409
\c@savededitora=\count410
\c@editorb=\count411
\c@savededitorb=\count412
\c@editorc=\count413
\c@savededitorc=\count414
\c@foreword=\count415
\c@savedforeword=\count416
\c@holder=\count417
\c@savedholder=\count418
\c@introduction=\count419
\c@savedintroduction=\count420
\c@namea=\count421
\c@savednamea=\count422
\c@nameb=\count423
\c@savednameb=\count424
\c@namec=\count425
\c@savednamec=\count426
\c@translator=\count427
\c@savedtranslator=\count428
\c@shortauthor=\count429
\c@savedshortauthor=\count430
\c@shorteditor=\count431
\c@savedshorteditor=\count432
\c@labelname=\count433
\c@savedlabelname=\count434
\c@institution=\count435
\c@savedinstitution=\count436
\c@lista=\count437
\c@savedlista=\count438
\c@listb=\count439
\c@savedlistb=\count440
\c@listc=\count441
\c@savedlistc=\count442
\c@listd=\count443
\c@savedlistd=\count444
\c@liste=\count445
\c@savedliste=\count446
\c@listf=\count447
\c@savedlistf=\count448
\c@location=\count449
\c@savedlocation=\count450
\c@organization=\count451
\c@savedorganization=\count452
\c@origlocation=\count453
\c@savedoriglocation=\count454
\c@origpublisher=\count455
\c@savedorigpublisher=\count456
\c@publisher=\count457
\c@savedpublisher=\count458
\c@language=\count459
\c@savedlanguage=\count460
\c@origlanguage=\count461
\c@savedoriglanguage=\count462
\c@pageref=\count463
\c@savedpageref=\count464
\shorthandwidth=\skip65
\shortjournalwidth=\skip66
\shortserieswidth=\skip67
\shorttitlewidth=\skip68
\shortauthorwidth=\skip69
\shorteditorwidth=\skip70
\locallabelnumberwidth=\skip71
\locallabelalphawidth=\skip72
\localshorthandwidth=\skip73
\localshortjournalwidth=\skip74
\localshortserieswidth=\skip75
\localshorttitlewidth=\skip76
\localshortauthorwidth=\skip77
\localshorteditorwidth=\skip78
Package biblatex Info: Trying to load compatibility code...
Package biblatex Info: ... file 'blx-compat.def' found.

(/usr/share/texmf-dist/tex/latex/biblatex/blx-compat.def
File: blx-compat.def 2025/07/10 v3.21 biblatex compatibility (PK/MW)
)
Package biblatex Info: Trying to load generic definitions...
Package biblatex Info: ... file 'biblatex.def' found.

(/usr/share/texmf-dist/tex/latex/biblatex/biblatex.def
File: biblatex.def 2025/07/10 v3.21 biblatex compatibility (PK/MW)
\c@textcitecount=\count465
\c@textcitetotal=\count466
\c@textcitemaxnames=\count467
\c@biburlbigbreakpenalty=\count468
\c@biburlbreakpenalty=\count469
\c@biburlnumpenalty=\count470
\c@biburlucpenalty=\count471
\c@biburllcpenalty=\count472
\biburlbigskip=\muskip19
\biburlnumskip=\muskip20
\biburlucskip=\muskip21
\biburllcskip=\muskip22
\c@smartand=\count473
)
Package biblatex Info: Trying to load natbib compatibility...
Package biblatex Info: ... file 'blx-natbib.def' found.

(/usr/share/texmf-dist/tex/latex/biblatex/blx-natbib.def
File: blx-natbib.def 2025/07/10 v3.21 biblatex compatibility (PK/MW)
Package biblatex Info: Delimiter 'nameyeardelim' in context '' already defined,
 overwriting.
)
Package biblatex Info: Trying to load bibliography style 'numeric'...
Package biblatex Info: ... file 'numeric.bbx' found.

(/usr/share/texmf-dist/tex/latex/biblatex/bbx/numeric.bbx
File: numeric.bbx 2025/07/10 v3.21 biblatex bibliography style (PK/MW)
Package biblatex Info: Trying to load bibliography style 'standard'...
Package biblatex Info: ... file 'standard.bbx' found.

(/usr/share/texmf-dist/tex/latex/biblatex/bbx/standard.bbx
File: standard.bbx 2025/07/10 v3.21 biblatex bibliography style (PK/MW)
\c@bbx:relatedcount=\count474
\c@bbx:relatedtotal=\count475
))
Package biblatex Info: Trying to load citation style 'numeric'...
Package biblatex Info: ... file 'numeric.cbx' found.

(/usr/share/texmf-dist/tex/latex/biblatex/cbx/numeric.cbx
File: numeric.cbx 2025/07/10 v3.21 biblatex citation style (PK/MW)
Package biblatex Info: Redefining '\cite'.
Package biblatex Info: Redefining '\parencite'.
Package biblatex Info: Redefining '\footcite'.
Package biblatex Info: Redefining '\footcitetext'.
Package biblatex Info: Redefining '\smartcite'.
Package biblatex Info: Redefining '\supercite'.
Package biblatex Info: Redefining '\textcite'.
Package biblatex Info: Redefining '\textcites'.
Package biblatex Info: Redefining '\cites'.
Package biblatex Info: Redefining '\parencites'.
Package biblatex Info: Redefining '\smartcites'.
)
Package biblatex Info: Trying to load configuration file...
Package biblatex Info: ... file 'biblatex.cfg' found.

(/usr/share/texmf-dist/tex/latex/biblatex/biblatex.cfg
File: biblatex.cfg 
)
Package biblatex Info: Input encoding 'utf8' detected.
Package biblatex Info: Document encoding is UTF8 ....

(/usr/share/texmf-dist/tex/latex/l3kernel/expl3.sty
Package: expl3 2026-01-19 L3 programming layer (loader) 

(/usr/share/texmf-dist/tex/latex/l3backend/l3backend-pdftex.def
File: l3backend-pdftex.def 2025-10-09 L3 backend support: PDF output (pdfTeX)
\l__color_backend_stack_int=\count476
))
Package biblatex Info: ... and expl3
(biblatex)             2026-01-19 L3 programming layer (loader) 
(biblatex)             is new enough (at least 2020/04/06),
(biblatex)             setting 'casechanger=expl3'.

(/usr/share/texmf-dist/tex/latex/biblatex/blx-case-expl3.sty
(/usr/share/texmf-dist/tex/latex/l3packages/xparse/xparse.sty
Package: xparse 2025-10-09 L3 Experimental document command parser
)
Package: blx-case-expl3 2025/07/10 v3.21 expl3 case changing code for biblatex
))
Package csquotes Info: Checking for multilingual support...
Package csquotes Info: ... found 'babel' package.
Package csquotes Info: Adjusting default style.
Package csquotes Info: Redefining alias 'default' -> 'ngerman'.

(/usr/share/texmf-dist/tex/latex/graphics/color.sty
Package: color 2025/01/14 v1.3e Standard LaTeX Color (DPC)

(/usr/share/texmf-dist/tex/latex/graphics-cfg/color.cfg
File: color.cfg 2016/01/02 v1.6 sample color configuration
)
Package color Info: Driver file: pdftex.def on input line 149.

(/usr/share/texmf-dist/tex/latex/graphics/mathcolor.ltx)) (./main.aux
Package babel Info: 'ngerman' activates 'german' shorthands.
(babel)             Reported on input line 13.
)
\openout1 = `main.aux'.

LaTeX Font Info:    Checking defaults for OML/cmm/m/it on input line 35.
LaTeX Font Info:    ... okay on input line 35.
LaTeX Font Info:    Checking defaults for OMS/cmsy/m/n on input line 35.
LaTeX Font Info:    ... okay on input line 35.
LaTeX Font Info:    Checking defaults for OT1/cmr/m/n on input line 35.
LaTeX Font Info:    ... okay on input line 35.
LaTeX Font Info:    Checking defaults for T1/cmr/m/n on input line 35.
LaTeX Font Info:    ... okay on input line 35.
LaTeX Font Info:    Checking defaults for TS1/cmr/m/n on input line 35.
LaTeX Font Info:    ... okay on input line 35.
LaTeX Font Info:    Checking defaults for OMX/cmex/m/n on input line 35.
LaTeX Font Info:    ... okay on input line 35.
LaTeX Font Info:    Checking defaults for U/cmr/m/n on input line 35.
LaTeX Font Info:    ... okay on input line 35.
LaTeX Font Info:    Checking defaults for PD1/pdf/m/n on input line 35.
LaTeX Font Info:    ... okay on input line 35.
LaTeX Font Info:    Checking defaults for PU/pdf/m/n on input line 35.
LaTeX Font Info:    ... okay on input line 35.

(/usr/share/texmf-dist/tex/context/base/mkii/supp-pdf.mkii
[Loading MPS to PDF converter (version 2006.09.02).]
\scratchcounter=\count477
\scratchdimen=\dimen266
\scratchbox=\box69
\nofMPsegments=\count478
\nofMParguments=\count479
\everyMPshowfont=\toks32
\MPscratchCnt=\count480
\MPscratchDim=\dimen267
\MPnumerator=\count481
\makeMPintoPDFobject=\count482
\everyMPtoPDFconversion=\toks33
) (/usr/share/texmf-dist/tex/latex/epstopdf-pkg/epstopdf-base.sty
Package: epstopdf-base 2020-01-24 v2.11 Base part for package epstopdf
Package epstopdf-base Info: Redefining graphics rule for `.eps' on input line 4
85.

(/usr/share/texmf-dist/tex/latex/latexconfig/epstopdf-sys.cfg
File: epstopdf-sys.cfg 2010/07/13 v1.3 Configuration of (r)epstopdf for TeX Liv
e
))
Package hyperref Info: Link coloring OFF on input line 35.
 (./main.out)
(./main.out)
\@outlinefile=\write4
\openout4 = `main.out'.

Package caption Info: Begin \AtBeginDocument code.
Package caption Info: float package is loaded.
Package caption Info: listings package is loaded.
Package caption Info: End \AtBeginDocument code.

(/usr/share/texmf-dist/tex/latex/translations/translations-basic-dictionary-ger
man.trsl
File: translations-basic-dictionary-german.trsl (german translation file `trans
lations-basic-dictionary')
)
Package translations Info: loading dictionary `translations-basic-dictionary' f
or `german'. on input line 35.
\c@lstlisting=\count483

*geometry* driver: auto-detecting
*geometry* detected driver: pdftex
*geometry* verbose mode - [ preamble ] result:
* driver: pdftex
* paper: a4paper
* layout: <same size as paper>
* layoutoffset:(h,v)=(0.0pt,0.0pt)
* modes: 
* h-part:(L,W,R)=(42.67912pt, 512.14963pt, 42.67912pt)
* v-part:(T,H,B)=(56.9055pt, 731.23584pt, 56.9055pt)
* \paperwidth=597.50787pt
* \paperheight=845.04684pt
* \textwidth=512.14963pt
* \textheight=731.23584pt
* \oddsidemargin=-29.59087pt
* \evensidemargin=-29.59087pt
* \topmargin=-52.36449pt
* \headheight=12.0pt
* \headsep=25.0pt
* \topskip=11.0pt
* \footskip=30.0pt
* \marginparwidth=4.0pt
* \marginparsep=10.0pt
* \columnsep=17.07182pt
* \skip\footins=10.0pt plus 4.0pt minus 2.0pt
* \hoffset=0.0pt
* \voffset=0.0pt
* \mag=1000
* \@twocolumntrue
* \@twosidefalse
* \@mparswitchfalse
* \@reversemarginfalse
* (1in=72.27pt=25.4mm, 1cm=28.453pt)

Package biblatex Info: Trying to load language 'ngerman'...
Package biblatex Info: ... file 'ngerman.lbx' found.
(/usr/share/texmf-dist/tex/latex/biblatex/lbx/ngerman.lbx
File: ngerman.lbx 2025/07/10 v3.21 biblatex localization (PK/MW)
Package biblatex Info: Trying to load language 'german'...
Package biblatex Info: ... file 'german.lbx' found.

(/usr/share/texmf-dist/tex/latex/biblatex/lbx/german.lbx
File: german.lbx 2025/07/10 v3.21 biblatex localization (PK/MW)
)
Package biblatex Info: Trying to load language 'german'...
Package biblatex Info: ... file 'german.lbx' found.

(/usr/share/texmf-dist/tex/latex/biblatex/lbx/german.lbx
File: german.lbx 2025/07/10 v3.21 biblatex localization (PK/MW)
))
Package biblatex Info: Input encoding 'utf8' detected.
Package biblatex Info: Automatic encoding selection.
(biblatex)             Assuming data encoding 'utf8'.
\openout3 = `main.bcf'.

Package biblatex Info: Trying to load bibliographic data...
Package biblatex Info: ... file 'main.bbl' found.
 (./main.bbl)
Package biblatex Info: Reference section=0 on input line 35.
Package biblatex Info: Reference segment=0 on input line 35.
LaTeX Font Info:    Trying to load font information for U+msa on input line 42.


(/usr/share/texmf-dist/tex/latex/amsfonts/umsa.fd
File: umsa.fd 2013/01/14 v3.01 AMS symbols A
)
LaTeX Font Info:    Trying to load font information for U+msb on input line 42.


(/usr/share/texmf-dist/tex/latex/amsfonts/umsb.fd
File: umsb.fd 2013/01/14 v3.01 AMS symbols B
) (./sections/abstract.tex)
(./sections/01_introduction.tex [1{/var/lib/texmf/fonts/map/pdftex/updmap/pdfte
x.map}{/usr/share/texmf-dist/fonts/enc/dvips/cm-super/cm-super-t1.enc}


]
Underfull \hbox (badness 10000) in paragraph at lines 21--22
[]\T1/cmr/m/n/10.95 Sagt die schicht-wei-se Verlust-Krümmung
 []


Underfull \hbox (badness 10000) in paragraph at lines 21--22
\T1/cmr/m/n/10.95 (Hessian-Spur) vor-her, wel-che Schich-ten
 []


Underfull \hbox (badness 10000) in paragraph at lines 21--22
\T1/cmr/m/n/10.95 tat-säch-lich den gröÿ-ten PoT-Gewichts-
 []


Underfull \hbox (badness 10000) in paragraph at lines 21--22
\T1/cmr/m/n/10.95 Quantisierungsschaden er-lei-den, und wie
 []

) (./sections/02_fundamentals.tex
Underfull \hbox (badness 1077) in paragraph at lines 12--13
\T1/cmr/m/n/10.95 (PTQ) wird ein be-reits fer-tig trai-nier-tes FP32-
 []

[2]
Underfull \hbox (badness 8151) in paragraph at lines 21--22
\T1/cmr/m/n/10.95 ist das kon-kre-te Git-ter maÿ-geb-lich. Die in
 []


Underfull \hbox (badness 10000) in paragraph at lines 21--22
\T1/cmr/m/n/10.95 die-sem Pro-jekt ver-wen-de-te Im-ple-men-tie-rung
 []


Underfull \hbox (badness 10000) in paragraph at lines 21--22
\T1/cmr/m/n/10.95 (\T1/cmtt/m/n/10.95 src/quantization/quantizer.py\T1/cmr/m/n/
10.95 ) run-det ele-
 []


Underfull \hbox (badness 10000) in paragraph at lines 21--22
\T1/cmr/m/n/10.95 ment-wei-se, oh-ne Ska-lie-rungs-fak-tor und oh-ne
 []


Overfull \hbox (84.51991pt too wide) detected at line 24
\OML/cmm/m/it/10.95 e\OT1/cmr/m/n/10.95 (\OML/cmm/m/it/10.95 w\OT1/cmr/m/n/10.9
5 ) = [][][]([][] \OMS/cmsy/m/n/10.95 j\OML/cmm/m/it/10.95 w\OMS/cmsy/m/n/10.95
 j\OT1/cmr/m/n/10.95 )\OML/cmm/m/it/10.95 ;  e[];  e[][];  Q\OT1/cmr/m/n/10.95 
(\OML/cmm/m/it/10.95 w\OT1/cmr/m/n/10.95 ) = [](\OML/cmm/m/it/10.95 w\OT1/cmr/m
/n/10.95 ) \OMS/cmsy/m/n/10.95 ^^A \OT1/cmr/m/n/10.95 2[]\OML/cmm/m/it/10.95 ;
 []


Underfull \hbox (badness 10000) in paragraph at lines 27--27
[]\T1/cmr/bx/n/12 Die Hessian-Matrix und Krüm-
 []


Underfull \hbox (badness 1292) in paragraph at lines 41--42
\T1/cmr/m/n/10.95 mung über al-le Ge-wichts-rich-tun-gen an-gibt. Der
 []


Underfull \hbox (badness 1960) in paragraph at lines 44--45
\T1/cmr/m/n/10.95 Ansatz (in-klu-si-ve Top-Eigenwert-Schätzung über
 []

[3]
Underfull \hbox (badness 10000) in paragraph at lines 57--57
[]\T1/cmr/bx/n/12 Hessian-Spektrum und Random-
 []


Underfull \hbox (badness 10000) in paragraph at lines 68--68
[]\T1/cmr/bx/n/12 Aktivierungsquantisierung und
 []

[4]) (./sections/03_related_work.tex
Underfull \hbox (badness 1127) in paragraph at lines 4--5
\T1/cmr/m/n/10.95 Krümmung als Si-gnal fu-er die Bit-Zuteilung in
 []


Underfull \hbox (badness 3029) in paragraph at lines 4--5
\T1/cmr/m/n/10.95 gemischt-präzisen Quan-ti-sie-rungs-sche-ma-ta (Ÿ[]2.3[]).
 []


Underfull \hbox (badness 3343) in paragraph at lines 13--14
\T1/cmr/m/n/10.95 Ge-wichts-kruem-mung un-ab-hän-gi-gen Me-cha-nis-mus
 []


Underfull \hbox (badness 1097) in paragraph at lines 13--14
\T1/cmr/m/n/10.95 (Ÿ[]2.5[]). BRECQ [[]18[]] adres-siert PTQ durch ei-ne
 []

) (./sections/04_methodology.tex
Underfull \hbox (badness 1694) in paragraph at lines 7--8
\T1/cmr/m/n/10.95 Fuer die-ses Pro-jekt wer-den drei Convolutional-
 []


Underfull \hbox (badness 3333) in paragraph at lines 7--8
\T1/cmr/m/n/10.95 Neural-Networks (CNNs) un-ter-sucht. Ein kom-
 []


Underfull \hbox (badness 1742) in paragraph at lines 7--8
\T1/cmr/m/n/10.95 [[]8[]] und \T1/cmtt/m/n/10.95 ResNet-50 \T1/cmr/m/n/10.95 [[
]8[]]. Bei-de ResNet-Varianten
 []


Underfull \hbox (badness 2368) in paragraph at lines 7--8
\T1/cmr/m/n/10.95 wer-den oh-ne vor-trai-nier-te Ge-wich-te in-stan-zi-iert
 []


Underfull \hbox (badness 10000) in paragraph at lines 7--8
\T1/cmr/m/n/10.95 (\T1/cmtt/m/n/10.95 resnet18_no_weights\T1/cmr/m/n/10.95 , \T
1/cmtt/m/n/10.95 resnet50_no_weights\T1/cmr/m/n/10.95 )
 []


Underfull \hbox (badness 2103) in paragraph at lines 7--8
\T1/cmr/m/n/10.95 und voll-staen-dig von Grund auf trai-niert. Die
 []


Underfull \hbox (badness 1412) in paragraph at lines 7--8
\T1/cmr/m/n/10.95 drei Ar-chi-tek-tu-ren span-nen ei-ne Grö-ÿen-ord-nung
 []


Underfull \hbox (badness 2277) in paragraph at lines 7--8
\T1/cmr/m/n/10.95 Nor-ma-li-sie-rung der Top-$\OML/cmm/m/it/10.95 k$\T1/cmr/m/n
/10.95 -Auswertung in Ÿ[]4.4.1[]
 []

[5]
Underfull \hbox (badness 10000) in paragraph at lines 13--14
[]\T1/cmr/m/n/10.95 Jede der sechs Architektur$\OMS/cmsy/m/n/10.95 ^^B$\T1/cmr/
m/n/10.95 Datensatz-
 []


Underfull \hbox (badness 4168) in paragraph at lines 13--14
\T1/cmr/m/n/10.95 Kombinationen wird mit ei-nem Trainings-Seed
 []


Underfull \hbox (badness 10000) in paragraph at lines 13--14
\T1/cmr/m/n/10.95 trai-niert. Für je-de Kom-bi-na-ti-on wer-den das
 []


Underfull \hbox (badness 2486) in paragraph at lines 13--14
\T1/cmr/m/n/10.95 FP32-Basismodell, ei-ne PTQ-Variante und ei-ne
 []


Underfull \hbox (badness 10000) in paragraph at lines 16--17
[]\T1/cmr/m/n/10.95 Die PoT-Implementierung
 []


Underfull \hbox (badness 10000) in paragraph at lines 16--17
\T1/cmr/m/n/10.95 (\T1/cmtt/m/n/10.95 src/quantization/quantizer.py\T1/cmr/m/n/
10.95 ) run-det je-
 []


Underfull \hbox (badness 1728) in paragraph at lines 16--17
\T1/cmr/m/n/10.95 den Ge-wichts-wert ele-ment-wei-se auf die nächs-te
 []


Underfull \hbox (badness 1924) in paragraph at lines 16--17
\T1/cmr/m/n/10.95 je-des Mo-dell und je-den Da-ten-satz; die ge-naue
 []


Underfull \hbox (badness 10000) in paragraph at lines 27--28
[]\T1/cmr/bx/n/10.95 Proben-Seeds: \T1/cmr/m/n/10.95 drei fes-te Seeds
 []


Underfull \hbox (badness 10000) in paragraph at lines 27--28
\T1/cmr/m/n/10.95 (42, 43, 44), de-ren Er-geb-nis-se zu
 []


Underfull \hbox (badness 3396) in paragraph at lines 27--28
\T1/cmr/m/n/10.95 Mittelwert$\OMS/cmsy/m/n/10.95 ^^F$\T1/cmr/m/n/10.95 Standard
abweichung pro Schicht
 []


Underfull \hbox (badness 4341) in paragraph at lines 28--29
[]\T1/cmr/bx/n/10.95 Determinismus: \T1/cmr/m/n/10.95 de-ter-mi-nis-ti-sche Al-
go-rith-
 []


Underfull \hbox (badness 1168) in paragraph at lines 39--40
\T1/cmr/m/n/10.95 einen Schicht per PoT quan-ti-siert, wäh-rend al-
 []


Underfull \hbox (badness 1226) in paragraph at lines 39--40
\T1/cmr/m/n/10.95 ge-sam-ten Netz auf FP32 ver-blei-ben. Im-ple-men-
 []


Underfull \hbox (badness 10000) in paragraph at lines 46--48
\T1/cmr/m/n/10.95 wobei $[][]\OT1/cmr/m/n/10.95 (\OML/cmm/m/it/10.95 l\OT1/cmr/
m/n/10.95 )$ \T1/cmr/m/n/10.95 der mitt-le-re Validation-
 []


Underfull \hbox (badness 10000) in paragraph at lines 46--48
\T1/cmr/m/n/10.95 CrossEntropy-Loss des Mo-dells mit iso-liert
 []


Underfull \hbox (badness 3333) in paragraph at lines 46--48
\T1/cmr/m/n/10.95 des un-ver-än-der-ten FP32-Modells. Ein po-si-ti-ver
 []

[6{/usr/share/texmf-dist/fonts/enc/dvips/cm-super/cm-super-ts1.enc}]
Underfull \hbox (badness 1158) in paragraph at lines 72--74
\T1/cmr/m/n/10.95 wobei $\OMS/cmsy/m/n/10.95 L$ \T1/cmr/m/n/10.95 der über den 
Probe-Batch mittelwert-
 []


Underfull \hbox (badness 10000) in paragraph at lines 78--78
[]\T1/cmr/bx/n/10.95 Groeÿennormalisierung der Top-$\OML/cmm/m/it/10.95 k$\T1/c
mr/bx/n/10.95 -
 []


Package hyperref Warning: Token not allowed in a PDF string (Unicode):
(hyperref)                removing `math shift' on input line 78.


Package hyperref Warning: Token not allowed in a PDF string (Unicode):
(hyperref)                removing `math shift' on input line 78.


Underfull \hbox (badness 10000) in paragraph at lines 83--83
[]\T1/cmr/bx/n/12 Gewichts- vs. Aktivierungs-
 []

[7]
<figures/fig_02_pipeline_overview.pdf, id=348, 505.89pt x 187.902pt>
File: figures/fig_02_pipeline_overview.pdf Graphic file (type pdf)
<use figures/fig_02_pipeline_overview.pdf>
Package pdftex.def Info: figures/fig_02_pipeline_overview.pdf  used on input li
ne 95.
(pdftex.def)             Requested size: 512.14963pt x 190.22966pt.

Underfull \hbox (badness 1675) in paragraph at lines 112--113
\T1/cmr/m/n/10.95 Spike-Schicht je-des Mo-dells ver-sucht, die be-ob-
 []


Underfull \hbox (badness 3148) in paragraph at lines 112--113
\T1/cmr/m/n/10.95 ach-te-te Kruem-mungs-er-hö-hung über die KFAC-
 []

) (./sections/05_results.tex
Underfull \hbox (badness 5446) in paragraph at lines 117--1
\T1/cmr/m/n/10.95 Um zu prü-fen, ob der theo-re-ti-sche Bitshift-
 []


Underfull \hbox (badness 5637) in paragraph at lines 117--1
\T1/cmr/m/n/10.95 Vorteil von PoT (Ÿ[]2.1[]) auf rea-ler Hard-wa-re
 []


Underfull \hbox (badness 6110) in paragraph at lines 117--1
\T1/cmr/m/n/10.95 tat-säch-lich in ei-ne kür-ze-re In-fe-renz-zeit über-
 []


Underfull \hbox (badness 3758) in paragraph at lines 117--1
\T1/cmr/m/n/10.95 geht, wer-den zwei Deployment-Pfade eva-lu-iert.
 []


Underfull \hbox (badness 10000) in paragraph at lines 117--1
\T1/cmr/m/n/10.95 DIA A100-GPU (Com-pu-te Ca-pa-bi-li-ty 8.0).
 []


Underfull \hbox (badness 10000) in paragraph at lines 117--1
\T1/cmr/m/n/10.95 Da-bei wer-den tor-cha-os INT8-Konfigurationen
 []


Underfull \hbox (badness 10000) in paragraph at lines 117--1
\T1/cmr/m/n/10.95 (\T1/cmtt/m/n/10.95 Int8DynamicActivationInt8WeightConfig
 []


Underfull \hbox (badness 10000) in paragraph at lines 117--1
\T1/cmr/m/n/10.95 für die dy-na-mi-sche Ak-ti-vie-rungs-quan-ti-sie-rung,
 []


Underfull \hbox (badness 1472) in paragraph at lines 117--1
\T1/cmtt/m/n/10.95 IntxWeightOnlyConfig \T1/cmr/m/n/10.95 fu-er die rei-ne Ge-w
ichts-
 []


Underfull \hbox (badness 10000) in paragraph at lines 117--1
\T1/cmr/m/n/10.95 quan-ti-sie-rung) auf al-le sechs Kom-bi-na-tio-nen
 []


Underfull \hbox (badness 10000) in paragraph at lines 117--1
\T1/cmr/m/n/10.95 mit AVX-512-VNNI-Unterstützung (Ziel-sys-tem:
 []


Underfull \hbox (badness 1354) in paragraph at lines 117--1
\T1/cmr/m/n/10.95 ti-sier-te Conv2d- und Linear-Kernel ein-setzt, im
 []


Underfull \hbox (badness 3590) in paragraph at lines 7--8
\T1/cmr/m/n/10.95 Tabelle []1[] fasst die FP32-, PTQ- und QAT-
 []


Underfull \hbox (badness 10000) in paragraph at lines 7--8
\T1/cmr/m/n/10.95 Kombinationen zu-sam-men (Quel-le:
 []


Underfull \hbox (badness 10000) in paragraph at lines 7--8
\T1/cmtt/m/n/10.95 pipeline_summary.csv\T1/cmr/m/n/10.95 , \T1/cmtt/m/n/10.95 p
tq_summary.csv\T1/cmr/m/n/10.95 ,
 []


Underfull \hbox (badness 10000) in paragraph at lines 7--8
\T1/cmtt/m/n/10.95 qat_summary.csv\T1/cmr/m/n/10.95 ). PTQ ver-ur-sacht durch-w
eg
 []


Underfull \hbox (badness 1968) in paragraph at lines 7--8
\T1/cmr/m/n/10.95 einen Ge-nau-ig-keits-ver-lust, der auf Image-Net100
 []


Underfull \hbox (badness 1043) in paragraph at lines 7--8
\T1/cmr/m/n/10.95 je-der Kom-bi-na-ti-on so-gar die FP32-Baseline, am
 []


Underfull \hbox (badness 2126) in paragraph at lines 7--8
\T1/cmr/m/n/10.95 deut-lichs-ten beim \T1/cmtt/m/n/10.95 cnn \T1/cmr/m/n/10.95 
auf Image-Net100 (FP32
 []


Underfull \hbox (badness 2050) in paragraph at lines 7--8
\T1/cmr/m/n/10.95 FP32, $\OT1/cmr/m/n/10.95 +26\OML/cmm/m/it/10.95 :\OT1/cmr/m/
n/10.95 12$ \T1/cmr/m/n/10.95 Punk-te ge-gen-über PTQ). Die-ser
 []


Underfull \hbox (badness 3323) in paragraph at lines 7--8
\T1/cmr/m/n/10.95 ti-sie-rungs-rau-schen als im-pli-zi-ter Re-gu-la-ri-sie-rung

 []


Underfull \hbox (badness 10000) in paragraph at lines 33--34
\T1/cmr/m/n/10.95 Tabelle []2[] zer-legt den PTQ- und QAT-
 []


Underfull \hbox (badness 10000) in paragraph at lines 33--34
\T1/cmr/m/n/10.95 Genauigkeitsverlust in einen Gewichts-
 []


Underfull \hbox (badness 10000) in paragraph at lines 33--34
\T1/cmr/m/n/10.95 und einen Ak-ti-vie-rungs-an-teil (Quel-le:
 []


Underfull \hbox (badness 10000) in paragraph at lines 33--34
\T1/cmtt/m/n/10.95 activation_decomposition.csv\T1/cmr/m/n/10.95 ; aus-schlieÿ-
lich
 []


Underfull \hbox (badness 1270) in paragraph at lines 33--34
\T1/cmr/m/n/10.95 al-len drei Ar-chi-tek-tu-ren der Ge-wichts-an-teil den
 []

[8]
Underfull \hbox (badness 10000) in paragraph at lines 38--38
[]\T1/cmr/m/n/10.95 Tabelle 2: |Gewichts- vs. Aktivierungs-
 []


Underfull \hbox (badness 10000) in paragraph at lines 38--38
\T1/cmr/m/n/10.95 Dekomposition, CI-FAR10 (Pro-zent-punk-te ge-
 []


Underfull \vbox (badness 4699) has occurred while \output is active []


Underfull \hbox (badness 10000) in paragraph at lines 57--58
[]\T1/cmr/m/n/10.95 Ergänzend zeigt die Aktivierungs-
 []


Underfull \hbox (badness 10000) in paragraph at lines 57--58
\T1/cmr/m/n/10.95 Ablationsanalyse (\T1/cmtt/m/n/10.95 activation_ablation.csv\
T1/cmr/m/n/10.95 ),
 []


Underfull \hbox (badness 1881) in paragraph at lines 57--58
\T1/cmr/m/n/10.95 der fünf am stärks-ten aus-rei-ÿen-den Schich-ten).
 []


Underfull \hbox (badness 4048) in paragraph at lines 57--58
\T1/cmr/m/n/10.95 Aktivierungs-Ausreiÿer sind zwar mess-bar vor-
 []


Underfull \hbox (badness 10000) in paragraph at lines 57--58
\T1/cmr/m/n/10.95 han-den (\T1/cmtt/m/n/10.95 outlier_factor \T1/cmr/m/n/10.95 
ty-pi-scher-wei-se $\OT1/cmr/m/n/10.95 3$\T1/cmr/m/n/10.95 --$\OT1/cmr/m/n/10.9
5 5\OMS/cmsy/m/n/10.95 ^^B$
 []


Underfull \hbox (badness 4479) in paragraph at lines 57--58
\T1/cmr/m/n/10.95 bei Fal-tungs-schich-ten, \T1/cmtt/m/n/10.95 activation_range
s.csv\T1/cmr/m/n/10.95 ),
 []


Underfull \hbox (badness 10000) in paragraph at lines 57--58
\T1/cmr/m/n/10.95 be-ob-ach-te-ten ^^R   do-mi-nant=Gewicht^^P -Befund für
 []


Underfull \hbox (badness 10000) in paragraph at lines 62--63
\T1/cmr/m/n/10.95 Tabelle []3[] ver-gleicht die Trace der \T1/cmtt/m/n/10.95 co
nv1\T1/cmr/m/n/10.95 -
 []


Underfull \hbox (badness 10000) in paragraph at lines 62--63
\T1/cmr/m/n/10.95 Schicht bei zu-fäl-li-ger In-itia-li-sie-rung
 []


Underfull \hbox (badness 10000) in paragraph at lines 62--63
\T1/cmr/m/n/10.95 (Mittelwert$\OMS/cmsy/m/n/10.95 ^^F$\T1/cmr/m/n/10.95 Standar
dabweichung über drei
 []


Underfull \hbox (badness 10000) in paragraph at lines 62--63
\T1/cmr/m/n/10.95 Init-Seeds) mit der Trace des-sel-ben Lay-
 []


Underfull \hbox (badness 6316) in paragraph at lines 62--63
\T1/cmr/m/n/10.95 outs nach Trai-ning (FP32, un-fu-sio-nier-te Ba-
 []


Underfull \hbox (badness 10000) in paragraph at lines 62--63
\T1/cmr/m/n/10.95 sis; Quel-le: \T1/cmtt/m/n/10.95 random_init_comparison.csv\T
1/cmr/m/n/10.95 ,
 []


Underfull \vbox (badness 2368) has occurred while \output is active []

 [9 <./figures/fig_02_pipeline_overview.pdf>]
Underfull \hbox (badness 1430) in paragraph at lines 80--81
\T1/cmr/m/n/10.95 lich zu-nimmt (\T1/cmtt/m/n/10.95 elev_over_median_random$\OT
1/cmr/m/n/10.95 = 0\OML/cmm/m/it/10.95 :\OT1/cmr/m/n/10.95 10$
 []


Underfull \hbox (badness 1067) in paragraph at lines 80--81
\T1/cmr/m/n/10.95 vol-le Trace-Profil-Vergleich (al-le Schich-ten, nicht
 []


Underfull \vbox (badness 6641) has occurred while \output is active []


Underfull \hbox (badness 10000) in paragraph at lines 108--109
[]\T1/cmr/m/n/10.95 Um die-se Dis-kre-pan-zen zu er-klä-ren, wird
 []


Underfull \hbox (badness 10000) in paragraph at lines 108--109
\T1/cmr/m/n/10.95 ein sys-te-ma-ti-scher Sweep über Ba-sis (fu-sio-
 []


Underfull \hbox (badness 10000) in paragraph at lines 108--109
\T1/cmr/m/n/10.95 niert/unfusioniert), Loss-Reduktion (Mit-tel-
 []


Underfull \hbox (badness 1019) in paragraph at lines 108--109
\T1/cmr/m/n/10.95 oder un-ge-see-de-te Trai-nings-da-ten mit Aug-men-ta-
 []


Underfull \hbox (badness 5832) in paragraph at lines 108--109
\T1/cmr/m/n/10.95 min-des-tens ei-ne Gro-e-ÿen-ord-nung von $\OT1/cmr/m/n/10.95
 13 161\OML/cmm/m/it/10.95 :\OT1/cmr/m/n/10.95 8$
 []


Underfull \hbox (badness 10000) in paragraph at lines 115--116
\T1/cmr/m/n/10.95 Batch-Normalisierungs-Fusion al-lein er-höht die
 []


Underfull \hbox (badness 7379) in paragraph at lines 115--116
\T1/cmtt/m/n/10.95 conv1\T1/cmr/m/n/10.95 -Trace be-reits, be-vor über-haupt qu
an-ti-
 []


Underfull \hbox (badness 10000) in paragraph at lines 115--116
\T1/cmr/m/n/10.95 siert wird (Ver-hält-nis fu-sio-niert/unfusioniert,
 []


Underfull \hbox (badness 10000) in paragraph at lines 115--116
\T1/cmr/m/n/10.95 FP32, \T1/cmtt/m/n/10.95 canonical_traces.csv\T1/cmr/m/n/10.9
5 ): $\OT1/cmr/m/n/10.95 11\OML/cmm/m/it/10.95 :\OT1/cmr/m/n/10.95 7\OMS/cmsy/m
/n/10.95 ^^B$ \T1/cmr/m/n/10.95 bei
 []


Underfull \hbox (badness 1642) in paragraph at lines 115--116
\T1/cmr/m/n/10.95 ResNet-50 ($\OT1/cmr/m/n/10.95 174\OML/cmm/m/it/10.95 :\OT1/c
mr/m/n/10.95 5$ \T1/cmr/m/n/10.95 vs. $\OT1/cmr/m/n/10.95 14\OML/cmm/m/it/10.95
 :\OT1/cmr/m/n/10.95 9$\T1/cmr/m/n/10.95 ), $\OT1/cmr/m/n/10.95 10\OML/cmm/m/it
/10.95 :\OT1/cmr/m/n/10.95 7\OMS/cmsy/m/n/10.95 ^^B$ \T1/cmr/m/n/10.95 bei ResN
et-
 []


Underfull \hbox (badness 6220) in paragraph at lines 115--116
\T1/cmr/m/n/10.95 18 ($\OT1/cmr/m/n/10.95 182\OML/cmm/m/it/10.95 :\OT1/cmr/m/n/
10.95 1$ \T1/cmr/m/n/10.95 vs. $\OT1/cmr/m/n/10.95 17\OML/cmm/m/it/10.95 :\OT1/
cmr/m/n/10.95 0$\T1/cmr/m/n/10.95 ), $\OT1/cmr/m/n/10.95 7\OML/cmm/m/it/10.95 :
\OT1/cmr/m/n/10.95 3\OMS/cmsy/m/n/10.95 ^^B$ \T1/cmr/m/n/10.95 beim \T1/cmtt/m/
n/10.95 cnn \T1/cmr/m/n/10.95 ($\OT1/cmr/m/n/10.95 460\OML/cmm/m/it/10.95 :\OT1
/cmr/m/n/10.95 5$
 []


Underfull \hbox (badness 2980) in paragraph at lines 115--116
\T1/cmr/m/n/10.95 vs. $\OT1/cmr/m/n/10.95 63\OML/cmm/m/it/10.95 :\OT1/cmr/m/n/1
0.95 1$\T1/cmr/m/n/10.95 ). Ta-bel-le []5[] setzt dies in Be-zug zur
 []


Underfull \hbox (badness 10000) in paragraph at lines 115--116
\T1/cmr/m/n/10.95 zu-sätz-li-chen Am-pli-fi-ka-ti-on durch PTQ selbst
 []

[10]
Underfull \hbox (badness 2351) in paragraph at lines 138--139
\T1/cmr/m/n/10.95 Scha-den), wel-chen Rang $\OML/cmm/m/it/10.95 S[]$ \T1/cmr/m/
n/10.95 der Schicht mit
 []


Underfull \hbox (badness 1259) in paragraph at lines 138--139
\T1/cmr/m/n/10.95 dem tat-säch-lich gröÿ-ten Scha-den zu-weist, so-wie
 []


Underfull \hbox (badness 10000) in paragraph at lines 138--139
\T1/cmtt/m/n/10.95 weight_ablation_loss_damage_correlation.csv\T1/cmr/m/n/10.95
 ,
 []


Underfull \hbox (badness 10000) in alignment at lines 159--159
[][][][][][][][] 
 []


Underfull \hbox (badness 1515) in paragraph at lines 162--163
\T1/cmr/m/n/10.95 und ver-senkt die wah-re Top-Schicht re-gel-mä-ÿig
 []


Overfull \hbox (30.91138pt too wide) in alignment at lines 186--186
[][][][][][][][][] 
 []


Underfull \hbox (badness 2970) in paragraph at lines 191--192
[]\T1/cmr/m/n/10.95 Da die Hessian-Spur-Schätzung ein ite-ra-ti-ver
 []


Underfull \hbox (badness 10000) in paragraph at lines 191--192
\T1/cmr/m/n/10.95 Hutchinson-Hessian-Vektor-Produkt-Verfahren ist
 []


Underfull \hbox (badness 2435) in paragraph at lines 191--192
\T1/cmr/m/n/10.95 dem-sel-ben, in \T1/cmtt/m/n/10.95 trace_config.json \T1/cmr/
m/n/10.95 ein-ge-fro-re-nen
 []


Underfull \hbox (badness 10000) in paragraph at lines 191--192
\T1/cmr/m/n/10.95 Spearman-/Bootstrap-/Rang-1-/top-$\OML/cmm/m/it/10.95 k[]$\T1
/cmr/m/n/10.95 -Auswertung
 []

[11]
Underfull \hbox (badness 2865) in paragraph at lines 214--215
\T1/cmr/m/n/10.95 Kreuzentropie-Verlust mit Softmax-Ausgabe gilt
 []


Underfull \vbox (badness 1117) has occurred while \output is active []


Underfull \hbox (badness 2418) in paragraph at lines 216--217
[]\T1/cmr/m/n/10.95 Die Ge-wichts-norm al-lein ist der ein-zi-ge der
 []

<figures/fig_06_ranking_curves.pdf, id=476, 303.534pt x 245.718pt>
File: figures/fig_06_ranking_curves.pdf Graphic file (type pdf)
<use figures/fig_06_ranking_curves.pdf>
Package pdftex.def Info: figures/fig_06_ranking_curves.pdf  used on input line 
223.
(pdftex.def)             Requested size: 210.40956pt x 170.32921pt.

Underfull \hbox (badness 3417) in paragraph at lines 224--224
[]\T1/cmr/m/n/10.95 Abbildung 2: |Ku-mu-la-ti-ve Rang-Kurven: An-teil
 []


Underfull \hbox (badness 1831) in paragraph at lines 224--224
\T1/cmr/m/n/10.95 der 6 PTQ-Kombinationen, in de-nen die wah-
 []


Underfull \hbox (badness 3009) in paragraph at lines 224--224
\T1/cmr/m/n/10.95 go-na-le = Zufalls-Rang-Erwartung. Er-zeugt von
 []

[12]
<figures/fig_01_facet_plot.pdf, id=486, 505.89pt x 260.17201pt>
File: figures/fig_01_facet_plot.pdf Graphic file (type pdf)
<use figures/fig_01_facet_plot.pdf>
Package pdftex.def Info: figures/fig_01_facet_plot.pdf  used on input line 233.

(pdftex.def)             Requested size: 512.14963pt x 263.39491pt.

Underfull \hbox (badness 1642) in paragraph at lines 238--239
\T1/cmr/m/n/10.95 (Di-vi-si-on durch die Pa-ra-me-ter-zahl der Schicht)
 []


Underfull \hbox (badness 3954) in paragraph at lines 238--239
\T1/cmr/m/n/10.95 ver-bes-sert die Kor-re-la-ti-on in 5 von 6 Kom-
 []


Underfull \hbox (badness 2293) in paragraph at lines 238--239
\T1/cmr/m/n/10.95 bi-na-tio-nen, ver-schlech-tert sie aber bei ResNet-
 []


Underfull \hbox (badness 10000) in paragraph at lines 241--242
[]\T1/cmr/m/n/10.95 Tabelle []9[] zeigt die paar-wei-se Spearman-
 []


Underfull \hbox (badness 10000) in paragraph at lines 241--242
\T1/cmr/m/n/10.95 Korrelation zwi-schen den drei Score-Werten
 []


Underfull \hbox (badness 7451) in paragraph at lines 241--242
\T1/cmr/m/n/10.95 selbst (un-ab-hän-gig vom Schaden-Ziel; Quel-le:
 []


Underfull \hbox (badness 10000) in paragraph at lines 241--242
\T1/cmtt/m/n/10.95 predictor_concordance.csv\T1/cmr/m/n/10.95 ). Bei ResNet-50
 []


Underfull \hbox (badness 1215) in paragraph at lines 241--242
\T1/cmr/m/n/10.95 CI-FAR10, $\OML/cmm/m/it/10.95 ^^Z \OT1/cmr/m/n/10.95 = 0\OML
/cmm/m/it/10.95 :\OT1/cmr/m/n/10.95 83$ \T1/cmr/m/n/10.95 Image-Net100), so-das
s der
 []


Underfull \hbox (badness 10000) in paragraph at lines 246--246
[]\T1/cmr/m/n/10.95 Tabelle 9: |Paar-wei-se Spearman-$\OML/cmm/m/it/10.95 ^^Z$ 
\T1/cmr/m/n/10.95 zwi-schen den drei Score-Werten, PTQ. Quel-le:
 []

[13]
Underfull \hbox (badness 2846) in paragraph at lines 288--289
[]\T1/cmr/m/n/10.95 Verwendet man statt der ka-no-ni-schen fu-sio-
 []


Underfull \hbox (badness 4279) in paragraph at lines 288--289
\T1/cmr/m/n/10.95 nier-ten FP32-Trace die Trace-Elevation re-la-tiv
 []


Underfull \hbox (badness 4492) in paragraph at lines 288--289
\T1/cmr/m/n/10.95 zur Zu-fall-si-ni-tia-li-sie-rung aus der Random-Init-
 []


Underfull \hbox (badness 2326) in paragraph at lines 293--294
\T1/cmr/m/n/10.95 Trace über die KFAC-Faktorisierung $[]\OT1/cmr/m/n/10.95 (\OM
L/cmm/m/it/10.95 F\OT1/cmr/m/n/10.95 ) \OMS/cmsy/m/n/10.95 ^^Y
 []


Underfull \hbox (badness 1895) in paragraph at lines 293--294
[]\OT1/cmr/m/n/10.95 (\OML/cmm/m/it/10.95 A\OT1/cmr/m/n/10.95 ) \OMS/cmsy/m/n/1
0.95 ^^A []\OT1/cmr/m/n/10.95 (\OML/cmm/m/it/10.95 G\OT1/cmr/m/n/10.95 )$ \T1/c
mr/m/n/10.95 vor-her-zu-sa-gen (Ÿ[]2.4[]). Ta-bel-le []11[]
 []


Underfull \hbox (badness 1024) in paragraph at lines 313--314
\T1/cmtt/m/n/10.95 conv2\T1/cmr/m/n/10.95 , \T1/cmtt/m/n/10.95 layer1.1.conv1\T
1/cmr/m/n/10.95 ) sys-te-ma-tisch grö-ÿer als
 []


Underfull \hbox (badness 1342) in paragraph at lines 313--314
\T1/cmr/m/n/10.95 fu-er die voll-ver-bun-de-ne \T1/cmtt/m/n/10.95 fc\T1/cmr/m/n
/10.95 -Schicht von ResNet-
 []


Underfull \hbox (badness 1558) in paragraph at lines 313--314
\T1/cmr/m/n/10.95 fu-er ei-ne grund-sätz-li-che ar-chi-tek-to-ni-sche Schwä-
 []


Underfull \hbox (badness 6141) in paragraph at lines 313--314
\T1/cmr/m/n/10.95 ein-zel-ne dich-te Schich-ten ent-wi-ckelt [[]20[]] und
 []


Underfull \hbox (badness 3713) in paragraph at lines 313--314
\T1/cmr/m/n/10.95 erst spä-ter auf Fal-tungs-schich-ten er-wei-tert [[]7[]]
 []


Underfull \hbox (badness 4792) in paragraph at lines 313--314
\T1/cmr/m/n/10.95 wur-de, son-dern für einen Ska-lie-rungs-feh-ler in
 []


Underfull \hbox (badness 1320) in paragraph at lines 313--314
\T1/cmr/m/n/10.95 die-ser Im-ple-men-tie-rung der Faktor-Konstruktion.
 []


Underfull \hbox (badness 1117) in paragraph at lines 313--314
\T1/cmtt/m/n/10.95 fan_in$\OMS/cmsy/m/n/10.95 ^^A$\T1/cmtt/m/n/10.95 fan_out \T
1/cmr/m/n/10.95 ist für je-de Fal-tungs-schicht um
 []


Underfull \hbox (badness 2057) in paragraph at lines 313--314
\T1/cmr/m/n/10.95 den sel-ben Fak-tor \T1/cmtt/m/n/10.95 kh$\OMS/cmsy/m/n/10.95
 ^^A$\T1/cmtt/m/n/10.95 kw \T1/cmr/m/n/10.95 grö-ÿer als \T1/cmtt/m/n/10.95 num
el \T1/cmr/m/n/10.95 (in
 []


Underfull \hbox (badness 2903) in paragraph at lines 313--314
\T1/cmr/m/n/10.95 Ta-bel-le []12[] bzw. \T1/cmtt/m/n/10.95 spike_layer_descript
ors.csv
 []


Underfull \hbox (badness 2119) in paragraph at lines 313--314
\T1/cmr/m/n/10.95 nach-re-chen-bar, z.B. Fak-tor $\OT1/cmr/m/n/10.95 9$ \T1/cmr
/m/n/10.95 für je-de $\OT1/cmr/m/n/10.95 3 \OMS/cmsy/m/n/10.95 ^^B \OT1/cmr/m/n
/10.95 3$\T1/cmr/m/n/10.95 -
 []

[14 <./figures/fig_06_ranking_curves.pdf>]
Underfull \vbox (badness 10000) has occurred while \output is active []


Underfull \hbox (badness 10000) in paragraph at lines 318--318
[]\T1/cmr/m/n/10.95 Tabelle 12: |Struk-tu-rel-le De-skrip-to-
 []


Underfull \hbox (badness 10000) in paragraph at lines 318--318
\T1/cmr/m/n/10.95 ren der Trace-Spike-Schichten. Quel-le:
 []


Underfull \hbox (badness 10000) in paragraph at lines 326--326
[]|\T1/cmtt/m/n/9 layer1.1.
 []


Overfull \hbox (0.52113pt too wide) in paragraph at lines 320--331
 [][] 
 []


Underfull \hbox (badness 2035) in paragraph at lines 333--334
\T1/cmr/m/n/10.95 und Image-Net100 (\T1/cmtt/m/n/10.95 resolution_contrast_rati
o\T1/cmr/m/n/10.95 )
 []


Underfull \vbox (badness 5022) has occurred while \output is active []

 [15 <./figures/fig_01_facet_plot.pdf>]
Underfull \hbox (badness 10000) in paragraph at lines 340--341
[]\T1/cmr/m/n/10.95 Vergleicht man die ka-no-ni-sche, fu-sio-nier-
 []


Underfull \hbox (badness 10000) in paragraph at lines 340--341
\T1/cmr/m/n/10.95 te Hessian-Spur pro Schicht zwi-schen dem
 []


Underfull \hbox (badness 10000) in paragraph at lines 340--341
\T1/cmr/m/n/10.95 PTQ- und dem QAT-Checkpoint der-sel-ben
 []


Underfull \hbox (badness 10000) in paragraph at lines 340--341
\T1/cmr/m/n/10.95 Architektur$\OMS/cmsy/m/n/10.95 ^^B$\T1/cmr/m/n/10.95 Datensa
tz-Kombination (Quel-le:
 []


Underfull \hbox (badness 2564) in paragraph at lines 340--341
\T1/cmtt/m/n/10.95 weight_ablation_canonical_v2.csv \T1/cmr/m/n/10.95 und des-s
en
 []


Underfull \hbox (badness 1852) in paragraph at lines 340--341
\T1/cmr/m/n/10.95 Trace-Profilen ($\OML/cmm/m/it/10.95 ^^Z \OT1/cmr/m/n/10.95 =
 0\OML/cmm/m/it/10.95 :\OT1/cmr/m/n/10.95 95$\T1/cmr/m/n/10.95 --$\OT1/cmr/m/n/
10.95 1\OML/cmm/m/it/10.95 :\OT1/cmr/m/n/10.95 00$ \T1/cmr/m/n/10.95 über al-le
 sechs
 []


Underfull \hbox (badness 1205) in paragraph at lines 340--341
\T1/cmr/m/n/10.95 ge-krümmt sind, ist al-so weit-ge-hend un-ab-hän-gig
 []


Underfull \hbox (badness 1867) in paragraph at lines 340--341
\T1/cmr/m/n/10.95 dass die do-mi-nan-ten Krüm-mungs-spit-zen pri-mär
 []


Underfull \hbox (badness 4492) in paragraph at lines 342--343
[]\T1/cmr/m/n/10.95 Abbildung []4[] zeigt das QAT-Gegenstück zu
 []


Underfull \hbox (badness 3281) in paragraph at lines 342--343
\T1/cmr/m/n/10.95 Ab-bil-dung []3[] (Bootstrap-Rho und CI hier di-
 []


Underfull \hbox (badness 5388) in paragraph at lines 342--343
\T1/cmr/m/n/10.95 rekt aus den QAT-Per-Layer-Werten neu be-
 []


Underfull \hbox (badness 10000) in paragraph at lines 342--343
\T1/cmr/m/n/10.95 rech-net, da \T1/cmtt/m/n/10.95 bootstrap_ci_spearman_loss.cs
v
 []


Underfull \hbox (badness 1303) in paragraph at lines 342--343
\T1/cmr/m/n/10.95 nur PTQ ab-deckt; Me-tho-dik iden-tisch zu Ÿ[]4.4[],
 []


Underfull \hbox (badness 7362) in paragraph at lines 342--343
\T1/cmr/m/n/10.95 QAT-Score$\OMS/cmsy/m/n/10.95 ^^B$\T1/cmr/m/n/10.95 Kombinati
on-Paaren ist kei-nes bei
 []


Underfull \hbox (badness 3895) in paragraph at lines 342--343
\OML/cmm/m/it/10.95 p < \OT1/cmr/m/n/10.95 0\OML/cmm/m/it/10.95 :\OT1/cmr/m/n/1
0.95 05$ \T1/cmr/m/n/10.95 si-gni-fi-kant (kleins-ter $\OML/cmm/m/it/10.95 p$\T
1/cmr/m/n/10.95 -Wert $\OT1/cmr/m/n/10.95 0\OML/cmm/m/it/10.95 :\OT1/cmr/m/n/10
.95 10$\T1/cmr/m/n/10.95 ,
 []


Underfull \hbox (badness 10000) in paragraph at lines 342--343
\T1/cmr/m/n/10.95 cher als das ei-ne ge-nau-ig-keits-ba-sier-te QAT-
 []


Underfull \hbox (badness 6316) in paragraph at lines 342--343
\T1/cmr/m/n/10.95 Ergebnis, das im ur-spru-eng-li-chen Be-richt-s-ent-
 []


Underfull \hbox (badness 10000) in paragraph at lines 342--343
\T1/cmr/m/n/10.95 wurf no-tiert wur-de (ResNet-18/ImageNet100,
 []


Underfull \hbox (badness 10000) in paragraph at lines 342--343
\OML/cmm/m/it/10.95 S[]$\T1/cmr/m/n/10.95 , $\OML/cmm/m/it/10.95 ^^Z \OT1/cmr/m
/n/10.95 = \OMS/cmsy/m/n/10.95 ^^@\OT1/cmr/m/n/10.95 0\OML/cmm/m/it/10.95 :\OT1
/cmr/m/n/10.95 47$\T1/cmr/m/n/10.95 , $\OML/cmm/m/it/10.95 p \OT1/cmr/m/n/10.95
 = 0\OML/cmm/m/it/10.95 :\OT1/cmr/m/n/10.95 031$\T1/cmr/m/n/10.95 ; Quel-le:
 []


Overfull \hbox (8.69054pt too wide) in paragraph at lines 342--343
\T1/cmtt/m/n/10.95 weight_ablation_canonical_correlation_v2.csv\T1/cmr/m/n/10.9
5 ). 
 []

<figures/fig_03_qat_facet.pdf, id=709, 505.89pt x 260.17201pt>
File: figures/fig_03_qat_facet.pdf Graphic file (type pdf)
<use figures/fig_03_qat_facet.pdf>
Package pdftex.def Info: figures/fig_03_qat_facet.pdf  used on input line 346.
(pdftex.def)             Requested size: 512.14963pt x 263.39491pt.

Underfull \hbox (badness 5077) in paragraph at lines 347--347
[]\T1/cmr/m/n/10.95 Abbildung 4: |QAT-Gegenstueck zu Ab-bil-dung []3[]: Score-W
ert (log-Skala) vs. \T1/cmtt/m/n/10.95 abs_loss_damage\T1/cmr/m/n/10.95 ,
 []


Underfull \hbox (badness 1755) in paragraph at lines 347--347
\T1/cmr/m/n/10.95 QAT. Bootstrap-CI di-rekt aus den QAT-Werten be-rech-net ($\O
ML/cmm/m/it/10.95 B \OT1/cmr/m/n/10.95 = 2000$\T1/cmr/m/n/10.95 , Seed 42). Er-
zeugt von
 []


Underfull \hbox (badness 5592) in paragraph at lines 356--357
\T1/cmr/m/n/10.95 Die Ker-n-ana-ly-se (Ÿ[]5.6[]) rankt Schich-ten nach
 []

<figures/fig_04_signed_damage.pdf, id=716, 505.89pt x 260.17201pt>
File: figures/fig_04_signed_damage.pdf Graphic file (type pdf)
<use figures/fig_04_signed_damage.pdf>
Package pdftex.def Info: figures/fig_04_signed_damage.pdf  used on input line 3
60.
(pdftex.def)             Requested size: 512.14963pt x 263.39491pt.

Underfull \hbox (badness 7981) in paragraph at lines 365--366
[]\T1/cmr/m/n/10.95 Unter PTQ ist der Vor-zei-chen-wech-sel sel-
 []


Underfull \hbox (badness 2134) in paragraph at lines 365--366
\T1/cmr/m/n/10.95 ten, aber nicht ver-nach-läs-sig-bar. Von den 162
 []


Underfull \hbox (badness 2237) in paragraph at lines 365--366
\T1/cmr/m/n/10.95 sind 49 ($\OT1/cmr/m/n/10.95 30 %$\T1/cmr/m/n/10.95 ) ne-ga-t
iv, das heiÿt, die iso-lier-
 []


Underfull \hbox (badness 5741) in paragraph at lines 370--371
\T1/cmr/m/n/10.95 Beschleunigung (INT8 re-la-tiv zu FP32, über
 []


Underfull \hbox (badness 7796) in paragraph at lines 370--371
\T1/cmr/m/n/10.95 ei-ne Rei-he von Batch-Gröÿen ge-mit-telt) auf
 []


Underfull \hbox (badness 6592) in paragraph at lines 370--371
\T1/cmr/m/n/10.95 (\T1/cmtt/m/n/10.95 int8_weight_only\T1/cmr/m/n/10.95 ) und d
ie dy-na-mi-sche Ak-
 []


Underfull \hbox (badness 10000) in paragraph at lines 370--371
\T1/cmr/m/n/10.95 ti-vie-rungs-quan-ti-sie-rung (\T1/cmtt/m/n/10.95 int8_dynami
c_act\T1/cmr/m/n/10.95 ).
 []


Underfull \hbox (badness 5592) in paragraph at lines 370--371
\T1/cmr/m/n/10.95 Kom-bi-na-tio-nen und bei-de Quan-ti-sie-rungs-stu-fen
 []


Underfull \hbox (badness 5726) in paragraph at lines 370--371
\T1/cmr/m/n/10.95 (PTQ/QAT-Checkpoint als Aus-gangs-punkt der
 []


Underfull \hbox (badness 10000) in paragraph at lines 370--371
\T1/cmr/m/n/10.95 Deployment-Konvertierung) einen voll-stän-di-gen
 []


Underfull \hbox (badness 3514) in paragraph at lines 391--392
[]\T1/cmr/m/n/10.95 Die dy-na-mi-sche Ak-ti-vie-rungs-quan-ti-sie-rung ist
 []


Underfull \hbox (badness 5533) in paragraph at lines 391--392
\T1/cmr/m/n/10.95 men-tiert. tor-chao 0.17s Standard-Filterfunktion
 []


Underfull \hbox (badness 10000) in paragraph at lines 391--392
\T1/cmr/m/n/10.95 für \T1/cmtt/m/n/10.95 Int8DynamicActivationInt8WeightConfig
 []


Underfull \hbox (badness 10000) in paragraph at lines 391--392
\T1/cmr/m/n/10.95 er-fasst aus-schlieÿ-lich \T1/cmtt/m/n/10.95 nn.Linear\T1/cmr
/m/n/10.95 -Schichten
 []


Underfull \hbox (badness 10000) in paragraph at lines 391--392
\T1/cmr/m/n/10.95 (\T1/cmtt/m/n/10.95 aten.linear\T1/cmr/m/n/10.95 /\T1/cmtt/m/
n/10.95 aten.mm\T1/cmr/m/n/10.95 ), nicht \T1/cmtt/m/n/10.95 aten.conv2d\T1/cmr
/m/n/10.95 ;
 []


Underfull \hbox (badness 10000) in paragraph at lines 391--392
\T1/cmr/m/n/10.95 die ein-zi-ge Conv2d-faehige Kon-fi-gu-ra-ti-on,
 []


Underfull \hbox (badness 10000) in paragraph at lines 391--392
\T1/cmtt/m/n/10.95 IntxWeightOnlyConfig\T1/cmr/m/n/10.95 , de-quan-ti-siert bei
 je-
 []


Underfull \hbox (badness 4441) in paragraph at lines 391--392
\T1/cmr/m/n/10.95 dem Vor-wärts-durch-lauf zu-rück auf FP32 und
 []


Underfull \hbox (badness 6032) in paragraph at lines 391--392
\T1/cmr/m/n/10.95 führt ei-ne ge-wöhn-li-che FP32-Faltung aus. In
 []


Underfull \hbox (badness 10000) in paragraph at lines 391--392
\T1/cmr/m/n/10.95 ti-mier-ter INT8-Faltungskernel. Der mo-de-ra-te
 []


Underfull \hbox (badness 10000) in paragraph at lines 391--392
\T1/cmr/m/n/10.95 Ge-schwin-dig-keits-ge-winn von \T1/cmtt/m/n/10.95 int8_weigh
t_only
 []


Underfull \hbox (badness 10000) in paragraph at lines 391--392
\T1/cmr/m/n/10.95 Aktivierungs-Quantisierungskosten der dy-na-mi-
 []

[16]
Underfull \hbox (badness 10000) in paragraph at lines 394--395
[]\T1/cmr/m/n/10.95 Das \T1/cmtt/m/n/10.95 fbgemm\T1/cmr/m/n/10.95 -Backend von
 Py-Torchs eager-
 []


Underfull \hbox (badness 7133) in paragraph at lines 394--395
\T1/cmr/m/n/10.95 mode-PTQ im-ple-men-tiert, im Ge-gen-satz zum
 []


Underfull \hbox (badness 3849) in paragraph at lines 394--395
\T1/cmr/m/n/10.95 Linear-Kernel für x86-Hardware mit AVX-512-
 []


Underfull \hbox (badness 3271) in paragraph at lines 394--395
\T1/cmr/m/n/10.95 16 Threads). Schich-ten wer-den in quan-ti-sier-te
 []


Underfull \hbox (badness 3907) in paragraph at lines 394--395
\T1/cmr/m/n/10.95 den voll-stän-di-gen Batch-Gröÿen-Sweep für al-le
 []


Underfull \hbox (badness 4001) in paragraph at lines 394--395
\T1/cmr/m/n/10.95 (Quel-le: \T1/cmtt/m/n/10.95 fbgemm_summary.csv\T1/cmr/m/n/10
.95 ). An-ders als der
 []


Underfull \hbox (badness 7613) in paragraph at lines 394--395
\T1/cmr/m/n/10.95 torchao-GPU-Pfad rea-li-siert \T1/cmtt/m/n/10.95 fbgemm \T1/c
mr/m/n/10.95 auf je-der
 []


Underfull \hbox (badness 5817) in paragraph at lines 394--395
\T1/cmr/m/n/10.95 Kombination einen Durch-satz-ge-winn ge-gen-über
 []


Underfull \hbox (badness 1014) in paragraph at lines 394--395
\T1/cmr/m/n/10.95 FP32 ($\OT1/cmr/m/n/10.95 1\OML/cmm/m/it/10.95 :\OT1/cmr/m/n/
10.95 5\OMS/cmsy/m/n/10.95 ^^B$ \T1/cmr/m/n/10.95 bis $\OT1/cmr/m/n/10.95 6\OML
/cmm/m/it/10.95 :\OT1/cmr/m/n/10.95 0\OMS/cmsy/m/n/10.95 ^^B$\T1/cmr/m/n/10.95 
), bei ei-nem Ge-nau-ig-keits-
 []


Underfull \vbox (badness 10000) has occurred while \output is active []

 [17 <./figures/fig_03_qat_facet.pdf>]
Underfull \hbox (badness 6808) in paragraph at lines 419--419
[]\T1/cmr/m/n/10.95 Tabelle 15: |\T1/cmtt/m/n/10.95 fbgemm\T1/cmr/m/n/10.95 -CP
U: Ge-nau-ig-keit und Mo-dell-gro-e-ÿe, INT8 vs. FP32, CI-FAR10. Quel-le:
 []


Underfull \hbox (badness 10000) in alignment at lines 432--432
[][][][][] 
 []


Underfull \hbox (badness 10000) in paragraph at lines 435--436
[]\T1/cmtt/m/n/10.95 fbgemm \T1/cmr/m/n/10.95 quan-ti-siert auf ech-te INT8-
 []


Underfull \hbox (badness 4108) in paragraph at lines 435--436
\T1/cmr/m/n/10.95 Ganzzahlarithmetik und der ge-mes-se-ne Vor-teil
 []


Underfull \hbox (badness 1331) in paragraph at lines 435--436
\T1/cmr/m/n/10.95 zu-zu-schrei-ben. Er ist aber kein Test des PoT-
 []


Underfull \hbox (badness 4647) in paragraph at lines 435--436
\T1/cmr/m/n/10.95 spezifischen Bitshift-Vorteils aus Ÿ[]2.1[]. \T1/cmtt/m/n/10.
95 fbgemm\T1/cmr/m/n/10.95 s
 []


Underfull \hbox (badness 2111) in paragraph at lines 435--436
\T1/cmr/m/n/10.95 Bitshift-Schema, und ein na-ti-ves PoT-/Bitshift-
 []


Underfull \hbox (badness 4899) in paragraph at lines 435--436
\T1/cmr/m/n/10.95 Hardware-Plattformen. Der Vor-teil ei-ner PoT-
 []


Underfull \hbox (badness 10000) in paragraph at lines 435--436
\T1/cmr/m/n/10.95 spezifischen Bitshift-Implementierung ge-gen-über
 []


Underfull \hbox (badness 5175) in paragraph at lines 441--442
\T1/cmr/m/n/10.95 Kom-bi-na-tio-nen ei-ne un-ab-hän-gi-ge FPS-Messung
 []


Underfull \hbox (badness 10000) in paragraph at lines 441--442
\T1/cmr/m/n/10.95 optimierten Ker-nel (Quel-le: \T1/cmtt/m/n/10.95 ptq_summary.
csv\T1/cmr/m/n/10.95 ,
 []


Underfull \hbox (badness 10000) in paragraph at lines 462--462
[]\T1/cmr/bx/n/12 Accuracy-vs-Loss-Robustheits-
 []


Underfull \hbox (badness 10000) in paragraph at lines 465--466
\T1/cmr/m/n/10.95 wie-der-holt (\T1/cmtt/m/n/10.95 weight_ablation_canonical_v2
.csv
 []


Underfull \hbox (badness 10000) in paragraph at lines 465--466
\T1/cmr/m/n/10.95 und des-sen ImageNet100-Variante,
 []


Overfull \hbox (8.69054pt too wide) in paragraph at lines 465--466
\T1/cmtt/m/n/10.95 weight_ablation_canonical_correlation_v2.csv\T1/cmr/m/n/10.9
5 ).
 []


Underfull \hbox (badness 10000) in paragraph at lines 468--469
[]\T1/cmr/m/n/10.95 Was sich ver-schiebt, ist die Signifikanz-
 []


Underfull \hbox (badness 10000) in paragraph at lines 468--469
\T1/cmr/m/n/10.95 Zusammensetzung. Un-ter ge-nau-ig-keits-ba-sier-
 []


Underfull \hbox (badness 1755) in paragraph at lines 468--469
\T1/cmr/m/n/10.95 tem Scha-den sind 3 von 18 Kor-re-la-tio-nen bei
 []


Underfull \hbox (badness 4699) in paragraph at lines 468--469
\T1/cmr/m/n/10.95 50/ImageNet100 $\OML/cmm/m/it/10.95 S[]$\T1/cmr/m/n/10.95 , \
T1/cmtt/m/n/10.95 cnn\T1/cmr/m/n/10.95 /ImageNet100 $\OML/cmm/m/it/10.95 S[]$\T
1/cmr/m/n/10.95 ),
 []


Underfull \hbox (badness 3895) in paragraph at lines 468--469
\T1/cmr/m/n/10.95 Dass mehr Kor-re-la-tio-nen un-ter dem Loss-Ziel
 []


Underfull \hbox (badness 1320) in paragraph at lines 471--472
\T1/cmr/m/n/10.95 bar, in-dem sie für al-le 18 Score$\OMS/cmsy/m/n/10.95 ^^B$\T
1/cmr/m/n/10.95 Kombination-
 []

[18 <./figures/fig_04_signed_damage.pdf>]
<figures/fig_05_acc_loss_comparison.pdf, id=957, 289.08pt x 289.08pt>
File: figures/fig_05_acc_loss_comparison.pdf Graphic file (type pdf)
<use figures/fig_05_acc_loss_comparison.pdf>
Package pdftex.def Info: figures/fig_05_acc_loss_comparison.pdf  used on input 
line 475.
(pdftex.def)             Requested size: 210.40956pt x 210.40909pt.

Underfull \hbox (badness 10000) in paragraph at lines 476--476
[]\T1/cmr/m/n/10.95 Abbildung 6: |Spearman-$\OML/cmm/m/it/10.95 ^^Z$ \T1/cmr/m/
n/10.95 je der 18
 []


Underfull \hbox (badness 5622) in paragraph at lines 476--476
\T1/cmr/m/n/10.95 Score$\OMS/cmsy/m/n/10.95 ^^B$\T1/cmr/m/n/10.95 Kombination-P
aare, loss-basiert (x-Achse,
 []


Underfull \hbox (badness 2653) in paragraph at lines 476--476
\T1/cmr/m/n/10.95 Ÿ[]5.6[]) ge-gen ge-nau-ig-keits-ba-siert (y-Achse, die-ser
 []

) (./sections/06_discussion.tex
Underfull \hbox (badness 5274) in paragraph at lines 7--8
\T1/cmr/m/n/10.95 Die Taylor-Motivation hin-ter dem HAWQ-V2-
 []


Underfull \vbox (badness 10000) has occurred while \output is active []

 [19 <./figures/fig_05_acc_loss_comparison.pdf>]
Underfull \hbox (badness 6316) in paragraph at lines 13--14
\T1/cmr/m/n/10.95 Pro-dukt funk-tio-niert nur dann als sinn-vol-ler
 []


Underfull \hbox (badness 1789) in paragraph at lines 15--15
[]\T1/cmr/bx/n/12 Konfigurations-Sensitivität als me-
 []

[20]
Underfull \hbox (badness 6300) in paragraph at lines 33--33
[]\T1/cmr/bx/n/12 Deployment-Realität vs. theo-re-ti-
 []


Underfull \hbox (badness 2376) in paragraph at lines 36--37
\T1/cmr/m/n/10.95 ist ei-ne Ei-gen-schaft der Arith-me-tik und nicht
 []


Underfull \hbox (badness 2990) in paragraph at lines 36--37
\T1/cmr/m/n/10.95 au-to-ma-tisch ei-ne Ei-gen-schaft je-der ver-füg-ba-ren
 []


Underfull \hbox (badness 10000) in paragraph at lines 36--37
\T1/cmr/m/n/10.95 Ergebnisse (Ÿ[]5.11[]) zei-gen die-sen Un-ter-schied
 []


Underfull \hbox (badness 10000) in paragraph at lines 36--37
\T1/cmr/m/n/10.95 deut-lich. Auf ei-ner Standard-Rechenzentrums-
 []


Underfull \hbox (badness 1173) in paragraph at lines 36--37
\T1/cmr/m/n/10.95 GPU (A100) mit ei-nem ak-tu-el-len, aber in sei-
 []


Underfull \hbox (badness 10000) in paragraph at lines 36--37
\T1/cmr/m/n/10.95 ner Faltungs-Kernel-Abdeckung ein-ge-schränk-ten
 []


Underfull \hbox (badness 2932) in paragraph at lines 36--37
\T1/cmr/m/n/10.95 Quantisierungs-Framework (tor-chao 0.17) bringt
 []


Underfull \hbox (badness 4726) in paragraph at lines 36--37
\T1/cmr/m/n/10.95 INT8-Hardware-Unterstützung (AVX-512 VN-NI)
 []


Underfull \hbox (badness 10000) in paragraph at lines 36--37
\T1/cmr/m/n/10.95 Faltungs-Kernel im-ple-men-tiert (fbgemm), wird
 []


Underfull \hbox (badness 6675) in paragraph at lines 36--37
\T1/cmr/m/n/10.95 da-ge-gen ein rea-ler Durch-satz-ge-winn ge-mes-sen
 []


Underfull \hbox (badness 1701) in paragraph at lines 36--37
\T1/cmr/m/n/10.95 ($\OT1/cmr/m/n/10.95 1\OML/cmm/m/it/10.95 :\OT1/cmr/m/n/10.95
 5$\T1/cmr/m/n/10.95 --$\OT1/cmr/m/n/10.95 6\OML/cmm/m/it/10.95 :\OT1/cmr/m/n/1
0.95 0\OMS/cmsy/m/n/10.95 ^^B$\T1/cmr/m/n/10.95 , CI-FAR10, Ta-bel-le []14[]). 
Fbgemm be-
 []


Underfull \hbox (badness 3568) in paragraph at lines 36--37
\T1/cmr/m/n/10.95 den PoT-spezifischen Bits-hift. Der theo-re-ti-sche
 []


Underfull \hbox (badness 4060) in paragraph at lines 45--46
[]\T1/cmr/bx/n/10.95 Ein Trainings-Seed pro Kom-bi-na-ti-on:
 []


Underfull \hbox (badness 1127) in paragraph at lines 45--46
\T1/cmr/m/n/10.95 Seeds ge-mit-telt. Die Cross-Seed-Varianz der
 []


Underfull \hbox (badness 10000) in paragraph at lines 45--46
\T1/cmr/m/n/10.95 Top-Damage-Layer-Identifikation ist da-her
 []


Underfull \hbox (badness 1924) in paragraph at lines 45--46
\T1/cmr/m/n/10.95 nicht cha-rak-te-ri-siert; ein-zel-ne Schicht-Ränge
 []


Underfull \hbox (badness 1681) in paragraph at lines 45--46
\T1/cmr/m/n/10.95 der $\OML/cmm/m/it/10.95 S[]$\T1/cmr/m/n/10.95 -vs-$\OML/cmm/
m/it/10.95 S[]$\T1/cmr/m/n/10.95 -Vergleich und die top-$\OML/cmm/m/it/10.95 k[
]$\T1/cmr/m/n/10.95 -
 []


Underfull \hbox (badness 10000) in paragraph at lines 51--52
\T1/cmr/m/n/10.95 V2-Produkt spe-zi-fisch durch PoT-Grid-
 []


Underfull \hbox (badness 1675) in paragraph at lines 53--54
\T1/cmr/m/n/10.95 zier-ter zu in-ter-pre-tie-ren, da iso-lier-te QAT-
 []


Underfull \hbox (badness 10000) in paragraph at lines 57--58
[]\T1/cmr/bx/n/10.95 ImageNet100-Aufloesungskontrast für
 []


Underfull \hbox (badness 1708) in paragraph at lines 57--58
\T1/cmr/bx/n/10.95 Pha-se 6 nicht aus-wert-bar: \T1/cmr/m/n/10.95 Der für ei-
 []


Underfull \hbox (badness 7151) in paragraph at lines 57--58
\T1/cmr/m/n/10.95 ne Dis-kri-mi-nie-rung der KFAC-Hypothesen
 []


Underfull \hbox (badness 10000) in paragraph at lines 57--58
\T1/cmr/m/n/10.95 (\T1/cmtt/m/n/10.95 resolution_contrast_ratio\T1/cmr/m/n/10.9
5 ) ist in den
 []


Underfull \hbox (badness 4120) in paragraph at lines 59--60
[]\T1/cmr/bx/n/10.95 fbgemm-CPU-Pfad nur auf CI-FAR10
 []


Underfull \hbox (badness 10000) in paragraph at lines 59--60
\T1/cmr/bx/n/10.95 ge-mes-sen: \T1/cmr/m/n/10.95 Der voll-stän-di-ge Durchsatz-

 []


Underfull \hbox (badness 10000) in paragraph at lines 59--60
\T1/cmr/m/n/10.95 /Genauigkeits-Sweep (Ÿ[]5.11[], Ta-bel-le []14[])
 []

[21]) (./sections/07_conclusion.tex
Underfull \hbox (badness 2529) in paragraph at lines 65--1
\T1/cmr/m/n/10.95 gemischt-präzise Quan-ti-sie-rungs-sche-ma-ta ge-tes-tet
 []


Underfull \hbox (badness 2799) in paragraph at lines 65--1
\T1/cmr/m/n/10.95 Drit-tens ist ei-ne Aus-wei-tung auf Transformer-
 []


Underfull \hbox (badness 3058) in paragraph at lines 4--5
\T1/cmr/m/n/10.95 Schich-ten ei-nes CNN un-ter der Power-of-Two-
 []

) [22]
Underfull \hbox (badness 1708) in paragraph at lines 51--51
[]\T1/cmr/m/n/10.95 Zhen Dong u.a. ^^R  HA-WQ: Hes-si-an AWa-re
 []


Underfull \hbox (badness 4181) in paragraph at lines 51--51
[]\T1/cmr/m/n/10.95 Mahmoud El-ge-ne-dy. \T1/cmr/m/it/10.95 Power-of-Two (PoT)
 []


Underfull \hbox (badness 10000) in paragraph at lines 51--51
[]\T1/cmr/m/n/10.95 Roger Gros-se und Ja-mes Mar-tens. ^^R  A
 []

[23]
Underfull \hbox (badness 1365) in paragraph at lines 51--51
[]\T1/cmr/m/n/10.95 Levent Sa-gun u.a. ^^R  Em-pi-ri-cal Ana-ly-sis of
 []

[24

] (./main.aux)
 ***********
LaTeX2e <2025-11-01>
L3 programming layer <2026-01-19>
 ***********
Package rerunfilecheck Info: File `main.out' has not changed.
(rerunfilecheck)             Checksum: 406D1F7A86036CD4F2CAE8CB3EC08CE6;8096.
Package logreq Info: Writing requests to 'main.run.xml'.
\openout1 = `main.run.xml'.

 ) 
Here is how much of TeX's memory you used:
 26973 strings out of 469462
 520810 string characters out of 5468615
 1375484 words of memory out of 5000000
 55207 multiletter control sequences out of 15000+600000
 651982 words of font info for 104 fonts, out of 8000000 for 9000
 16 hyphenation exceptions out of 8191
 75i,11n,79p,3482b,2371s stack positions out of 10000i,1000n,20000p,200000b,200000s
</usr/share/texmf-dist/fonts/type1/public/amsfonts/cm/cmbx10.pfb></usr/share/
texmf-dist/fonts/type1/public/amsfonts/cm/cmex10.pfb></usr/share/texmf-dist/fon
ts/type1/public/amsfonts/cm/cmmi10.pfb></usr/share/texmf-dist/fonts/type1/publi
c/amsfonts/cm/cmmi6.pfb></usr/share/texmf-dist/fonts/type1/public/amsfonts/cm/c
mmi8.pfb></usr/share/texmf-dist/fonts/type1/public/amsfonts/cm/cmmi9.pfb></usr/
share/texmf-dist/fonts/type1/public/amsfonts/cm/cmr10.pfb></usr/share/texmf-dis
t/fonts/type1/public/amsfonts/cm/cmr7.pfb></usr/share/texmf-dist/fonts/type1/pu
blic/amsfonts/cm/cmr8.pfb></usr/share/texmf-dist/fonts/type1/public/amsfonts/cm
/cmr9.pfb></usr/share/texmf-dist/fonts/type1/public/amsfonts/cm/cmsy10.pfb></us
r/share/texmf-dist/fonts/type1/public/amsfonts/cm/cmsy6.pfb></usr/share/texmf-d
ist/fonts/type1/public/amsfonts/cm/cmsy7.pfb></usr/share/texmf-dist/fonts/type1
/public/amsfonts/cm/cmsy8.pfb></usr/share/texmf-dist/fonts/type1/public/amsfont
s/symbols/msbm10.pfb></usr/share/texmf-dist/fonts/type1/public/cm-super/sfbx100
0.pfb></usr/share/texmf-dist/fonts/type1/public/cm-super/sfbx1095.pfb></usr/sha
re/texmf-dist/fonts/type1/public/cm-super/sfbx1200.pfb></usr/share/texmf-dist/f
onts/type1/public/cm-super/sfbx1440.pfb></usr/share/texmf-dist/fonts/type1/publ
ic/cm-super/sfbx1728.pfb></usr/share/texmf-dist/fonts/type1/public/cm-super/sfc
c1095.pfb></usr/share/texmf-dist/fonts/type1/public/cm-super/sfrm0800.pfb></usr
/share/texmf-dist/fonts/type1/public/cm-super/sfrm0900.pfb></usr/share/texmf-di
st/fonts/type1/public/cm-super/sfrm1000.pfb></usr/share/texmf-dist/fonts/type1/
public/cm-super/sfrm1095.pfb></usr/share/texmf-dist/fonts/type1/public/cm-super
/sfrm1200.pfb></usr/share/texmf-dist/fonts/type1/public/cm-super/sfti1095.pfb><
/usr/share/texmf-dist/fonts/type1/public/cm-super/sftt0900.pfb></usr/share/texm
f-dist/fonts/type1/public/cm-super/sftt1000.pfb></usr/share/texmf-dist/fonts/ty
pe1/public/cm-super/sftt1095.pfb>
Output written on main.pdf (24 pages, 795611 bytes).
PDF statistics:
 1291 PDF objects out of 1440 (max. 8388607)
 766 compressed objects within 8 object streams
 129 named destinations out of 1000 (max. 500000)
 359 words of extra memory for PDF output out of 10000 (max. 10000000)

